Archive member included to satisfy reference by file (symbol)

/Users/atrio/Documents/MATLAB/SupportPackages/R2020a_1/3P.instrset/cmsis.instrset/CMSIS/RTOS/RTX/LIB/GCC/libRTX_CM4.a(rt_cmsis.o)
                              RTX_Conf_CM.o (osKernelInitialize)
/Users/atrio/Documents/MATLAB/SupportPackages/R2020a_1/3P.instrset/cmsis.instrset/CMSIS/RTOS/RTX/LIB/GCC/libRTX_CM4.a(hal_cm.o)
                              /Users/atrio/Documents/MATLAB/SupportPackages/R2020a_1/3P.instrset/cmsis.instrset/CMSIS/RTOS/RTX/LIB/GCC/libRTX_CM4.a(rt_cmsis.o) (rt_ret_val)
/Users/atrio/Documents/MATLAB/SupportPackages/R2020a_1/3P.instrset/cmsis.instrset/CMSIS/RTOS/RTX/LIB/GCC/libRTX_CM4.a(rt_memory.o)
                              /Users/atrio/Documents/MATLAB/SupportPackages/R2020a_1/3P.instrset/cmsis.instrset/CMSIS/RTOS/RTX/LIB/GCC/libRTX_CM4.a(rt_cmsis.o) (rt_init_mem)
/Users/atrio/Documents/MATLAB/SupportPackages/R2020a_1/3P.instrset/cmsis.instrset/CMSIS/RTOS/RTX/LIB/GCC/libRTX_CM4.a(rt_membox.o)
                              /Users/atrio/Documents/MATLAB/SupportPackages/R2020a_1/3P.instrset/cmsis.instrset/CMSIS/RTOS/RTX/LIB/GCC/libRTX_CM4.a(rt_cmsis.o) (_init_box)
/Users/atrio/Documents/MATLAB/SupportPackages/R2020a_1/3P.instrset/cmsis.instrset/CMSIS/RTOS/RTX/LIB/GCC/libRTX_CM4.a(rt_mutex.o)
                              /Users/atrio/Documents/MATLAB/SupportPackages/R2020a_1/3P.instrset/cmsis.instrset/CMSIS/RTOS/RTX/LIB/GCC/libRTX_CM4.a(rt_cmsis.o) (rt_mut_init)
/Users/atrio/Documents/MATLAB/SupportPackages/R2020a_1/3P.instrset/cmsis.instrset/CMSIS/RTOS/RTX/LIB/GCC/libRTX_CM4.a(rt_time.o)
                              /Users/atrio/Documents/MATLAB/SupportPackages/R2020a_1/3P.instrset/cmsis.instrset/CMSIS/RTOS/RTX/LIB/GCC/libRTX_CM4.a(rt_cmsis.o) (os_time)
/Users/atrio/Documents/MATLAB/SupportPackages/R2020a_1/3P.instrset/cmsis.instrset/CMSIS/RTOS/RTX/LIB/GCC/libRTX_CM4.a(rt_semaphore.o)
                              /Users/atrio/Documents/MATLAB/SupportPackages/R2020a_1/3P.instrset/cmsis.instrset/CMSIS/RTOS/RTX/LIB/GCC/libRTX_CM4.a(rt_cmsis.o) (rt_sem_init)
/Users/atrio/Documents/MATLAB/SupportPackages/R2020a_1/3P.instrset/cmsis.instrset/CMSIS/RTOS/RTX/LIB/GCC/libRTX_CM4.a(rt_mailbox.o)
                              /Users/atrio/Documents/MATLAB/SupportPackages/R2020a_1/3P.instrset/cmsis.instrset/CMSIS/RTOS/RTX/LIB/GCC/libRTX_CM4.a(rt_cmsis.o) (rt_mbx_init)
/Users/atrio/Documents/MATLAB/SupportPackages/R2020a_1/3P.instrset/cmsis.instrset/CMSIS/RTOS/RTX/LIB/GCC/libRTX_CM4.a(rt_list.o)
                              /Users/atrio/Documents/MATLAB/SupportPackages/R2020a_1/3P.instrset/cmsis.instrset/CMSIS/RTOS/RTX/LIB/GCC/libRTX_CM4.a(rt_cmsis.o) (rt_put_prio)
/Users/atrio/Documents/MATLAB/SupportPackages/R2020a_1/3P.instrset/cmsis.instrset/CMSIS/RTOS/RTX/LIB/GCC/libRTX_CM4.a(rt_event.o)
                              /Users/atrio/Documents/MATLAB/SupportPackages/R2020a_1/3P.instrset/cmsis.instrset/CMSIS/RTOS/RTX/LIB/GCC/libRTX_CM4.a(rt_cmsis.o) (rt_evt_wait)
/Users/atrio/Documents/MATLAB/SupportPackages/R2020a_1/3P.instrset/cmsis.instrset/CMSIS/RTOS/RTX/LIB/GCC/libRTX_CM4.a(rt_system.o)
                              /Users/atrio/Documents/MATLAB/SupportPackages/R2020a_1/3P.instrset/cmsis.instrset/CMSIS/RTOS/RTX/LIB/GCC/libRTX_CM4.a(rt_cmsis.o) (rt_suspend)
/Users/atrio/Documents/MATLAB/SupportPackages/R2020a_1/3P.instrset/cmsis.instrset/CMSIS/RTOS/RTX/LIB/GCC/libRTX_CM4.a(rt_task.o)
                              /Users/atrio/Documents/MATLAB/SupportPackages/R2020a_1/3P.instrset/cmsis.instrset/CMSIS/RTOS/RTX/LIB/GCC/libRTX_CM4.a(rt_system.o) (rt_switch_req)
/Users/atrio/Documents/MATLAB/SupportPackages/R2020a_1/3P.instrset/cmsis.instrset/CMSIS/RTOS/RTX/LIB/GCC/libRTX_CM4.a(hal_cm4.o)
                              /Users/atrio/Documents/MATLAB/SupportPackages/R2020a_1/3P.instrset/cmsis.instrset/CMSIS/RTOS/RTX/LIB/GCC/libRTX_CM4.a(rt_task.o) (rt_get_PSP)
/Users/atrio/Documents/MATLAB/SupportPackages/R2020a_1/3P.instrset/cmsis.instrset/CMSIS/RTOS/RTX/LIB/GCC/libRTX_CM4.a(svc_table.o)
                              /Users/atrio/Documents/MATLAB/SupportPackages/R2020a_1/3P.instrset/cmsis.instrset/CMSIS/RTOS/RTX/LIB/GCC/libRTX_CM4.a(hal_cm4.o) (SVC_Table)
/Users/atrio/Documents/MATLAB/SupportPackages/R2020a_1/3P.instrset/cmsis.instrset/CMSIS/RTOS/RTX/LIB/GCC/libRTX_CM4.a(rt_robin.o)
                              /Users/atrio/Documents/MATLAB/SupportPackages/R2020a_1/3P.instrset/cmsis.instrset/CMSIS/RTOS/RTX/LIB/GCC/libRTX_CM4.a(rt_system.o) (os_robin)
/Users/atrio/Documents/MATLAB/SupportPackages/R2020a_1/toolbox/target/supportpackages/freedomk64f/src/ksdk_armgcc_lib/bm/libksdk_platform.a(fsl_os_abstraction_bm.o)
                              hardware_init.o (OSA_Init)
/Users/atrio/Documents/MATLAB/SupportPackages/R2020a_1/toolbox/target/supportpackages/freedomk64f/src/ksdk_armgcc_lib/bm/libksdk_platform.a(fsl_clock_manager.o)
                              board.o (CLOCK_SYS_OscInit)
[...]
Memory Configuration

Name             Origin             Length             Attributes
m_interrupts     0x0000000000000000 0x0000000000000400 xr
m_flash_config   0x0000000000000400 0x0000000000000010 xr
m_text           0x0000000000000410 0x00000000000ffbf0 xr
m_data_2         0x000000001fff0000 0x0000000000010000 rw
m_data           0x0000000020000000 0x0000000000030000 rw
*default*        0x0000000000000000 0xffffffffffffffff

Linker script and memory map

LOAD /Users/atrio/Documents/MATLAB/SupportPackages/R2020a_1/3P.instrset/gnuarm-armcortex.instrset/maci64/gcc-arm-none-eabi-7-2017-q4-major/bin/../lib/gcc/arm-none-eabi/7.2.1/thumb/v7e-m/fpv4-sp/hard/crti.o
LOAD /Users/atrio/Documents/MATLAB/SupportPackages/R2020a_1/3P.instrset/gnuarm-armcortex.instrset/maci64/gcc-arm-none-eabi-7-2017-q4-major/bin/../lib/gcc/arm-none-eabi/7.2.1/thumb/v7e-m/fpv4-sp/hard/crtbegin.o
LOAD /Users/atrio/Documents/MATLAB/SupportPackages/R2020a_1/3P.instrset/gnuarm-armcortex.instrset/maci64/gcc-arm-none-eabi-7-2017-q4-major/bin/../lib/gcc/arm-none-eabi/7.2.1/../../../../arm-none-eabi/lib/thumb/v7e-m/fpv4-sp/hard/crt0.o
LOAD MW_digitalIO.o
LOAD RTX_Conf_CM.o
LOAD board.o
LOAD cmsis_rtos_init.o
LOAD ert_main.o
LOAD fsl_edma_irq.o
LOAD fsl_misc_utilities.o
LOAD fsl_uart_irq.o
LOAD hardware_init.o
LOAD irq_stub.o
LOAD led_model.o
LOAD led_model_data.o
LOAD mw_sdk_interface.o
LOAD mw_semaphore.o
LOAD mw_signal.o
LOAD mw_thread.o
LOAD mw_timer.o
LOAD pin_mux.o
LOAD sbrk.o
LOAD startup.o
LOAD startup_MK64F12.o
LOAD system_MK64F12.o
LOAD /Users/atrio/Documents/MATLAB/SupportPackages/R2020a_1/3P.instrset/cmsis.instrset/CMSIS/Lib/GCC/libarm_cortexM4lf_math.a
LOAD /Users/atrio/Documents/MATLAB/SupportPackages/R2020a_1/3P.instrset/cmsis.instrset/CMSIS/RTOS/RTX/LIB/GCC/libRTX_CM4.a
LOAD /Users/atrio/Documents/MATLAB/SupportPackages/R2020a_1/toolbox/target/supportpackages/freedomk64f/src/ksdk_armgcc_lib/bm/libksdk_platform.a
LOAD /Users/atrio/Documents/MATLAB/SupportPackages/R2020a_1/3P.instrset/gnuarm-armcortex.instrset/maci64/gcc-arm-none-eabi-7-2017-q4-major/bin/../lib/gcc/arm-none-eabi/7.2.1/../../../../arm-none-eabi/lib/thumb/v7e-m/fpv4-sp/hard/libstdc++.a
LOAD /Users/atrio/Documents/MATLAB/SupportPackages/R2020a_1/3P.instrset/gnuarm-armcortex.instrset/maci64/gcc-arm-none-eabi-7-2017-q4-major/bin/../lib/gcc/arm-none-eabi/7.2.1/../../../../arm-none-eabi/lib/thumb/v7e-m/fpv4-sp/hard/libm.a
START GROUP
LOAD /Users/atrio/Documents/MATLAB/SupportPackages/R2020a_1/3P.instrset/gnuarm-armcortex.instrset/maci64/gcc-arm-none-eabi-7-2017-q4-major/bin/../lib/gcc/arm-none-eabi/7.2.1/thumb/v7e-m/fpv4-sp/hard/libgcc.a
LOAD /Users/atrio/Documents/MATLAB/SupportPackages/R2020a_1/3P.instrset/gnuarm-armcortex.instrset/maci64/gcc-arm-none-eabi-7-2017-q4-major/bin/../lib/gcc/arm-none-eabi/7.2.1/../../../../arm-none-eabi/lib/thumb/v7e-m/fpv4-sp/hard/libg.a
LOAD /Users/atrio/Documents/MATLAB/SupportPackages/R2020a_1/3P.instrset/gnuarm-armcortex.instrset/maci64/gcc-arm-none-eabi-7-2017-q4-major/bin/../lib/gcc/arm-none-eabi/7.2.1/../../../../arm-none-eabi/lib/thumb/v7e-m/fpv4-sp/hard/libc.a
END GROUP
START GROUP
LOAD /Users/atrio/Documents/MATLAB/SupportPackages/R2020a_1/3P.instrset/gnuarm-armcortex.instrset/maci64/gcc-arm-none-eabi-7-2017-q4-major/bin/../lib/gcc/arm-none-eabi/7.2.1/thumb/v7e-m/fpv4-sp/hard/libgcc.a
LOAD /Users/atrio/Documents/MATLAB/SupportPackages/R2020a_1/3P.instrset/gnuarm-armcortex.instrset/maci64/gcc-arm-none-eabi-7-2017-q4-major/bin/../lib/gcc/arm-none-eabi/7.2.1/../../../../arm-none-eabi/lib/thumb/v7e-m/fpv4-sp/hard/libc.a
LOAD /Users/atrio/Documents/MATLAB/SupportPackages/R2020a_1/3P.instrset/gnuarm-armcortex.instrset/maci64/gcc-arm-none-eabi-7-2017-q4-major/bin/../lib/gcc/arm-none-eabi/7.2.1/../../../../arm-none-eabi/lib/thumb/v7e-m/fpv4-sp/hard/libnosys.a
END GROUP
LOAD /Users/atrio/Documents/MATLAB/SupportPackages/R2020a_1/3P.instrset/gnuarm-armcortex.instrset/maci64/gcc-arm-none-eabi-7-2017-q4-major/bin/../lib/gcc/arm-none-eabi/7.2.1/thumb/v7e-m/fpv4-sp/hard/crtend.o
LOAD /Users/atrio/Documents/MATLAB/SupportPackages/R2020a_1/3P.instrset/gnuarm-armcortex.instrset/maci64/gcc-arm-none-eabi-7-2017-q4-major/bin/../lib/gcc/arm-none-eabi/7.2.1/thumb/v7e-m/fpv4-sp/hard/crtn.o
                0x0000000000000400                HEAP_SIZE = DEFINED (__heap_size__)?__heap_size__:0x400
                0x0000000000000400                STACK_SIZE = DEFINED (__stack_size__)?__stack_size__:0x400
                0x0000000000000000                M_VECTOR_RAM_SIZE = DEFINED (__ram_vector_table__)?0x400:0x0

.interrupts     0x0000000000000000      0x400
                0x0000000000000000                __VECTOR_TABLE = .
                0x0000000000000000                . = ALIGN (0x4)
 *(.isr_vector)
 .isr_vector    0x0000000000000000      0x400 startup_MK64F12.o
                0x0000000000000000                __isr_vector
                0x0000000000000400                . = ALIGN (0x4)

.flash_config   0x0000000000000400       0x10
                0x0000000000000400                . = ALIGN (0x4)
 *(.FlashConfig)
 .FlashConfig   0x0000000000000400       0x10 startup_MK64F12.o
                0x0000000000000410                . = ALIGN (0x4)

.text           0x0000000000000440     0x9964
                0x0000000000000440                . = ALIGN (0x4)
 *(.text)
 .text          0x0000000000000440       0x40 /Users/atrio/Documents/MATLAB/SupportPackages/R2020a_1/3P.instrset/gnuarm-armcortex.instrset/maci64/gcc-arm-none-eabi-7-2017-q4-major/bin/../lib/gcc/arm-none-eabi/7.2.1/thumb/v7e-m/fpv4-sp/hard/crtbegin.o
 .text          0x0000000000000480       0x74 /Users/atrio/Documents/MATLAB/SupportPackages/R2020a_1/3P.instrset/gnuarm-armcortex.instrset/maci64/gcc-arm-none-eabi-7-2017-q4-major/bin/../lib/gcc/arm-none-eabi/7.2.1/../../../../arm-none-eabi/lib/thumb/v7e-m/fpv4-sp/hard/crt0.o
                0x0000000000000480                _mainCRTStartup
                0x0000000000000480                _start
 .text          0x00000000000004f4       0x14 startup_MK64F12.o
                0x00000000000004f4                Reset_Handler
                0x0000000000000504                PIT0_IRQHandler
                0x0000000000000504                ENET_Receive_IRQHandler
                0x0000000000000504                ENET_1588_Timer_IRQHandler
                0x0000000000000504                DefaultISR
                0x0000000000000504                PIT2_IRQHandler
                0x0000000000000504                PIT3_IRQHandler
                0x0000000000000504                SDHC_IRQHandler
                0x0000000000000504                ENET_Transmit_IRQHandler
                0x0000000000000504                ENET_Error_IRQHandler
                0x0000000000000504                PIT1_IRQHandler
 .text          0x0000000000000508      0x198 /Users/atrio/Documents/MATLAB/SupportPackages/R2020a_1/3P.instrset/cmsis.instrset/CMSIS/RTOS/RTX/LIB/GCC/libRTX_CM4.a(hal_cm4.o)
                0x0000000000000508                rt_set_PSP
                0x000000000000050e                rt_get_PSP
                0x0000000000000514                os_set_env
                0x000000000000052c                _alloc_box
                0x0000000000000548                _free_box
                0x0000000000000564                SVC_Handler
                0x000000000000060a                PendSV_Handler
                0x0000000000000610                Sys_Switch
                0x000000000000066a                SysTick_Handler
                0x0000000000000674                OS_Tick_Handler
 .text          0x00000000000006a0      0x378 /Users/atrio/Documents/MATLAB/SupportPackages/R2020a_1/3P.instrset/gnuarm-armcortex.instrset/maci64/gcc-arm-none-eabi-7-2017-q4-major/bin/../lib/gcc/arm-none-eabi/7.2.1/thumb/v7e-m/fpv4-sp/hard/libgcc.a(_arm_addsubdf3.o)
                0x00000000000006a0                __aeabi_drsub
                0x00000000000006a8                __subdf3
                0x00000000000006a8                __aeabi_dsub
                0x00000000000006ac                __aeabi_dadd
                0x00000000000006ac                __adddf3
                0x0000000000000924                __aeabi_ui2d
                0x0000000000000924                __floatunsidf
                0x0000000000000944                __floatsidf
                0x0000000000000944                __aeabi_i2d
                0x0000000000000968                __extendsfdf2
                0x0000000000000968                __aeabi_f2d
                0x00000000000009ac                __aeabi_ul2d
                0x00000000000009ac                __floatundidf
                0x00000000000009bc                __aeabi_l2d
                0x00000000000009bc                __floatdidf
 .text          0x0000000000000a18      0x424 /Users/atrio/Documents/MATLAB/SupportPackages/R2020a_1/3P.instrset/gnuarm-armcortex.instrset/maci64/gcc-arm-none-eabi-7-2017-q4-major/bin/../lib/gcc/arm-none-eabi/7.2.1/thumb/v7e-m/fpv4-sp/hard/libgcc.a(_arm_muldivdf3.o)
                0x0000000000000a18                __aeabi_dmul
                0x0000000000000a18                __muldf3
                0x0000000000000c6c                __aeabi_ddiv
                0x0000000000000c6c                __divdf3
 .text          0x0000000000000e3c      0x110 /Users/atrio/Documents/MATLAB/SupportPackages/R2020a_1/3P.instrset/gnuarm-armcortex.instrset/maci64/gcc-arm-none-eabi-7-2017-q4-major/bin/../lib/gcc/arm-none-eabi/7.2.1/thumb/v7e-m/fpv4-sp/hard/libgcc.a(_arm_cmpdf2.o)
                0x0000000000000e3c                __gedf2
                0x0000000000000e3c                __gtdf2
                0x0000000000000e44                __ledf2
                0x0000000000000e44                __ltdf2
                0x0000000000000e4c                __cmpdf2
                0x0000000000000e4c                __eqdf2
                0x0000000000000e4c                __nedf2
                0x0000000000000ec8                __aeabi_cdrcmple
                0x0000000000000ed8                __aeabi_cdcmple
                0x0000000000000ed8                __aeabi_cdcmpeq
                0x0000000000000ee8                __aeabi_dcmpeq
                0x0000000000000efc                __aeabi_dcmplt
                0x0000000000000f10                __aeabi_dcmple
                0x0000000000000f24                __aeabi_dcmpge
                0x0000000000000f38                __aeabi_dcmpgt
 .text          0x0000000000000f4c       0x40 /Users/atrio/Documents/MATLAB/SupportPackages/R2020a_1/3P.instrset/gnuarm-armcortex.instrset/maci64/gcc-arm-none-eabi-7-2017-q4-major/bin/../lib/gcc/arm-none-eabi/7.2.1/thumb/v7e-m/fpv4-sp/hard/libgcc.a(_arm_fixunsdfsi.o)
                0x0000000000000f4c                __fixunsdfsi
                0x0000000000000f4c                __aeabi_d2uiz
 .text          0x0000000000000f8c       0x30 /Users/atrio/Documents/MATLAB/SupportPackages/R2020a_1/3P.instrset/gnuarm-armcortex.instrset/maci64/gcc-arm-none-eabi-7-2017-q4-major/bin/../lib/gcc/arm-none-eabi/7.2.1/thumb/v7e-m/fpv4-sp/hard/libgcc.a(_aeabi_uldivmod.o)
                0x0000000000000f8c                __aeabi_uldivmod
 .text          0x0000000000000fbc      0x2cc /Users/atrio/Documents/MATLAB/SupportPackages/R2020a_1/3P.instrset/gnuarm-armcortex.instrset/maci64/gcc-arm-none-eabi-7-2017-q4-major/bin/../lib/gcc/arm-none-eabi/7.2.1/thumb/v7e-m/fpv4-sp/hard/libgcc.a(_udivmoddi4.o)
                0x0000000000000fbc                __udivmoddi4
 .text          0x0000000000001288      0x9ec /Users/atrio/Documents/MATLAB/SupportPackages/R2020a_1/3P.instrset/gnuarm-armcortex.instrset/maci64/gcc-arm-none-eabi-7-2017-q4-major/bin/../lib/gcc/arm-none-eabi/7.2.1/thumb/v7e-m/fpv4-sp/hard/libgcc.a(unwind-arm.o)
                0x000000000000153c                _Unwind_GetCFA
                0x0000000000001540                __gnu_Unwind_RaiseException
                0x00000000000015a0                __gnu_Unwind_ForcedUnwind
                0x00000000000015b4                __gnu_Unwind_Resume
                0x00000000000015f8                __gnu_Unwind_Resume_or_Rethrow
                0x0000000000001608                _Unwind_Complete
                0x000000000000160c                _Unwind_DeleteException
                0x0000000000001618                _Unwind_VRS_Get
                0x000000000000165c                _Unwind_VRS_Set
                0x00000000000016a4                __gnu_Unwind_Backtrace
                0x00000000000019e8                __aeabi_unwind_cpp_pr0
                0x00000000000019ec                __aeabi_unwind_cpp_pr1
                0x00000000000019f0                __aeabi_unwind_cpp_pr2
                0x00000000000019f4                _Unwind_VRS_Pop
 .text          0x0000000000001c74      0x1ac /Users/atrio/Documents/MATLAB/SupportPackages/R2020a_1/3P.instrset/gnuarm-armcortex.instrset/maci64/gcc-arm-none-eabi-7-2017-q4-major/bin/../lib/gcc/arm-none-eabi/7.2.1/thumb/v7e-m/fpv4-sp/hard/libgcc.a(libunwind.o)
                0x0000000000001c74                __restore_core_regs
                0x0000000000001c74                restore_core_regs
                0x0000000000001c8c                __gnu_Unwind_Restore_VFP
                0x0000000000001c94                __gnu_Unwind_Save_VFP
                0x0000000000001c9c                __gnu_Unwind_Restore_VFP_D
                0x0000000000001ca4                __gnu_Unwind_Save_VFP_D
                0x0000000000001cac                __gnu_Unwind_Restore_VFP_D_16_to_31
                0x0000000000001cb4                __gnu_Unwind_Save_VFP_D_16_to_31
                0x0000000000001cbc                __gnu_Unwind_Restore_WMMXD
                0x0000000000001d00                __gnu_Unwind_Save_WMMXD
                0x0000000000001d44                __gnu_Unwind_Restore_WMMXC
                0x0000000000001d58                __gnu_Unwind_Save_WMMXC
                0x0000000000001d6c                _Unwind_RaiseException
                0x0000000000001d6c                ___Unwind_RaiseException
                0x0000000000001d90                ___Unwind_Resume
                0x0000000000001d90                _Unwind_Resume
                0x0000000000001db4                ___Unwind_Resume_or_Rethrow
                0x0000000000001db4                _Unwind_Resume_or_Rethrow
                0x0000000000001dd8                _Unwind_ForcedUnwind
                0x0000000000001dd8                ___Unwind_ForcedUnwind
                0x0000000000001dfc                _Unwind_Backtrace
                0x0000000000001dfc                ___Unwind_Backtrace
 .text          0x0000000000001e20      0x374 /Users/atrio/Documents/MATLAB/SupportPackages/R2020a_1/3P.instrset/gnuarm-armcortex.instrset/maci64/gcc-arm-none-eabi-7-2017-q4-major/bin/../lib/gcc/arm-none-eabi/7.2.1/thumb/v7e-m/fpv4-sp/hard/libgcc.a(pr-support.o)
                0x0000000000001e78                __gnu_unwind_execute
                0x000000000000213c                __gnu_unwind_frame
                0x0000000000002164                _Unwind_GetRegionStart
                0x0000000000002170                _Unwind_GetLanguageSpecificData
                0x0000000000002184                _Unwind_GetDataRelBase
                0x000000000000218c                _Unwind_GetTextRelBase
 .text          0x0000000000002194        0x4 /Users/atrio/Documents/MATLAB/SupportPackages/R2020a_1/3P.instrset/gnuarm-armcortex.instrset/maci64/gcc-arm-none-eabi-7-2017-q4-major/bin/../lib/gcc/arm-none-eabi/7.2.1/thumb/v7e-m/fpv4-sp/hard/libgcc.a(_dvmd_tls.o)
                0x0000000000002194                __aeabi_ldiv0
                0x0000000000002194                __aeabi_idiv0
 .text          0x0000000000002198      0x134 /Users/atrio/Documents/MATLAB/SupportPackages/R2020a_1/3P.instrset/gnuarm-armcortex.instrset/maci64/gcc-arm-none-eabi-7-2017-q4-major/bin/../lib/gcc/arm-none-eabi/7.2.1/../../../../arm-none-eabi/lib/thumb/v7e-m/fpv4-sp/hard/libg.a(lib_a-memcpy.o)
                0x0000000000002198                memcpy
 *fill*         0x00000000000022cc        0x4 
 .text          0x00000000000022d0       0xa0 /Users/atrio/Documents/MATLAB/SupportPackages/R2020a_1/3P.instrset/gnuarm-armcortex.instrset/maci64/gcc-arm-none-eabi-7-2017-q4-major/bin/../lib/gcc/arm-none-eabi/7.2.1/../../../../arm-none-eabi/lib/thumb/v7e-m/fpv4-sp/hard/libg.a(lib_a-memchr.o)
                0x00000000000022d0                memchr
 *fill*         0x0000000000002370       0x10 
 .text          0x0000000000002380       0xdc /Users/atrio/Documents/MATLAB/SupportPackages/R2020a_1/3P.instrset/gnuarm-armcortex.instrset/maci64/gcc-arm-none-eabi-7-2017-q4-major/bin/../lib/gcc/arm-none-eabi/7.2.1/../../../../arm-none-eabi/lib/thumb/v7e-m/fpv4-sp/hard/libg.a(lib_a-strlen.o)
                0x0000000000002380                strlen
 *(.text*)
 .text.MW_digitalIO_open
                0x000000000000245c       0xe0 MW_digitalIO.o
                0x000000000000245c                MW_digitalIO_open
 .text.MW_digitalIO_read
                0x000000000000253c       0x70 MW_digitalIO.o
                0x000000000000253c                MW_digitalIO_read
 .text.MW_digitalIO_write
                0x00000000000025ac       0x7e MW_digitalIO.o
                0x00000000000025ac                MW_digitalIO_write
 .text.MW_digitalIO_close
                0x000000000000262a       0x3c MW_digitalIO.o
                0x000000000000262a                MW_digitalIO_close
 .text.os_idle_demon
                0x0000000000002666        0x6 RTX_Conf_CM.o
                0x0000000000002666                os_idle_demon
 .text.os_error
                0x000000000000266c       0x2c RTX_Conf_CM.o
                0x000000000000266c                os_error
 .text.rt_init_robin
                0x0000000000002698        0x2 RTX_Conf_CM.o
                0x0000000000002698                rt_init_robin
 .text.rt_chk_robin
                0x000000000000269a        0x2 RTX_Conf_CM.o
                0x000000000000269a                rt_chk_robin
 .text.software_init_hook
                0x000000000000269c       0x34 RTX_Conf_CM.o
                0x000000000000269c                software_init_hook
 .text.PORT_HAL_SetMuxMode
                0x00000000000026d0       0x58 board.o
 .text.SMC_HAL_SetProtection
                0x0000000000002728       0x1e board.o
 *fill*         0x0000000000002746        0x2 
 .text.BOARD_InitOsc0
                0x0000000000002748       0x30 board.o
                0x0000000000002748                BOARD_InitOsc0
 .text.BOARD_InitRtcOsc
                0x0000000000002778       0x28 board.o
                0x0000000000002778                BOARD_InitRtcOsc
 .text.BOARD_ClockInit
                0x00000000000027a0       0x34 board.o
                0x00000000000027a0                BOARD_ClockInit
 .text.schedulerTask
                0x00000000000027d4       0x1c cmsis_rtos_init.o
                0x00000000000027d4                schedulerTask
 .text.mw_initSignalEvents
                0x00000000000027f0       0x40 cmsis_rtos_init.o
                0x00000000000027f0                mw_initSignalEvents
 .text.mw_RTOSInit
                0x0000000000002830       0x8c cmsis_rtos_init.o
                0x0000000000002830                mw_RTOSInit
 .text.baseRateTask
                0x00000000000028bc       0x7c ert_main.o
                0x00000000000028bc                baseRateTask
 .text.terminateTask
                0x0000000000002938       0x34 ert_main.o
                0x0000000000002938                terminateTask
 .text.main     0x000000000000296c       0x48 ert_main.o
                0x000000000000296c                main
 .text.DMA0_IRQHandler
                0x00000000000029b4        0xe fsl_edma_irq.o
                0x00000000000029b4                DMA0_IRQHandler
 .text.DMA1_IRQHandler
                0x00000000000029c2        0xe fsl_edma_irq.o
                0x00000000000029c2                DMA1_IRQHandler
 .text.DMA2_IRQHandler
                0x00000000000029d0        0xe fsl_edma_irq.o
                0x00000000000029d0                DMA2_IRQHandler
 .text.DMA3_IRQHandler
                0x00000000000029de        0xe fsl_edma_irq.o
                0x00000000000029de                DMA3_IRQHandler
 .text.DMA4_IRQHandler
                0x00000000000029ec        0xe fsl_edma_irq.o
                0x00000000000029ec                DMA4_IRQHandler
 .text.DMA5_IRQHandler
                0x00000000000029fa        0xe fsl_edma_irq.o
                0x00000000000029fa                DMA5_IRQHandler
 .text.DMA6_IRQHandler
                0x0000000000002a08        0xe fsl_edma_irq.o
                0x0000000000002a08                DMA6_IRQHandler
 .text.DMA7_IRQHandler
                0x0000000000002a16        0xe fsl_edma_irq.o
                0x0000000000002a16                DMA7_IRQHandler
 .text.DMA8_IRQHandler
                0x0000000000002a24        0xe fsl_edma_irq.o
                0x0000000000002a24                DMA8_IRQHandler
 .text.DMA9_IRQHandler
                0x0000000000002a32        0xe fsl_edma_irq.o
                0x0000000000002a32                DMA9_IRQHandler
 .text.DMA10_IRQHandler
                0x0000000000002a40        0xe fsl_edma_irq.o
                0x0000000000002a40                DMA10_IRQHandler
 .text.DMA11_IRQHandler
                0x0000000000002a4e        0xe fsl_edma_irq.o
                0x0000000000002a4e                DMA11_IRQHandler
 .text.DMA12_IRQHandler
                0x0000000000002a5c        0xe fsl_edma_irq.o
                0x0000000000002a5c                DMA12_IRQHandler
 .text.DMA13_IRQHandler
                0x0000000000002a6a        0xe fsl_edma_irq.o
                0x0000000000002a6a                DMA13_IRQHandler
 .text.DMA14_IRQHandler
                0x0000000000002a78        0xe fsl_edma_irq.o
                0x0000000000002a78                DMA14_IRQHandler
 .text.DMA15_IRQHandler
                0x0000000000002a86        0xe fsl_edma_irq.o
                0x0000000000002a86                DMA15_IRQHandler
 .text.DMA_Error_IRQHandler
                0x0000000000002a94        0xe fsl_edma_irq.o
                0x0000000000002a94                DMA_Error_IRQHandler
 .text.UART0_RX_TX_IRQHandler
                0x0000000000002aa2        0xe fsl_uart_irq.o
                0x0000000000002aa2                UART0_RX_TX_IRQHandler
 .text.UART1_RX_TX_IRQHandler
                0x0000000000002ab0        0xe fsl_uart_irq.o
                0x0000000000002ab0                UART1_RX_TX_IRQHandler
 .text.UART2_RX_TX_IRQHandler
                0x0000000000002abe        0xe fsl_uart_irq.o
                0x0000000000002abe                UART2_RX_TX_IRQHandler
 .text.UART3_RX_TX_IRQHandler
                0x0000000000002acc        0xe fsl_uart_irq.o
                0x0000000000002acc                UART3_RX_TX_IRQHandler
 .text.UART4_RX_TX_IRQHandler
                0x0000000000002ada        0xe fsl_uart_irq.o
                0x0000000000002ada                UART4_RX_TX_IRQHandler
 .text.UART5_RX_TX_IRQHandler
                0x0000000000002ae8        0xe fsl_uart_irq.o
                0x0000000000002ae8                UART5_RX_TX_IRQHandler
 .text.hardware_init
                0x0000000000002af6       0x30 hardware_init.o
                0x0000000000002af6                hardware_init
 .text.NMI_Handler
                0x0000000000002b26        0x6 irq_stub.o
                0x0000000000002b26                NMI_Handler
 .text.HardFault_Handler
                0x0000000000002b2c        0x6 irq_stub.o
                0x0000000000002b2c                HardFault_Handler
 .text.MemManage_Handler
                0x0000000000002b32        0x6 irq_stub.o
                0x0000000000002b32                MemManage_Handler
 .text.BusFault_Handler
                0x0000000000002b38        0x6 irq_stub.o
                0x0000000000002b38                BusFault_Handler
 .text.UsageFault_Handler
                0x0000000000002b3e        0x6 irq_stub.o
                0x0000000000002b3e                UsageFault_Handler
 .text.DebugMon_Handler
                0x0000000000002b44        0x6 irq_stub.o
                0x0000000000002b44                DebugMon_Handler
 .text.MCM_IRQHandler
                0x0000000000002b4a        0x6 irq_stub.o
                0x0000000000002b4a                MCM_IRQHandler
 .text.FTFE_IRQHandler
                0x0000000000002b50        0x6 irq_stub.o
                0x0000000000002b50                FTFE_IRQHandler
 .text.Read_Collision_IRQHandler
                0x0000000000002b56        0x6 irq_stub.o
                0x0000000000002b56                Read_Collision_IRQHandler
 .text.LVD_LVW_IRQHandler
                0x0000000000002b5c        0x6 irq_stub.o
                0x0000000000002b5c                LVD_LVW_IRQHandler
 .text.LLWU_IRQHandler
                0x0000000000002b62        0x6 irq_stub.o
                0x0000000000002b62                LLWU_IRQHandler
 .text.WDOG_EWM_IRQHandler
                0x0000000000002b68        0x6 irq_stub.o
                0x0000000000002b68                WDOG_EWM_IRQHandler
 .text.RNG_IRQHandler
                0x0000000000002b6e        0x6 irq_stub.o
                0x0000000000002b6e                RNG_IRQHandler
 .text.I2C0_IRQHandler
                0x0000000000002b74        0x6 irq_stub.o
                0x0000000000002b74                I2C0_IRQHandler
 .text.I2C1_IRQHandler
                0x0000000000002b7a        0x6 irq_stub.o
                0x0000000000002b7a                I2C1_IRQHandler
 .text.SPI0_IRQHandler
                0x0000000000002b80        0x6 irq_stub.o
                0x0000000000002b80                SPI0_IRQHandler
 .text.SPI1_IRQHandler
                0x0000000000002b86        0x6 irq_stub.o
                0x0000000000002b86                SPI1_IRQHandler
 .text.I2S0_Tx_IRQHandler
                0x0000000000002b8c        0x6 irq_stub.o
                0x0000000000002b8c                I2S0_Tx_IRQHandler
 .text.I2S0_Rx_IRQHandler
                0x0000000000002b92        0x6 irq_stub.o
                0x0000000000002b92                I2S0_Rx_IRQHandler
 .text.UART0_LON_IRQHandler
                0x0000000000002b98        0x6 irq_stub.o
                0x0000000000002b98                UART0_LON_IRQHandler
 .text.UART0_ERR_IRQHandler
                0x0000000000002b9e        0x6 irq_stub.o
                0x0000000000002b9e                UART0_ERR_IRQHandler
 .text.UART1_ERR_IRQHandler
                0x0000000000002ba4        0x6 irq_stub.o
                0x0000000000002ba4                UART1_ERR_IRQHandler
 .text.UART2_ERR_IRQHandler
                0x0000000000002baa        0x6 irq_stub.o
                0x0000000000002baa                UART2_ERR_IRQHandler
 .text.UART3_ERR_IRQHandler
                0x0000000000002bb0        0x6 irq_stub.o
                0x0000000000002bb0                UART3_ERR_IRQHandler
 .text.ADC0_IRQHandler
                0x0000000000002bb6        0x6 irq_stub.o
                0x0000000000002bb6                ADC0_IRQHandler
 .text.CMP0_IRQHandler
                0x0000000000002bbc        0x6 irq_stub.o
                0x0000000000002bbc                CMP0_IRQHandler
 .text.CMP1_IRQHandler
                0x0000000000002bc2        0x6 irq_stub.o
                0x0000000000002bc2                CMP1_IRQHandler
 .text.FTM0_IRQHandler
                0x0000000000002bc8        0x6 irq_stub.o
                0x0000000000002bc8                FTM0_IRQHandler
 .text.FTM1_IRQHandler
                0x0000000000002bce        0x6 irq_stub.o
                0x0000000000002bce                FTM1_IRQHandler
 .text.FTM2_IRQHandler
                0x0000000000002bd4        0x6 irq_stub.o
                0x0000000000002bd4                FTM2_IRQHandler
 .text.CMT_IRQHandler
                0x0000000000002bda        0x6 irq_stub.o
                0x0000000000002bda                CMT_IRQHandler
 .text.RTC_IRQHandler
                0x0000000000002be0        0x6 irq_stub.o
                0x0000000000002be0                RTC_IRQHandler
 .text.RTC_Seconds_IRQHandler
                0x0000000000002be6        0x6 irq_stub.o
                0x0000000000002be6                RTC_Seconds_IRQHandler
 .text.PDB0_IRQHandler
                0x0000000000002bec        0x6 irq_stub.o
                0x0000000000002bec                PDB0_IRQHandler
 .text.USB0_IRQHandler
                0x0000000000002bf2        0x6 irq_stub.o
                0x0000000000002bf2                USB0_IRQHandler
 .text.USBDCD_IRQHandler
                0x0000000000002bf8        0x6 irq_stub.o
                0x0000000000002bf8                USBDCD_IRQHandler
 .text.Reserved71_IRQHandler
                0x0000000000002bfe        0x6 irq_stub.o
                0x0000000000002bfe                Reserved71_IRQHandler
 .text.DAC0_IRQHandler
                0x0000000000002c04        0x6 irq_stub.o
                0x0000000000002c04                DAC0_IRQHandler
 .text.MCG_IRQHandler
                0x0000000000002c0a        0x6 irq_stub.o
                0x0000000000002c0a                MCG_IRQHandler
 .text.LPTMR0_IRQHandler
                0x0000000000002c10        0x6 irq_stub.o
                0x0000000000002c10                LPTMR0_IRQHandler
 .text.PORTA_IRQHandler
                0x0000000000002c16        0x6 irq_stub.o
                0x0000000000002c16                PORTA_IRQHandler
 .text.PORTB_IRQHandler
                0x0000000000002c1c        0x6 irq_stub.o
                0x0000000000002c1c                PORTB_IRQHandler
 .text.PORTC_IRQHandler
                0x0000000000002c22        0x6 irq_stub.o
                0x0000000000002c22                PORTC_IRQHandler
 .text.PORTD_IRQHandler
                0x0000000000002c28        0x6 irq_stub.o
                0x0000000000002c28                PORTD_IRQHandler
 .text.PORTE_IRQHandler
                0x0000000000002c2e        0x6 irq_stub.o
                0x0000000000002c2e                PORTE_IRQHandler
 .text.SWI_IRQHandler
                0x0000000000002c34        0x6 irq_stub.o
                0x0000000000002c34                SWI_IRQHandler
 .text.SPI2_IRQHandler
                0x0000000000002c3a        0x6 irq_stub.o
                0x0000000000002c3a                SPI2_IRQHandler
 .text.UART4_ERR_IRQHandler
                0x0000000000002c40        0x6 irq_stub.o
                0x0000000000002c40                UART4_ERR_IRQHandler
 .text.UART5_ERR_IRQHandler
                0x0000000000002c46        0x6 irq_stub.o
                0x0000000000002c46                UART5_ERR_IRQHandler
 .text.CMP2_IRQHandler
                0x0000000000002c4c        0x6 irq_stub.o
                0x0000000000002c4c                CMP2_IRQHandler
 .text.FTM3_IRQHandler
                0x0000000000002c52        0x6 irq_stub.o
                0x0000000000002c52                FTM3_IRQHandler
 .text.DAC1_IRQHandler
                0x0000000000002c58        0x6 irq_stub.o
                0x0000000000002c58                DAC1_IRQHandler
 .text.ADC1_IRQHandler
                0x0000000000002c5e        0x6 irq_stub.o
                0x0000000000002c5e                ADC1_IRQHandler
 .text.I2C2_IRQHandler
                0x0000000000002c64        0x6 irq_stub.o
                0x0000000000002c64                I2C2_IRQHandler
 .text.CAN0_ORed_Message_buffer_IRQHandler
                0x0000000000002c6a        0x6 irq_stub.o
                0x0000000000002c6a                CAN0_ORed_Message_buffer_IRQHandler
 .text.CAN0_Bus_Off_IRQHandler
                0x0000000000002c70        0x6 irq_stub.o
                0x0000000000002c70                CAN0_Bus_Off_IRQHandler
 .text.CAN0_Error_IRQHandler
                0x0000000000002c76        0x6 irq_stub.o
                0x0000000000002c76                CAN0_Error_IRQHandler
 .text.CAN0_Tx_Warning_IRQHandler
                0x0000000000002c7c        0x6 irq_stub.o
                0x0000000000002c7c                CAN0_Tx_Warning_IRQHandler
 .text.CAN0_Rx_Warning_IRQHandler
                0x0000000000002c82        0x6 irq_stub.o
                0x0000000000002c82                CAN0_Rx_Warning_IRQHandler
 .text.CAN0_Wake_Up_IRQHandler
                0x0000000000002c88        0x6 irq_stub.o
                0x0000000000002c88                CAN0_Wake_Up_IRQHandler
 *fill*         0x0000000000002c8e        0x2 
 .text.led_m_enter_atomic_VOO_Charging
                0x0000000000002c90       0x64 led_model.o
 .text.led_m_enter_atomic_AOO_Charging
                0x0000000000002cf4       0x64 led_model.o
 .text.SystemCore_rele_kbdg5qoxdrh4kbz
                0x0000000000002d58       0x2a led_model.o
 .text.SystemCore_dele_kbdg5qoxdrh4kbz
                0x0000000000002d82       0x16 led_model.o
 .text.matlabCodegenHa_kbdg5qoxdrh4kbz
                0x0000000000002d98       0x24 led_model.o
 .text.led_model_SystemCore_release
                0x0000000000002dbc       0x2a led_model.o
 .text.led_model_SystemCore_delete
                0x0000000000002de6       0x16 led_model.o
 .text.matlabCodegenHandle_matlabCodeg
                0x0000000000002dfc       0x24 led_model.o
 .text.led_model_step
                0x0000000000002e20      0x5bc led_model.o
                0x0000000000002e20                led_model_step
 .text.led_model_initialize
                0x00000000000033dc      0x4d8 led_model.o
                0x00000000000033dc                led_model_initialize
 .text.led_model_terminate
                0x00000000000038b4       0xb4 led_model.o
                0x00000000000038b4                led_model_terminate
 .text.mw_osSignalSet
                0x0000000000003968       0x2e mw_signal.o
                0x0000000000003968                mw_osSignalSet
 .text.mw_osSignalClear
                0x0000000000003996       0x26 mw_signal.o
                0x0000000000003996                mw_osSignalClear
 .text.mw_osSignalWaitEver
                0x00000000000039bc       0x20 mw_signal.o
                0x00000000000039bc                mw_osSignalWaitEver
 .text.mw_osSignalEventCreate
                0x00000000000039dc       0x20 mw_signal.o
                0x00000000000039dc                mw_osSignalEventCreate
 .text.mw_osSignalEventRelease
                0x00000000000039fc       0x26 mw_signal.o
                0x00000000000039fc                mw_osSignalEventRelease
 .text.mw_osSignalEventWaitEver
                0x0000000000003a22       0x34 mw_signal.o
                0x0000000000003a22                mw_osSignalEventWaitEver
 .text.mw_osThreadCreate
                0x0000000000003a56       0x52 mw_thread.o
                0x0000000000003a56                mw_osThreadCreate
 .text.mw_osThreadGetId
                0x0000000000003aa8        0xe mw_thread.o
                0x0000000000003aa8                mw_osThreadGetId
 .text.mw_osThreadExit
                0x0000000000003ab6       0x22 mw_thread.o
                0x0000000000003ab6                mw_osThreadExit
 .text.mw_osTimerCreate
                0x0000000000003ad8       0x4e mw_timer.o
                0x0000000000003ad8                mw_osTimerCreate
 .text.mw_osTimerStart
                0x0000000000003b26       0x24 mw_timer.o
                0x0000000000003b26                mw_osTimerStart
 *fill*         0x0000000000003b4a        0x2 
 .text._sbrk    0x0000000000003b4c       0x5c sbrk.o
                0x0000000000003b4c                _sbrk
 .text.init_data_bss
                0x0000000000003ba8       0xcc startup.o
                0x0000000000003ba8                init_data_bss
 .text.SystemInit
                0x0000000000003c74      0x1dc system_MK64F12.o
                0x0000000000003c74                SystemInit
 .text.SystemCoreClockUpdate
                0x0000000000003e50      0x278 system_MK64F12.o
                0x0000000000003e50                SystemCoreClockUpdate
 .text.osThreadExit
                0x00000000000040c8       0x18 /Users/atrio/Documents/MATLAB/SupportPackages/R2020a_1/3P.instrset/cmsis.instrset/CMSIS/RTOS/RTX/LIB/GCC/libRTX_CM4.a(rt_cmsis.o)
                0x00000000000040c8                osThreadExit
 .text.svcKernelInitialize
                0x00000000000040e0      0x100 /Users/atrio/Documents/MATLAB/SupportPackages/R2020a_1/3P.instrset/cmsis.instrset/CMSIS/RTOS/RTX/LIB/GCC/libRTX_CM4.a(rt_cmsis.o)
                0x00000000000040e0                svcKernelInitialize
 .text.svcKernelStart
                0x00000000000041e0       0x4c /Users/atrio/Documents/MATLAB/SupportPackages/R2020a_1/3P.instrset/cmsis.instrset/CMSIS/RTOS/RTX/LIB/GCC/libRTX_CM4.a(rt_cmsis.o)
                0x00000000000041e0                svcKernelStart
 .text.osKernelInitialize
                0x000000000000422c      0x120 /Users/atrio/Documents/MATLAB/SupportPackages/R2020a_1/3P.instrset/cmsis.instrset/CMSIS/RTOS/RTX/LIB/GCC/libRTX_CM4.a(rt_cmsis.o)
                0x000000000000422c                osKernelInitialize
 .text.osKernelStart
                0x000000000000434c       0x70 /Users/atrio/Documents/MATLAB/SupportPackages/R2020a_1/3P.instrset/cmsis.instrset/CMSIS/RTOS/RTX/LIB/GCC/libRTX_CM4.a(rt_cmsis.o)
                0x000000000000434c                osKernelStart
 .text.svcThreadCreate
                0x00000000000043bc       0x7c /Users/atrio/Documents/MATLAB/SupportPackages/R2020a_1/3P.instrset/cmsis.instrset/CMSIS/RTOS/RTX/LIB/GCC/libRTX_CM4.a(rt_cmsis.o)
                0x00000000000043bc                svcThreadCreate
 .text.svcThreadGetId
                0x0000000000004438       0x18 /Users/atrio/Documents/MATLAB/SupportPackages/R2020a_1/3P.instrset/cmsis.instrset/CMSIS/RTOS/RTX/LIB/GCC/libRTX_CM4.a(rt_cmsis.o)
                0x0000000000004438                svcThreadGetId
 .text.svcThreadTerminate
                0x0000000000004450       0x44 /Users/atrio/Documents/MATLAB/SupportPackages/R2020a_1/3P.instrset/cmsis.instrset/CMSIS/RTOS/RTX/LIB/GCC/libRTX_CM4.a(rt_cmsis.o)
                0x0000000000004450                svcThreadTerminate
 .text.osThreadCreate
                0x0000000000004494       0x9c /Users/atrio/Documents/MATLAB/SupportPackages/R2020a_1/3P.instrset/cmsis.instrset/CMSIS/RTOS/RTX/LIB/GCC/libRTX_CM4.a(rt_cmsis.o)
                0x0000000000004494                osThreadCreate
 .text.osThreadGetId
                0x0000000000004530       0x18 /Users/atrio/Documents/MATLAB/SupportPackages/R2020a_1/3P.instrset/cmsis.instrset/CMSIS/RTOS/RTX/LIB/GCC/libRTX_CM4.a(rt_cmsis.o)
                0x0000000000004530                osThreadGetId
 .text.osThreadTerminate
                0x0000000000004548       0x18 /Users/atrio/Documents/MATLAB/SupportPackages/R2020a_1/3P.instrset/cmsis.instrset/CMSIS/RTOS/RTX/LIB/GCC/libRTX_CM4.a(rt_cmsis.o)
                0x0000000000004548                osThreadTerminate
 .text.svcTimerCreate
                0x0000000000004560       0x3c /Users/atrio/Documents/MATLAB/SupportPackages/R2020a_1/3P.instrset/cmsis.instrset/CMSIS/RTOS/RTX/LIB/GCC/libRTX_CM4.a(rt_cmsis.o)
                0x0000000000004560                svcTimerCreate
 .text.svcTimerStart
                0x000000000000459c       0xc8 /Users/atrio/Documents/MATLAB/SupportPackages/R2020a_1/3P.instrset/cmsis.instrset/CMSIS/RTOS/RTX/LIB/GCC/libRTX_CM4.a(rt_cmsis.o)
                0x000000000000459c                svcTimerStart
 .text.svcTimerCall
                0x0000000000004664       0x18 /Users/atrio/Documents/MATLAB/SupportPackages/R2020a_1/3P.instrset/cmsis.instrset/CMSIS/RTOS/RTX/LIB/GCC/libRTX_CM4.a(rt_cmsis.o)
                0x0000000000004664                svcTimerCall
 .text.sysTimerTick
                0x000000000000467c       0xb4 /Users/atrio/Documents/MATLAB/SupportPackages/R2020a_1/3P.instrset/cmsis.instrset/CMSIS/RTOS/RTX/LIB/GCC/libRTX_CM4.a(rt_cmsis.o)
                0x000000000000467c                sysTimerTick
 .text.osTimerCreate
                0x0000000000004730       0x64 /Users/atrio/Documents/MATLAB/SupportPackages/R2020a_1/3P.instrset/cmsis.instrset/CMSIS/RTOS/RTX/LIB/GCC/libRTX_CM4.a(rt_cmsis.o)
                0x0000000000004730                osTimerCreate
 .text.osTimerStart
                0x0000000000004794       0x18 /Users/atrio/Documents/MATLAB/SupportPackages/R2020a_1/3P.instrset/cmsis.instrset/CMSIS/RTOS/RTX/LIB/GCC/libRTX_CM4.a(rt_cmsis.o)
                0x0000000000004794                osTimerStart
 .text.osTimerThread
                0x00000000000047ac       0x40 /Users/atrio/Documents/MATLAB/SupportPackages/R2020a_1/3P.instrset/cmsis.instrset/CMSIS/RTOS/RTX/LIB/GCC/libRTX_CM4.a(rt_cmsis.o)
                0x00000000000047ac                osTimerThread
 .text.svcSignalSet
                0x00000000000047ec       0x28 /Users/atrio/Documents/MATLAB/SupportPackages/R2020a_1/3P.instrset/cmsis.instrset/CMSIS/RTOS/RTX/LIB/GCC/libRTX_CM4.a(rt_cmsis.o)
                0x00000000000047ec                svcSignalSet
 .text.svcSignalClear
                0x0000000000004814       0x28 /Users/atrio/Documents/MATLAB/SupportPackages/R2020a_1/3P.instrset/cmsis.instrset/CMSIS/RTOS/RTX/LIB/GCC/libRTX_CM4.a(rt_cmsis.o)
                0x0000000000004814                svcSignalClear
 .text.svcSignalWait
                0x000000000000483c       0xfc /Users/atrio/Documents/MATLAB/SupportPackages/R2020a_1/3P.instrset/cmsis.instrset/CMSIS/RTOS/RTX/LIB/GCC/libRTX_CM4.a(rt_cmsis.o)
                0x000000000000483c                svcSignalWait
 .text.osSignalSet
                0x0000000000004938       0x40 /Users/atrio/Documents/MATLAB/SupportPackages/R2020a_1/3P.instrset/cmsis.instrset/CMSIS/RTOS/RTX/LIB/GCC/libRTX_CM4.a(rt_cmsis.o)
                0x0000000000004938                osSignalSet
 .text.osSignalClear
                0x0000000000004978       0x1c /Users/atrio/Documents/MATLAB/SupportPackages/R2020a_1/3P.instrset/cmsis.instrset/CMSIS/RTOS/RTX/LIB/GCC/libRTX_CM4.a(rt_cmsis.o)
                0x0000000000004978                osSignalClear
 .text.osSignalWait
                0x0000000000004994       0x28 /Users/atrio/Documents/MATLAB/SupportPackages/R2020a_1/3P.instrset/cmsis.instrset/CMSIS/RTOS/RTX/LIB/GCC/libRTX_CM4.a(rt_cmsis.o)
                0x0000000000004994                osSignalWait
 .text.svcMessageGet
                0x00000000000049bc       0xa8 /Users/atrio/Documents/MATLAB/SupportPackages/R2020a_1/3P.instrset/cmsis.instrset/CMSIS/RTOS/RTX/LIB/GCC/libRTX_CM4.a(rt_cmsis.o)
                0x00000000000049bc                svcMessageGet
 .text.rt_init_stack
                0x0000000000004a64       0xa4 /Users/atrio/Documents/MATLAB/SupportPackages/R2020a_1/3P.instrset/cmsis.instrset/CMSIS/RTOS/RTX/LIB/GCC/libRTX_CM4.a(hal_cm.o)
                0x0000000000004a64                rt_init_stack
 .text.rt_ret_val
                0x0000000000004b08       0x14 /Users/atrio/Documents/MATLAB/SupportPackages/R2020a_1/3P.instrset/cmsis.instrset/CMSIS/RTOS/RTX/LIB/GCC/libRTX_CM4.a(hal_cm.o)
                0x0000000000004b08                rt_ret_val
 .text.rt_ret_val2
                0x0000000000004b1c       0x24 /Users/atrio/Documents/MATLAB/SupportPackages/R2020a_1/3P.instrset/cmsis.instrset/CMSIS/RTOS/RTX/LIB/GCC/libRTX_CM4.a(hal_cm.o)
                0x0000000000004b1c                rt_ret_val2
 .text.dbg_init
                0x0000000000004b40       0x34 /Users/atrio/Documents/MATLAB/SupportPackages/R2020a_1/3P.instrset/cmsis.instrset/CMSIS/RTOS/RTX/LIB/GCC/libRTX_CM4.a(hal_cm.o)
                0x0000000000004b40                dbg_init
 .text.dbg_task_notify
                0x0000000000004b74       0x2c /Users/atrio/Documents/MATLAB/SupportPackages/R2020a_1/3P.instrset/cmsis.instrset/CMSIS/RTOS/RTX/LIB/GCC/libRTX_CM4.a(hal_cm.o)
                0x0000000000004b74                dbg_task_notify
 .text.dbg_task_switch
                0x0000000000004ba0       0x14 /Users/atrio/Documents/MATLAB/SupportPackages/R2020a_1/3P.instrset/cmsis.instrset/CMSIS/RTOS/RTX/LIB/GCC/libRTX_CM4.a(hal_cm.o)
                0x0000000000004ba0                dbg_task_switch
 .text.rt_init_mem
                0x0000000000004bb4       0x1c /Users/atrio/Documents/MATLAB/SupportPackages/R2020a_1/3P.instrset/cmsis.instrset/CMSIS/RTOS/RTX/LIB/GCC/libRTX_CM4.a(rt_memory.o)
                0x0000000000004bb4                rt_init_mem
 .text.rt_alloc_mem
                0x0000000000004bd0       0x50 /Users/atrio/Documents/MATLAB/SupportPackages/R2020a_1/3P.instrset/cmsis.instrset/CMSIS/RTOS/RTX/LIB/GCC/libRTX_CM4.a(rt_memory.o)
                0x0000000000004bd0                rt_alloc_mem
 .text.rt_free_mem
                0x0000000000004c20       0x44 /Users/atrio/Documents/MATLAB/SupportPackages/R2020a_1/3P.instrset/cmsis.instrset/CMSIS/RTOS/RTX/LIB/GCC/libRTX_CM4.a(rt_memory.o)
                0x0000000000004c20                rt_free_mem
 .text._init_box
                0x0000000000004c64       0x58 /Users/atrio/Documents/MATLAB/SupportPackages/R2020a_1/3P.instrset/cmsis.instrset/CMSIS/RTOS/RTX/LIB/GCC/libRTX_CM4.a(rt_membox.o)
                0x0000000000004c64                _init_box
 .text.rt_alloc_box
                0x0000000000004cbc       0x1c /Users/atrio/Documents/MATLAB/SupportPackages/R2020a_1/3P.instrset/cmsis.instrset/CMSIS/RTOS/RTX/LIB/GCC/libRTX_CM4.a(rt_membox.o)
                0x0000000000004cbc                rt_alloc_box
 .text.rt_free_box
                0x0000000000004cd8       0x28 /Users/atrio/Documents/MATLAB/SupportPackages/R2020a_1/3P.instrset/cmsis.instrset/CMSIS/RTOS/RTX/LIB/GCC/libRTX_CM4.a(rt_membox.o)
                0x0000000000004cd8                rt_free_box
 .text.rt_sem_psh
                0x0000000000004d00       0x34 /Users/atrio/Documents/MATLAB/SupportPackages/R2020a_1/3P.instrset/cmsis.instrset/CMSIS/RTOS/RTX/LIB/GCC/libRTX_CM4.a(rt_semaphore.o)
                0x0000000000004d00                rt_sem_psh
 .text.rt_mbx_init
                0x0000000000004d34       0x1c /Users/atrio/Documents/MATLAB/SupportPackages/R2020a_1/3P.instrset/cmsis.instrset/CMSIS/RTOS/RTX/LIB/GCC/libRTX_CM4.a(rt_mailbox.o)
                0x0000000000004d34                rt_mbx_init
 .text.rt_mbx_wait
                0x0000000000004d50       0xa8 /Users/atrio/Documents/MATLAB/SupportPackages/R2020a_1/3P.instrset/cmsis.instrset/CMSIS/RTOS/RTX/LIB/GCC/libRTX_CM4.a(rt_mailbox.o)
                0x0000000000004d50                rt_mbx_wait
 .text.rt_mbx_check
                0x0000000000004df8        0x8 /Users/atrio/Documents/MATLAB/SupportPackages/R2020a_1/3P.instrset/cmsis.instrset/CMSIS/RTOS/RTX/LIB/GCC/libRTX_CM4.a(rt_mailbox.o)
                0x0000000000004df8                rt_mbx_check
 .text.isr_mbx_send
                0x0000000000004e00       0x10 /Users/atrio/Documents/MATLAB/SupportPackages/R2020a_1/3P.instrset/cmsis.instrset/CMSIS/RTOS/RTX/LIB/GCC/libRTX_CM4.a(rt_mailbox.o)
                0x0000000000004e00                isr_mbx_send
 .text.rt_mbx_psh
                0x0000000000004e10       0xe4 /Users/atrio/Documents/MATLAB/SupportPackages/R2020a_1/3P.instrset/cmsis.instrset/CMSIS/RTOS/RTX/LIB/GCC/libRTX_CM4.a(rt_mailbox.o)
                0x0000000000004e10                rt_mbx_psh
 .text.rt_put_prio
                0x0000000000004ef4       0x50 /Users/atrio/Documents/MATLAB/SupportPackages/R2020a_1/3P.instrset/cmsis.instrset/CMSIS/RTOS/RTX/LIB/GCC/libRTX_CM4.a(rt_list.o)
                0x0000000000004ef4                rt_put_prio
 .text.rt_get_first
                0x0000000000004f44       0x28 /Users/atrio/Documents/MATLAB/SupportPackages/R2020a_1/3P.instrset/cmsis.instrset/CMSIS/RTOS/RTX/LIB/GCC/libRTX_CM4.a(rt_list.o)
                0x0000000000004f44                rt_get_first
 .text.rt_put_rdy_first
                0x0000000000004f6c       0x14 /Users/atrio/Documents/MATLAB/SupportPackages/R2020a_1/3P.instrset/cmsis.instrset/CMSIS/RTOS/RTX/LIB/GCC/libRTX_CM4.a(rt_list.o)
                0x0000000000004f6c                rt_put_rdy_first
 .text.rt_resort_prio
                0x0000000000004f80       0x94 /Users/atrio/Documents/MATLAB/SupportPackages/R2020a_1/3P.instrset/cmsis.instrset/CMSIS/RTOS/RTX/LIB/GCC/libRTX_CM4.a(rt_list.o)
                0x0000000000004f80                rt_resort_prio
 .text.rt_put_dly
                0x0000000000005014       0x60 /Users/atrio/Documents/MATLAB/SupportPackages/R2020a_1/3P.instrset/cmsis.instrset/CMSIS/RTOS/RTX/LIB/GCC/libRTX_CM4.a(rt_list.o)
                0x0000000000005014                rt_put_dly
 .text.rt_dec_dly
                0x0000000000005074       0xd8 /Users/atrio/Documents/MATLAB/SupportPackages/R2020a_1/3P.instrset/cmsis.instrset/CMSIS/RTOS/RTX/LIB/GCC/libRTX_CM4.a(rt_list.o)
                0x0000000000005074                rt_dec_dly
 .text.rt_rmv_list
                0x000000000000514c       0x2c /Users/atrio/Documents/MATLAB/SupportPackages/R2020a_1/3P.instrset/cmsis.instrset/CMSIS/RTOS/RTX/LIB/GCC/libRTX_CM4.a(rt_list.o)
                0x000000000000514c                rt_rmv_list
 .text.rt_rmv_dly
                0x0000000000005178       0x2c /Users/atrio/Documents/MATLAB/SupportPackages/R2020a_1/3P.instrset/cmsis.instrset/CMSIS/RTOS/RTX/LIB/GCC/libRTX_CM4.a(rt_list.o)
                0x0000000000005178                rt_rmv_dly
 .text.rt_psq_enq
                0x00000000000051a4       0x44 /Users/atrio/Documents/MATLAB/SupportPackages/R2020a_1/3P.instrset/cmsis.instrset/CMSIS/RTOS/RTX/LIB/GCC/libRTX_CM4.a(rt_list.o)
                0x00000000000051a4                rt_psq_enq
 .text.rt_evt_wait
                0x00000000000051e8       0x4c /Users/atrio/Documents/MATLAB/SupportPackages/R2020a_1/3P.instrset/cmsis.instrset/CMSIS/RTOS/RTX/LIB/GCC/libRTX_CM4.a(rt_event.o)
                0x00000000000051e8                rt_evt_wait
 .text.rt_evt_set
                0x0000000000005234       0x58 /Users/atrio/Documents/MATLAB/SupportPackages/R2020a_1/3P.instrset/cmsis.instrset/CMSIS/RTOS/RTX/LIB/GCC/libRTX_CM4.a(rt_event.o)
                0x0000000000005234                rt_evt_set
 .text.rt_evt_clr
                0x000000000000528c       0x18 /Users/atrio/Documents/MATLAB/SupportPackages/R2020a_1/3P.instrset/cmsis.instrset/CMSIS/RTOS/RTX/LIB/GCC/libRTX_CM4.a(rt_event.o)
                0x000000000000528c                rt_evt_clr
 .text.isr_evt_set
                0x00000000000052a4       0x24 /Users/atrio/Documents/MATLAB/SupportPackages/R2020a_1/3P.instrset/cmsis.instrset/CMSIS/RTOS/RTX/LIB/GCC/libRTX_CM4.a(rt_event.o)
                0x00000000000052a4                isr_evt_set
 .text.rt_evt_psh
                0x00000000000052c8       0x50 /Users/atrio/Documents/MATLAB/SupportPackages/R2020a_1/3P.instrset/cmsis.instrset/CMSIS/RTOS/RTX/LIB/GCC/libRTX_CM4.a(rt_event.o)
                0x00000000000052c8                rt_evt_psh
 .text.rt_psh_req
                0x0000000000005318       0x20 /Users/atrio/Documents/MATLAB/SupportPackages/R2020a_1/3P.instrset/cmsis.instrset/CMSIS/RTOS/RTX/LIB/GCC/libRTX_CM4.a(rt_system.o)
                0x0000000000005318                rt_psh_req
 .text.rt_pop_req
                0x0000000000005338       0x78 /Users/atrio/Documents/MATLAB/SupportPackages/R2020a_1/3P.instrset/cmsis.instrset/CMSIS/RTOS/RTX/LIB/GCC/libRTX_CM4.a(rt_system.o)
                0x0000000000005338                rt_pop_req
 .text.os_tick_init
                0x00000000000053b0       0x40 /Users/atrio/Documents/MATLAB/SupportPackages/R2020a_1/3P.instrset/cmsis.instrset/CMSIS/RTOS/RTX/LIB/GCC/libRTX_CM4.a(rt_system.o)
                0x00000000000053b0                os_tick_init
 .text.os_tick_irqack
                0x00000000000053f0        0x4 /Users/atrio/Documents/MATLAB/SupportPackages/R2020a_1/3P.instrset/cmsis.instrset/CMSIS/RTOS/RTX/LIB/GCC/libRTX_CM4.a(rt_system.o)
                0x00000000000053f0                os_tick_irqack
 .text.rt_systick
                0x00000000000053f4       0x3c /Users/atrio/Documents/MATLAB/SupportPackages/R2020a_1/3P.instrset/cmsis.instrset/CMSIS/RTOS/RTX/LIB/GCC/libRTX_CM4.a(rt_system.o)
                0x00000000000053f4                rt_systick
 .text.rt_stk_check
                0x0000000000005430       0x24 /Users/atrio/Documents/MATLAB/SupportPackages/R2020a_1/3P.instrset/cmsis.instrset/CMSIS/RTOS/RTX/LIB/GCC/libRTX_CM4.a(rt_system.o)
                0x0000000000005430                rt_stk_check
 .text.rt_switch_req
                0x0000000000005454       0x24 /Users/atrio/Documents/MATLAB/SupportPackages/R2020a_1/3P.instrset/cmsis.instrset/CMSIS/RTOS/RTX/LIB/GCC/libRTX_CM4.a(rt_task.o)
                0x0000000000005454                rt_switch_req
 .text.rt_dispatch
                0x0000000000005478       0x7c /Users/atrio/Documents/MATLAB/SupportPackages/R2020a_1/3P.instrset/cmsis.instrset/CMSIS/RTOS/RTX/LIB/GCC/libRTX_CM4.a(rt_task.o)
                0x0000000000005478                rt_dispatch
 .text.rt_block
                0x00000000000054f4       0x50 /Users/atrio/Documents/MATLAB/SupportPackages/R2020a_1/3P.instrset/cmsis.instrset/CMSIS/RTOS/RTX/LIB/GCC/libRTX_CM4.a(rt_task.o)
                0x00000000000054f4                rt_block
 .text.rt_tsk_self
                0x0000000000005544       0x10 /Users/atrio/Documents/MATLAB/SupportPackages/R2020a_1/3P.instrset/cmsis.instrset/CMSIS/RTOS/RTX/LIB/GCC/libRTX_CM4.a(rt_task.o)
                0x0000000000005544                rt_tsk_self
 .text.rt_tsk_prio
                0x0000000000005554       0xf8 /Users/atrio/Documents/MATLAB/SupportPackages/R2020a_1/3P.instrset/cmsis.instrset/CMSIS/RTOS/RTX/LIB/GCC/libRTX_CM4.a(rt_task.o)
                0x0000000000005554                rt_tsk_prio
 .text.rt_tsk_create
                0x000000000000564c      0x110 /Users/atrio/Documents/MATLAB/SupportPackages/R2020a_1/3P.instrset/cmsis.instrset/CMSIS/RTOS/RTX/LIB/GCC/libRTX_CM4.a(rt_task.o)
                0x000000000000564c                rt_tsk_create
 .text.rt_tsk_delete
                0x000000000000575c      0x1c4 /Users/atrio/Documents/MATLAB/SupportPackages/R2020a_1/3P.instrset/cmsis.instrset/CMSIS/RTOS/RTX/LIB/GCC/libRTX_CM4.a(rt_task.o)
                0x000000000000575c                rt_tsk_delete
 .text.rt_sys_init
                0x0000000000005920       0xec /Users/atrio/Documents/MATLAB/SupportPackages/R2020a_1/3P.instrset/cmsis.instrset/CMSIS/RTOS/RTX/LIB/GCC/libRTX_CM4.a(rt_task.o)
                0x0000000000005920                rt_sys_init
 .text.rt_sys_start
                0x0000000000005a0c       0x8c /Users/atrio/Documents/MATLAB/SupportPackages/R2020a_1/3P.instrset/cmsis.instrset/CMSIS/RTOS/RTX/LIB/GCC/libRTX_CM4.a(rt_task.o)
                0x0000000000005a0c                rt_sys_start
 .text.OSA_TimeInit
                0x0000000000005a98       0x44 /Users/atrio/Documents/MATLAB/SupportPackages/R2020a_1/toolbox/target/supportpackages/freedomk64f/src/ksdk_armgcc_lib/bm/libksdk_platform.a(fsl_os_abstraction_bm.o)
                0x0000000000005a98                OSA_TimeInit
 .text.OSA_SemaPost
                0x0000000000005adc       0x3c /Users/atrio/Documents/MATLAB/SupportPackages/R2020a_1/toolbox/target/supportpackages/freedomk64f/src/ksdk_armgcc_lib/bm/libksdk_platform.a(fsl_os_abstraction_bm.o)
                0x0000000000005adc                OSA_SemaPost
 .text.task_init
                0x0000000000005b18       0x38 /Users/atrio/Documents/MATLAB/SupportPackages/R2020a_1/toolbox/target/supportpackages/freedomk64f/src/ksdk_armgcc_lib/bm/libksdk_platform.a(fsl_os_abstraction_bm.o)
                0x0000000000005b18                task_init
 .text.OSA_Init
                0x0000000000005b50        0xe /Users/atrio/Documents/MATLAB/SupportPackages/R2020a_1/toolbox/target/supportpackages/freedomk64f/src/ksdk_armgcc_lib/bm/libksdk_platform.a(fsl_os_abstraction_bm.o)
                0x0000000000005b50                OSA_Init
 *fill*         0x0000000000005b5e        0x2 
 .text.CLOCK_SYS_SetMcgPeeToFbe
                0x0000000000005b60       0x34 /Users/atrio/Documents/MATLAB/SupportPackages/R2020a_1/toolbox/target/supportpackages/freedomk64f/src/ksdk_armgcc_lib/bm/libksdk_platform.a(fsl_clock_manager.o)
 .text.CLOCK_SYS_SetMcgMode
                0x0000000000005b94      0x124 /Users/atrio/Documents/MATLAB/SupportPackages/R2020a_1/toolbox/target/supportpackages/freedomk64f/src/ksdk_armgcc_lib/bm/libksdk_platform.a(fsl_clock_manager.o)
                0x0000000000005b94                CLOCK_SYS_SetMcgMode
 .text.CLOCK_SYS_SetOscerConfigration
                0x0000000000005cb8       0x1c /Users/atrio/Documents/MATLAB/SupportPackages/R2020a_1/toolbox/target/supportpackages/freedomk64f/src/ksdk_armgcc_lib/bm/libksdk_platform.a(fsl_clock_manager.o)
                0x0000000000005cb8                CLOCK_SYS_SetOscerConfigration
 .text.CLOCK_SYS_OscInit
                0x0000000000005cd4       0x9c /Users/atrio/Documents/MATLAB/SupportPackages/R2020a_1/toolbox/target/supportpackages/freedomk64f/src/ksdk_armgcc_lib/bm/libksdk_platform.a(fsl_clock_manager.o)
                0x0000000000005cd4                CLOCK_SYS_OscInit
 .text.CLOCK_SYS_RtcOscInit
                0x0000000000005d70       0x68 /Users/atrio/Documents/MATLAB/SupportPackages/R2020a_1/toolbox/target/supportpackages/freedomk64f/src/ksdk_armgcc_lib/bm/libksdk_platform.a(fsl_clock_manager.o)
                0x0000000000005d70                CLOCK_SYS_RtcOscInit
 .text.SIM_HAL_EnableClock.constprop.10
                0x0000000000005dd8       0x1c /Users/atrio/Documents/MATLAB/SupportPackages/R2020a_1/toolbox/target/supportpackages/freedomk64f/src/ksdk_armgcc_lib/bm/libksdk_platform.a(fsl_clock_MK64F12.o)
 .text.CLOCK_SYS_GetCoreClockFreq
                0x0000000000005df4       0x24 /Users/atrio/Documents/MATLAB/SupportPackages/R2020a_1/toolbox/target/supportpackages/freedomk64f/src/ksdk_armgcc_lib/bm/libksdk_platform.a(fsl_clock_MK64F12.o)
                0x0000000000005df4                CLOCK_SYS_GetCoreClockFreq
 .text.CLOCK_SYS_SetConfiguration
                0x0000000000005e18       0x94 /Users/atrio/Documents/MATLAB/SupportPackages/R2020a_1/toolbox/target/supportpackages/freedomk64f/src/ksdk_armgcc_lib/bm/libksdk_platform.a(fsl_clock_MK64F12.o)
                0x0000000000005e18                CLOCK_SYS_SetConfiguration
 .text.CLOCK_SYS_FllStableDelay
                0x0000000000005eac       0x1a /Users/atrio/Documents/MATLAB/SupportPackages/R2020a_1/toolbox/target/supportpackages/freedomk64f/src/ksdk_armgcc_lib/bm/libksdk_platform.a(fsl_clock_MK64F12.o)
 *fill*         0x0000000000005ec6        0x2 
 .text.CLOCK_SYS_EnablePortClock
                0x0000000000005ec8       0x30 /Users/atrio/Documents/MATLAB/SupportPackages/R2020a_1/toolbox/target/supportpackages/freedomk64f/src/ksdk_armgcc_lib/bm/libksdk_platform.a(fsl_clock_MK64F12.o)
                0x0000000000005ec8                CLOCK_SYS_EnablePortClock
 .text.INT_SYS_EnableIRQGlobal
                0x0000000000005ef8       0x14 /Users/atrio/Documents/MATLAB/SupportPackages/R2020a_1/toolbox/target/supportpackages/freedomk64f/src/ksdk_armgcc_lib/bm/libksdk_platform.a(fsl_interrupt_manager.o)
                0x0000000000005ef8                INT_SYS_EnableIRQGlobal
 .text.INT_SYS_DisableIRQGlobal
                0x0000000000005f0c       0x10 /Users/atrio/Documents/MATLAB/SupportPackages/R2020a_1/toolbox/target/supportpackages/freedomk64f/src/ksdk_armgcc_lib/bm/libksdk_platform.a(fsl_interrupt_manager.o)
                0x0000000000005f0c                INT_SYS_DisableIRQGlobal
 .text.EDMA_DRV_IRQHandler
                0x0000000000005f1c       0x30 /Users/atrio/Documents/MATLAB/SupportPackages/R2020a_1/toolbox/target/supportpackages/freedomk64f/src/ksdk_armgcc_lib/bm/libksdk_platform.a(fsl_edma_driver.o)
                0x0000000000005f1c                EDMA_DRV_IRQHandler
 .text.EDMA_DRV_ErrorIRQHandler
                0x0000000000005f4c       0x88 /Users/atrio/Documents/MATLAB/SupportPackages/R2020a_1/toolbox/target/supportpackages/freedomk64f/src/ksdk_armgcc_lib/bm/libksdk_platform.a(fsl_edma_driver.o)
                0x0000000000005f4c                EDMA_DRV_ErrorIRQHandler
 .text.unlikely.PORT_HAL_SetMuxMode.part.0
                0x0000000000005fd4       0x1c /Users/atrio/Documents/MATLAB/SupportPackages/R2020a_1/toolbox/target/supportpackages/freedomk64f/src/ksdk_armgcc_lib/bm/libksdk_platform.a(fsl_gpio_driver.o)
 .text.GPIO_DRV_InputPinInit
                0x0000000000005ff0       0xe0 /Users/atrio/Documents/MATLAB/SupportPackages/R2020a_1/toolbox/target/supportpackages/freedomk64f/src/ksdk_armgcc_lib/bm/libksdk_platform.a(fsl_gpio_driver.o)
                0x0000000000005ff0                GPIO_DRV_InputPinInit
 .text.GPIO_DRV_OutputPinInit
                0x00000000000060d0       0x70 /Users/atrio/Documents/MATLAB/SupportPackages/R2020a_1/toolbox/target/supportpackages/freedomk64f/src/ksdk_armgcc_lib/bm/libksdk_platform.a(fsl_gpio_driver.o)
                0x00000000000060d0                GPIO_DRV_OutputPinInit
 .text.GPIO_DRV_WritePinOutput
                0x0000000000006140       0x1c /Users/atrio/Documents/MATLAB/SupportPackages/R2020a_1/toolbox/target/supportpackages/freedomk64f/src/ksdk_armgcc_lib/bm/libksdk_platform.a(fsl_gpio_driver.o)
                0x0000000000006140                GPIO_DRV_WritePinOutput
 .text.GPIO_DRV_ReadPinInput
                0x000000000000615c       0x3c /Users/atrio/Documents/MATLAB/SupportPackages/R2020a_1/toolbox/target/supportpackages/freedomk64f/src/ksdk_armgcc_lib/bm/libksdk_platform.a(fsl_gpio_driver.o)
                0x000000000000615c                GPIO_DRV_ReadPinInput
 .text.LPTMR_HAL_SetTimerWorkingMode
                0x0000000000006198       0x3c /Users/atrio/Documents/MATLAB/SupportPackages/R2020a_1/toolbox/target/supportpackages/freedomk64f/src/ksdk_armgcc_lib/bm/libksdk_platform.a(fsl_lptmr_hal.o)
                0x0000000000006198                LPTMR_HAL_SetTimerWorkingMode
 .text.LPTMR_HAL_SetPrescalerMode
                0x00000000000061d4       0x1a /Users/atrio/Documents/MATLAB/SupportPackages/R2020a_1/toolbox/target/supportpackages/freedomk64f/src/ksdk_armgcc_lib/bm/libksdk_platform.a(fsl_lptmr_hal.o)
                0x00000000000061d4                LPTMR_HAL_SetPrescalerMode
 *fill*         0x00000000000061ee        0x2 
 .text.CLOCK_HAL_TestOscFreq
                0x00000000000061f0       0x28 /Users/atrio/Documents/MATLAB/SupportPackages/R2020a_1/toolbox/target/supportpackages/freedomk64f/src/ksdk_armgcc_lib/bm/libksdk_platform.a(fsl_mcg_hal.o)
                0x00000000000061f0                CLOCK_HAL_TestOscFreq
 .text.CLOCK_HAL_GetMcgExternalClkFreq
                0x0000000000006218        0xa /Users/atrio/Documents/MATLAB/SupportPackages/R2020a_1/toolbox/target/supportpackages/freedomk64f/src/ksdk_armgcc_lib/bm/libksdk_platform.a(fsl_mcg_hal.o)
 .text.CLOCK_HAL_TestFllExternalRefFreq
                0x0000000000006222       0x32 /Users/atrio/Documents/MATLAB/SupportPackages/R2020a_1/toolbox/target/supportpackages/freedomk64f/src/ksdk_armgcc_lib/bm/libksdk_platform.a(fsl_mcg_hal.o)
                0x0000000000006222                CLOCK_HAL_TestFllExternalRefFreq
 .text.CLOCK_HAL_GetFllRefClk
                0x0000000000006254       0x3c /Users/atrio/Documents/MATLAB/SupportPackages/R2020a_1/toolbox/target/supportpackages/freedomk64f/src/ksdk_armgcc_lib/bm/libksdk_platform.a(fsl_mcg_hal.o)
                0x0000000000006254                CLOCK_HAL_GetFllRefClk
 .text.CLOCK_HAL_TestFllFreq
                0x0000000000006290       0x34 /Users/atrio/Documents/MATLAB/SupportPackages/R2020a_1/toolbox/target/supportpackages/freedomk64f/src/ksdk_armgcc_lib/bm/libksdk_platform.a(fsl_mcg_hal.o)
                0x0000000000006290                CLOCK_HAL_TestFllFreq
 .text.CLOCK_HAL_GetFllClk
                0x00000000000062c4       0x36 /Users/atrio/Documents/MATLAB/SupportPackages/R2020a_1/toolbox/target/supportpackages/freedomk64f/src/ksdk_armgcc_lib/bm/libksdk_platform.a(fsl_mcg_hal.o)
                0x00000000000062c4                CLOCK_HAL_GetFllClk
 .text.CLOCK_HAL_UpdateFastClkInternalRefDiv
                0x00000000000062fa       0x52 /Users/atrio/Documents/MATLAB/SupportPackages/R2020a_1/toolbox/target/supportpackages/freedomk64f/src/ksdk_armgcc_lib/bm/libksdk_platform.a(fsl_mcg_hal.o)
                0x00000000000062fa                CLOCK_HAL_UpdateFastClkInternalRefDiv
 .text.CLOCK_HAL_GetPll0Clk
                0x000000000000634c       0x3e /Users/atrio/Documents/MATLAB/SupportPackages/R2020a_1/toolbox/target/supportpackages/freedomk64f/src/ksdk_armgcc_lib/bm/libksdk_platform.a(fsl_mcg_hal.o)
                0x000000000000634c                CLOCK_HAL_GetPll0Clk
 .text.CLOCK_HAL_EnablePll0InFllMode
                0x000000000000638a       0x38 /Users/atrio/Documents/MATLAB/SupportPackages/R2020a_1/toolbox/target/supportpackages/freedomk64f/src/ksdk_armgcc_lib/bm/libksdk_platform.a(fsl_mcg_hal.o)
                0x000000000000638a                CLOCK_HAL_EnablePll0InFllMode
 *fill*         0x00000000000063c2        0x2 
 .text.CLOCK_HAL_GetInternalRefClk
                0x00000000000063c4       0x3c /Users/atrio/Documents/MATLAB/SupportPackages/R2020a_1/toolbox/target/supportpackages/freedomk64f/src/ksdk_armgcc_lib/bm/libksdk_platform.a(fsl_mcg_hal.o)
                0x00000000000063c4                CLOCK_HAL_GetInternalRefClk
 .text.CLOCK_HAL_GetOutClk
                0x0000000000006400       0x22 /Users/atrio/Documents/MATLAB/SupportPackages/R2020a_1/toolbox/target/supportpackages/freedomk64f/src/ksdk_armgcc_lib/bm/libksdk_platform.a(fsl_mcg_hal.o)
                0x0000000000006400                CLOCK_HAL_GetOutClk
 .text.CLOCK_HAL_SetOsc0Mode
                0x0000000000006422       0x24 /Users/atrio/Documents/MATLAB/SupportPackages/R2020a_1/toolbox/target/supportpackages/freedomk64f/src/ksdk_armgcc_lib/bm/libksdk_platform.a(fsl_mcg_hal.o)
                0x0000000000006422                CLOCK_HAL_SetOsc0Mode
 .text.CLOCK_HAL_PrepareOsc
                0x0000000000006446       0x2c /Users/atrio/Documents/MATLAB/SupportPackages/R2020a_1/toolbox/target/supportpackages/freedomk64f/src/ksdk_armgcc_lib/bm/libksdk_platform.a(fsl_mcg_hal_modes.o)
 .text.CLOCK_HAL_GetMcgMode
                0x0000000000006472       0x72 /Users/atrio/Documents/MATLAB/SupportPackages/R2020a_1/toolbox/target/supportpackages/freedomk64f/src/ksdk_armgcc_lib/bm/libksdk_platform.a(fsl_mcg_hal_modes.o)
                0x0000000000006472                CLOCK_HAL_GetMcgMode
 .text.CLOCK_HAL_SetFbiMode
                0x00000000000064e4       0xb8 /Users/atrio/Documents/MATLAB/SupportPackages/R2020a_1/toolbox/target/supportpackages/freedomk64f/src/ksdk_armgcc_lib/bm/libksdk_platform.a(fsl_mcg_hal_modes.o)
                0x00000000000064e4                CLOCK_HAL_SetFbiMode
 .text.CLOCK_HAL_SetFbeMode
                0x000000000000659c       0xea /Users/atrio/Documents/MATLAB/SupportPackages/R2020a_1/toolbox/target/supportpackages/freedomk64f/src/ksdk_armgcc_lib/bm/libksdk_platform.a(fsl_mcg_hal_modes.o)
                0x000000000000659c                CLOCK_HAL_SetFbeMode
 *fill*         0x0000000000006686        0x2 
 .text.CLOCK_HAL_SetPbeMode
                0x0000000000006688       0xd0 /Users/atrio/Documents/MATLAB/SupportPackages/R2020a_1/toolbox/target/supportpackages/freedomk64f/src/ksdk_armgcc_lib/bm/libksdk_platform.a(fsl_mcg_hal_modes.o)
                0x0000000000006688                CLOCK_HAL_SetPbeMode
 .text.OSC_HAL_SetCapacitor
                0x0000000000006758        0xe /Users/atrio/Documents/MATLAB/SupportPackages/R2020a_1/toolbox/target/supportpackages/freedomk64f/src/ksdk_armgcc_lib/bm/libksdk_platform.a(fsl_osc_hal.o)
                0x0000000000006758                OSC_HAL_SetCapacitor
 .text.CLOCK_HAL_SetOutDiv
                0x0000000000006766       0x28 /Users/atrio/Documents/MATLAB/SupportPackages/R2020a_1/toolbox/target/supportpackages/freedomk64f/src/ksdk_armgcc_lib/bm/libksdk_platform.a(fsl_sim_hal_MK64F12.o)
                0x0000000000006766                CLOCK_HAL_SetOutDiv
 *fill*         0x000000000000678e        0x2 
 .text.UART_DRV_CompleteSendData
                0x0000000000006790       0x54 /Users/atrio/Documents/MATLAB/SupportPackages/R2020a_1/toolbox/target/supportpackages/freedomk64f/src/ksdk_armgcc_lib/bm/libksdk_platform.a(fsl_uart_driver.o)
 .text.UART_DRV_CompleteReceiveData
                0x00000000000067e4       0x5c /Users/atrio/Documents/MATLAB/SupportPackages/R2020a_1/toolbox/target/supportpackages/freedomk64f/src/ksdk_armgcc_lib/bm/libksdk_platform.a(fsl_uart_driver.o)
 .text.UART_DRV_IRQHandler
                0x0000000000006840       0xdc /Users/atrio/Documents/MATLAB/SupportPackages/R2020a_1/toolbox/target/supportpackages/freedomk64f/src/ksdk_armgcc_lib/bm/libksdk_platform.a(fsl_uart_driver.o)
                0x0000000000006840                UART_DRV_IRQHandler
 .text.EDMA_HAL_SetDmaRequestCmd
                0x000000000000691c        0xa /Users/atrio/Documents/MATLAB/SupportPackages/R2020a_1/toolbox/target/supportpackages/freedomk64f/src/ksdk_armgcc_lib/bm/libksdk_platform.a(fsl_edma_hal.o)
                0x000000000000691c                EDMA_HAL_SetDmaRequestCmd
 *fill*         0x0000000000006926        0x2 
 .text.GPIO_HAL_SetPinDir
                0x0000000000006928       0x34 /Users/atrio/Documents/MATLAB/SupportPackages/R2020a_1/toolbox/target/supportpackages/freedomk64f/src/ksdk_armgcc_lib/bm/libksdk_platform.a(fsl_gpio_hal.o)
                0x0000000000006928                GPIO_HAL_SetPinDir
 .text.GPIO_HAL_WritePinOutput
                0x000000000000695c       0x30 /Users/atrio/Documents/MATLAB/SupportPackages/R2020a_1/toolbox/target/supportpackages/freedomk64f/src/ksdk_armgcc_lib/bm/libksdk_platform.a(fsl_gpio_hal.o)
                0x000000000000695c                GPIO_HAL_WritePinOutput
 .text.UART_HAL_Putchar
                0x000000000000698c        0x6 /Users/atrio/Documents/MATLAB/SupportPackages/R2020a_1/toolbox/target/supportpackages/freedomk64f/src/ksdk_armgcc_lib/bm/libksdk_platform.a(fsl_uart_hal.o)
                0x000000000000698c                UART_HAL_Putchar
 .text.UART_HAL_Getchar
                0x0000000000006992        0x8 /Users/atrio/Documents/MATLAB/SupportPackages/R2020a_1/toolbox/target/supportpackages/freedomk64f/src/ksdk_armgcc_lib/bm/libksdk_platform.a(fsl_uart_hal.o)
                0x0000000000006992                UART_HAL_Getchar
 .text.UART_HAL_SetIntMode
                0x000000000000699a       0x66 /Users/atrio/Documents/MATLAB/SupportPackages/R2020a_1/toolbox/target/supportpackages/freedomk64f/src/ksdk_armgcc_lib/bm/libksdk_platform.a(fsl_uart_hal.o)
                0x000000000000699a                UART_HAL_SetIntMode
 .text.UART_HAL_GetStatusFlag
                0x0000000000006a00       0x2a /Users/atrio/Documents/MATLAB/SupportPackages/R2020a_1/toolbox/target/supportpackages/freedomk64f/src/ksdk_armgcc_lib/bm/libksdk_platform.a(fsl_uart_hal.o)
                0x0000000000006a00                UART_HAL_GetStatusFlag
 .text.UART_HAL_ClearStatusFlag
                0x0000000000006a2a       0x64 /Users/atrio/Documents/MATLAB/SupportPackages/R2020a_1/toolbox/target/supportpackages/freedomk64f/src/ksdk_armgcc_lib/bm/libksdk_platform.a(fsl_uart_hal.o)
                0x0000000000006a2a                UART_HAL_ClearStatusFlag
 *fill*         0x0000000000006a8e        0x2 
 .text.ceil     0x0000000000006a90      0x110 /Users/atrio/Documents/MATLAB/SupportPackages/R2020a_1/3P.instrset/gnuarm-armcortex.instrset/maci64/gcc-arm-none-eabi-7-2017-q4-major/bin/../lib/gcc/arm-none-eabi/7.2.1/../../../../arm-none-eabi/lib/thumb/v7e-m/fpv4-sp/hard/libm.a(lib_a-s_ceil.o)
                0x0000000000006a90                ceil
 .text.abort    0x0000000000006ba0       0x10 /Users/atrio/Documents/MATLAB/SupportPackages/R2020a_1/3P.instrset/gnuarm-armcortex.instrset/maci64/gcc-arm-none-eabi-7-2017-q4-major/bin/../lib/gcc/arm-none-eabi/7.2.1/../../../../arm-none-eabi/lib/thumb/v7e-m/fpv4-sp/hard/libg.a(lib_a-abort.o)
                0x0000000000006ba0                abort
 .text.__assert_func
                0x0000000000006bb0       0x3c /Users/atrio/Documents/MATLAB/SupportPackages/R2020a_1/3P.instrset/gnuarm-armcortex.instrset/maci64/gcc-arm-none-eabi-7-2017-q4-major/bin/../lib/gcc/arm-none-eabi/7.2.1/../../../../arm-none-eabi/lib/thumb/v7e-m/fpv4-sp/hard/libg.a(lib_a-assert.o)
                0x0000000000006bb0                __assert_func
 .text.atexit   0x0000000000006bec        0xc /Users/atrio/Documents/MATLAB/SupportPackages/R2020a_1/3P.instrset/gnuarm-armcortex.instrset/maci64/gcc-arm-none-eabi-7-2017-q4-major/bin/../lib/gcc/arm-none-eabi/7.2.1/../../../../arm-none-eabi/lib/thumb/v7e-m/fpv4-sp/hard/libg.a(lib_a-atexit.o)
                0x0000000000006bec                atexit
 .text.__errno  0x0000000000006bf8        0xc /Users/atrio/Documents/MATLAB/SupportPackages/R2020a_1/3P.instrset/gnuarm-armcortex.instrset/maci64/gcc-arm-none-eabi-7-2017-q4-major/bin/../lib/gcc/arm-none-eabi/7.2.1/../../../../arm-none-eabi/lib/thumb/v7e-m/fpv4-sp/hard/libg.a(lib_a-errno.o)
                0x0000000000006bf8                __errno
 .text.exit     0x0000000000006c04       0x20 /Users/atrio/Documents/MATLAB/SupportPackages/R2020a_1/3P.instrset/gnuarm-armcortex.instrset/maci64/gcc-arm-none-eabi-7-2017-q4-major/bin/../lib/gcc/arm-none-eabi/7.2.1/../../../../arm-none-eabi/lib/thumb/v7e-m/fpv4-sp/hard/libg.a(lib_a-exit.o)
                0x0000000000006c04                exit
 .text.__libc_fini_array
                0x0000000000006c24       0x34 /Users/atrio/Documents/MATLAB/SupportPackages/R2020a_1/3P.instrset/gnuarm-armcortex.instrset/maci64/gcc-arm-none-eabi-7-2017-q4-major/bin/../lib/gcc/arm-none-eabi/7.2.1/../../../../arm-none-eabi/lib/thumb/v7e-m/fpv4-sp/hard/libg.a(lib_a-fini.o)
                0x0000000000006c24                __libc_fini_array
 .text.fiprintf
                0x0000000000006c58       0x28 /Users/atrio/Documents/MATLAB/SupportPackages/R2020a_1/3P.instrset/gnuarm-armcortex.instrset/maci64/gcc-arm-none-eabi-7-2017-q4-major/bin/../lib/gcc/arm-none-eabi/7.2.1/../../../../arm-none-eabi/lib/thumb/v7e-m/fpv4-sp/hard/libg.a(lib_a-fiprintf.o)
                0x0000000000006c58                fiprintf
 .text.__libc_init_array
                0x0000000000006c80       0x48 /Users/atrio/Documents/MATLAB/SupportPackages/R2020a_1/3P.instrset/gnuarm-armcortex.instrset/maci64/gcc-arm-none-eabi-7-2017-q4-major/bin/../lib/gcc/arm-none-eabi/7.2.1/../../../../arm-none-eabi/lib/thumb/v7e-m/fpv4-sp/hard/libg.a(lib_a-init.o)
                0x0000000000006c80                __libc_init_array
 .text.malloc   0x0000000000006cc8       0x10 /Users/atrio/Documents/MATLAB/SupportPackages/R2020a_1/3P.instrset/gnuarm-armcortex.instrset/maci64/gcc-arm-none-eabi-7-2017-q4-major/bin/../lib/gcc/arm-none-eabi/7.2.1/../../../../arm-none-eabi/lib/thumb/v7e-m/fpv4-sp/hard/libg.a(lib_a-malloc.o)
                0x0000000000006cc8                malloc
 .text.free     0x0000000000006cd8       0x10 /Users/atrio/Documents/MATLAB/SupportPackages/R2020a_1/3P.instrset/gnuarm-armcortex.instrset/maci64/gcc-arm-none-eabi-7-2017-q4-major/bin/../lib/gcc/arm-none-eabi/7.2.1/../../../../arm-none-eabi/lib/thumb/v7e-m/fpv4-sp/hard/libg.a(lib_a-malloc.o)
                0x0000000000006cd8                free
 .text._malloc_r
                0x0000000000006ce8      0x548 /Users/atrio/Documents/MATLAB/SupportPackages/R2020a_1/3P.instrset/gnuarm-armcortex.instrset/maci64/gcc-arm-none-eabi-7-2017-q4-major/bin/../lib/gcc/arm-none-eabi/7.2.1/../../../../arm-none-eabi/lib/thumb/v7e-m/fpv4-sp/hard/libg.a(lib_a-mallocr.o)
                0x0000000000006ce8                _malloc_r
 .text.memset   0x0000000000007230       0x94 /Users/atrio/Documents/MATLAB/SupportPackages/R2020a_1/3P.instrset/gnuarm-armcortex.instrset/maci64/gcc-arm-none-eabi-7-2017-q4-major/bin/../lib/gcc/arm-none-eabi/7.2.1/../../../../arm-none-eabi/lib/thumb/v7e-m/fpv4-sp/hard/libg.a(lib_a-memset.o)
                0x0000000000007230                memset
 .text.__malloc_lock
                0x00000000000072c4        0xc /Users/atrio/Documents/MATLAB/SupportPackages/R2020a_1/3P.instrset/gnuarm-armcortex.instrset/maci64/gcc-arm-none-eabi-7-2017-q4-major/bin/../lib/gcc/arm-none-eabi/7.2.1/../../../../arm-none-eabi/lib/thumb/v7e-m/fpv4-sp/hard/libg.a(lib_a-mlock.o)
                0x00000000000072c4                __malloc_lock
 .text.__malloc_unlock
                0x00000000000072d0        0xc /Users/atrio/Documents/MATLAB/SupportPackages/R2020a_1/3P.instrset/gnuarm-armcortex.instrset/maci64/gcc-arm-none-eabi-7-2017-q4-major/bin/../lib/gcc/arm-none-eabi/7.2.1/../../../../arm-none-eabi/lib/thumb/v7e-m/fpv4-sp/hard/libg.a(lib_a-mlock.o)
                0x00000000000072d0                __malloc_unlock
 .text._sbrk_r  0x00000000000072dc       0x24 /Users/atrio/Documents/MATLAB/SupportPackages/R2020a_1/3P.instrset/gnuarm-armcortex.instrset/maci64/gcc-arm-none-eabi-7-2017-q4-major/bin/../lib/gcc/arm-none-eabi/7.2.1/../../../../arm-none-eabi/lib/thumb/v7e-m/fpv4-sp/hard/libg.a(lib_a-sbrkr.o)
                0x00000000000072dc                _sbrk_r
 .text._raise_r
                0x0000000000007300       0x58 /Users/atrio/Documents/MATLAB/SupportPackages/R2020a_1/3P.instrset/gnuarm-armcortex.instrset/maci64/gcc-arm-none-eabi-7-2017-q4-major/bin/../lib/gcc/arm-none-eabi/7.2.1/../../../../arm-none-eabi/lib/thumb/v7e-m/fpv4-sp/hard/libg.a(lib_a-signal.o)
                0x0000000000007300                _raise_r
 .text.raise    0x0000000000007358       0x10 /Users/atrio/Documents/MATLAB/SupportPackages/R2020a_1/3P.instrset/gnuarm-armcortex.instrset/maci64/gcc-arm-none-eabi-7-2017-q4-major/bin/../lib/gcc/arm-none-eabi/7.2.1/../../../../arm-none-eabi/lib/thumb/v7e-m/fpv4-sp/hard/libg.a(lib_a-signal.o)
                0x0000000000007358                raise
 .text._kill_r  0x0000000000007368       0x28 /Users/atrio/Documents/MATLAB/SupportPackages/R2020a_1/3P.instrset/gnuarm-armcortex.instrset/maci64/gcc-arm-none-eabi-7-2017-q4-major/bin/../lib/gcc/arm-none-eabi/7.2.1/../../../../arm-none-eabi/lib/thumb/v7e-m/fpv4-sp/hard/libg.a(lib_a-signalr.o)
                0x0000000000007368                _kill_r
 .text._getpid_r
                0x0000000000007390        0x4 /Users/atrio/Documents/MATLAB/SupportPackages/R2020a_1/3P.instrset/gnuarm-armcortex.instrset/maci64/gcc-arm-none-eabi-7-2017-q4-major/bin/../lib/gcc/arm-none-eabi/7.2.1/../../../../arm-none-eabi/lib/thumb/v7e-m/fpv4-sp/hard/libg.a(lib_a-signalr.o)
                0x0000000000007390                _getpid_r
 .text.__sprint_r.part.0
                0x0000000000007394       0x78 /Users/atrio/Documents/MATLAB/SupportPackages/R2020a_1/3P.instrset/gnuarm-armcortex.instrset/maci64/gcc-arm-none-eabi-7-2017-q4-major/bin/../lib/gcc/arm-none-eabi/7.2.1/../../../../arm-none-eabi/lib/thumb/v7e-m/fpv4-sp/hard/libg.a(lib_a-vfiprintf.o)
 .text._vfiprintf_r
                0x000000000000740c      0xc24 /Users/atrio/Documents/MATLAB/SupportPackages/R2020a_1/3P.instrset/gnuarm-armcortex.instrset/maci64/gcc-arm-none-eabi-7-2017-q4-major/bin/../lib/gcc/arm-none-eabi/7.2.1/../../../../arm-none-eabi/lib/thumb/v7e-m/fpv4-sp/hard/libg.a(lib_a-vfiprintf.o)
                0x000000000000740c                _vfiprintf_r
 .text.__sbprintf
                0x0000000000008030       0x84 /Users/atrio/Documents/MATLAB/SupportPackages/R2020a_1/3P.instrset/gnuarm-armcortex.instrset/maci64/gcc-arm-none-eabi-7-2017-q4-major/bin/../lib/gcc/arm-none-eabi/7.2.1/../../../../arm-none-eabi/lib/thumb/v7e-m/fpv4-sp/hard/libg.a(lib_a-vfiprintf.o)
 .text.__swsetup_r
                0x00000000000080b4       0xcc /Users/atrio/Documents/MATLAB/SupportPackages/R2020a_1/3P.instrset/gnuarm-armcortex.instrset/maci64/gcc-arm-none-eabi-7-2017-q4-major/bin/../lib/gcc/arm-none-eabi/7.2.1/../../../../arm-none-eabi/lib/thumb/v7e-m/fpv4-sp/hard/libg.a(lib_a-wsetup.o)
                0x00000000000080b4                __swsetup_r
 .text.__register_exitproc
                0x0000000000008180       0xc0 /Users/atrio/Documents/MATLAB/SupportPackages/R2020a_1/3P.instrset/gnuarm-armcortex.instrset/maci64/gcc-arm-none-eabi-7-2017-q4-major/bin/../lib/gcc/arm-none-eabi/7.2.1/../../../../arm-none-eabi/lib/thumb/v7e-m/fpv4-sp/hard/libg.a(lib_a-__atexit.o)
                0x0000000000008180                __register_exitproc
 .text.startup.register_fini
                0x0000000000008240       0x14 /Users/atrio/Documents/MATLAB/SupportPackages/R2020a_1/3P.instrset/gnuarm-armcortex.instrset/maci64/gcc-arm-none-eabi-7-2017-q4-major/bin/../lib/gcc/arm-none-eabi/7.2.1/../../../../arm-none-eabi/lib/thumb/v7e-m/fpv4-sp/hard/libg.a(lib_a-__call_atexit.o)
 .text.__call_exitprocs
                0x0000000000008254       0xe8 /Users/atrio/Documents/MATLAB/SupportPackages/R2020a_1/3P.instrset/gnuarm-armcortex.instrset/maci64/gcc-arm-none-eabi-7-2017-q4-major/bin/../lib/gcc/arm-none-eabi/7.2.1/../../../../arm-none-eabi/lib/thumb/v7e-m/fpv4-sp/hard/libg.a(lib_a-__call_atexit.o)
                0x0000000000008254                __call_exitprocs
 .text.__sflush_r
                0x000000000000833c      0x154 /Users/atrio/Documents/MATLAB/SupportPackages/R2020a_1/3P.instrset/gnuarm-armcortex.instrset/maci64/gcc-arm-none-eabi-7-2017-q4-major/bin/../lib/gcc/arm-none-eabi/7.2.1/../../../../arm-none-eabi/lib/thumb/v7e-m/fpv4-sp/hard/libg.a(lib_a-fflush.o)
                0x000000000000833c                __sflush_r
 .text._fflush_r
                0x0000000000008490       0x5c /Users/atrio/Documents/MATLAB/SupportPackages/R2020a_1/3P.instrset/gnuarm-armcortex.instrset/maci64/gcc-arm-none-eabi-7-2017-q4-major/bin/../lib/gcc/arm-none-eabi/7.2.1/../../../../arm-none-eabi/lib/thumb/v7e-m/fpv4-sp/hard/libg.a(lib_a-fflush.o)
                0x0000000000008490                _fflush_r
 .text.std      0x00000000000084ec       0x50 /Users/atrio/Documents/MATLAB/SupportPackages/R2020a_1/3P.instrset/gnuarm-armcortex.instrset/maci64/gcc-arm-none-eabi-7-2017-q4-major/bin/../lib/gcc/arm-none-eabi/7.2.1/../../../../arm-none-eabi/lib/thumb/v7e-m/fpv4-sp/hard/libg.a(lib_a-findfp.o)
 .text._cleanup_r
                0x000000000000853c        0xc /Users/atrio/Documents/MATLAB/SupportPackages/R2020a_1/3P.instrset/gnuarm-armcortex.instrset/maci64/gcc-arm-none-eabi-7-2017-q4-major/bin/../lib/gcc/arm-none-eabi/7.2.1/../../../../arm-none-eabi/lib/thumb/v7e-m/fpv4-sp/hard/libg.a(lib_a-findfp.o)
                0x000000000000853c                _cleanup_r
 .text.__sinit  0x0000000000008548       0x58 /Users/atrio/Documents/MATLAB/SupportPackages/R2020a_1/3P.instrset/gnuarm-armcortex.instrset/maci64/gcc-arm-none-eabi-7-2017-q4-major/bin/../lib/gcc/arm-none-eabi/7.2.1/../../../../arm-none-eabi/lib/thumb/v7e-m/fpv4-sp/hard/libg.a(lib_a-findfp.o)
                0x0000000000008548                __sinit
 .text.__sfp_lock_acquire
                0x00000000000085a0        0xc /Users/atrio/Documents/MATLAB/SupportPackages/R2020a_1/3P.instrset/gnuarm-armcortex.instrset/maci64/gcc-arm-none-eabi-7-2017-q4-major/bin/../lib/gcc/arm-none-eabi/7.2.1/../../../../arm-none-eabi/lib/thumb/v7e-m/fpv4-sp/hard/libg.a(lib_a-findfp.o)
                0x00000000000085a0                __sfp_lock_acquire
 .text.__sfp_lock_release
                0x00000000000085ac        0xc /Users/atrio/Documents/MATLAB/SupportPackages/R2020a_1/3P.instrset/gnuarm-armcortex.instrset/maci64/gcc-arm-none-eabi-7-2017-q4-major/bin/../lib/gcc/arm-none-eabi/7.2.1/../../../../arm-none-eabi/lib/thumb/v7e-m/fpv4-sp/hard/libg.a(lib_a-findfp.o)
                0x00000000000085ac                __sfp_lock_release
 .text.__fputwc
                0x00000000000085b8       0xa0 /Users/atrio/Documents/MATLAB/SupportPackages/R2020a_1/3P.instrset/gnuarm-armcortex.instrset/maci64/gcc-arm-none-eabi-7-2017-q4-major/bin/../lib/gcc/arm-none-eabi/7.2.1/../../../../arm-none-eabi/lib/thumb/v7e-m/fpv4-sp/hard/libg.a(lib_a-fputwc.o)
                0x00000000000085b8                __fputwc
 .text._fputwc_r
                0x0000000000008658       0x64 /Users/atrio/Documents/MATLAB/SupportPackages/R2020a_1/3P.instrset/gnuarm-armcortex.instrset/maci64/gcc-arm-none-eabi-7-2017-q4-major/bin/../lib/gcc/arm-none-eabi/7.2.1/../../../../arm-none-eabi/lib/thumb/v7e-m/fpv4-sp/hard/libg.a(lib_a-fputwc.o)
                0x0000000000008658                _fputwc_r
 .text._malloc_trim_r
                0x00000000000086bc       0xa0 /Users/atrio/Documents/MATLAB/SupportPackages/R2020a_1/3P.instrset/gnuarm-armcortex.instrset/maci64/gcc-arm-none-eabi-7-2017-q4-major/bin/../lib/gcc/arm-none-eabi/7.2.1/../../../../arm-none-eabi/lib/thumb/v7e-m/fpv4-sp/hard/libg.a(lib_a-freer.o)
                0x00000000000086bc                _malloc_trim_r
 .text._free_r  0x000000000000875c      0x1e8 /Users/atrio/Documents/MATLAB/SupportPackages/R2020a_1/3P.instrset/gnuarm-armcortex.instrset/maci64/gcc-arm-none-eabi-7-2017-q4-major/bin/../lib/gcc/arm-none-eabi/7.2.1/../../../../arm-none-eabi/lib/thumb/v7e-m/fpv4-sp/hard/libg.a(lib_a-freer.o)
                0x000000000000875c                _free_r
 .text.__sfvwrite_r
                0x0000000000008944      0x2fc /Users/atrio/Documents/MATLAB/SupportPackages/R2020a_1/3P.instrset/gnuarm-armcortex.instrset/maci64/gcc-arm-none-eabi-7-2017-q4-major/bin/../lib/gcc/arm-none-eabi/7.2.1/../../../../arm-none-eabi/lib/thumb/v7e-m/fpv4-sp/hard/libg.a(lib_a-fvwrite.o)
                0x0000000000008944                __sfvwrite_r
 .text._fwalk_reent
                0x0000000000008c40       0x54 /Users/atrio/Documents/MATLAB/SupportPackages/R2020a_1/3P.instrset/gnuarm-armcortex.instrset/maci64/gcc-arm-none-eabi-7-2017-q4-major/bin/../lib/gcc/arm-none-eabi/7.2.1/../../../../arm-none-eabi/lib/thumb/v7e-m/fpv4-sp/hard/libg.a(lib_a-fwalk.o)
                0x0000000000008c40                _fwalk_reent
 .text.__locale_mb_cur_max
                0x0000000000008c94       0x1c /Users/atrio/Documents/MATLAB/SupportPackages/R2020a_1/3P.instrset/gnuarm-armcortex.instrset/maci64/gcc-arm-none-eabi-7-2017-q4-major/bin/../lib/gcc/arm-none-eabi/7.2.1/../../../../arm-none-eabi/lib/thumb/v7e-m/fpv4-sp/hard/libg.a(lib_a-locale.o)
                0x0000000000008c94                __locale_mb_cur_max
 .text.__retarget_lock_init_recursive
                0x0000000000008cb0        0x4 /Users/atrio/Documents/MATLAB/SupportPackages/R2020a_1/3P.instrset/gnuarm-armcortex.instrset/maci64/gcc-arm-none-eabi-7-2017-q4-major/bin/../lib/gcc/arm-none-eabi/7.2.1/../../../../arm-none-eabi/lib/thumb/v7e-m/fpv4-sp/hard/libg.a(lib_a-lock.o)
                0x0000000000008cb0                __retarget_lock_init_recursive
 .text.__retarget_lock_close_recursive
                0x0000000000008cb4        0x4 /Users/atrio/Documents/MATLAB/SupportPackages/R2020a_1/3P.instrset/gnuarm-armcortex.instrset/maci64/gcc-arm-none-eabi-7-2017-q4-major/bin/../lib/gcc/arm-none-eabi/7.2.1/../../../../arm-none-eabi/lib/thumb/v7e-m/fpv4-sp/hard/libg.a(lib_a-lock.o)
                0x0000000000008cb4                __retarget_lock_close_recursive
 .text.__retarget_lock_acquire_recursive
                0x0000000000008cb8        0x4 /Users/atrio/Documents/MATLAB/SupportPackages/R2020a_1/3P.instrset/gnuarm-armcortex.instrset/maci64/gcc-arm-none-eabi-7-2017-q4-major/bin/../lib/gcc/arm-none-eabi/7.2.1/../../../../arm-none-eabi/lib/thumb/v7e-m/fpv4-sp/hard/libg.a(lib_a-lock.o)
                0x0000000000008cb8                __retarget_lock_acquire_recursive
 .text.__retarget_lock_release_recursive
                0x0000000000008cbc        0x4 /Users/atrio/Documents/MATLAB/SupportPackages/R2020a_1/3P.instrset/gnuarm-armcortex.instrset/maci64/gcc-arm-none-eabi-7-2017-q4-major/bin/../lib/gcc/arm-none-eabi/7.2.1/../../../../arm-none-eabi/lib/thumb/v7e-m/fpv4-sp/hard/libg.a(lib_a-lock.o)
                0x0000000000008cbc                __retarget_lock_release_recursive
 .text.__swhatbuf_r
                0x0000000000008cc0       0x5c /Users/atrio/Documents/MATLAB/SupportPackages/R2020a_1/3P.instrset/gnuarm-armcortex.instrset/maci64/gcc-arm-none-eabi-7-2017-q4-major/bin/../lib/gcc/arm-none-eabi/7.2.1/../../../../arm-none-eabi/lib/thumb/v7e-m/fpv4-sp/hard/libg.a(lib_a-makebuf.o)
                0x0000000000008cc0                __swhatbuf_r
 .text.__smakebuf_r
                0x0000000000008d1c       0x94 /Users/atrio/Documents/MATLAB/SupportPackages/R2020a_1/3P.instrset/gnuarm-armcortex.instrset/maci64/gcc-arm-none-eabi-7-2017-q4-major/bin/../lib/gcc/arm-none-eabi/7.2.1/../../../../arm-none-eabi/lib/thumb/v7e-m/fpv4-sp/hard/libg.a(lib_a-makebuf.o)
                0x0000000000008d1c                __smakebuf_r
 .text.__ascii_mbtowc
                0x0000000000008db0       0x2c /Users/atrio/Documents/MATLAB/SupportPackages/R2020a_1/3P.instrset/gnuarm-armcortex.instrset/maci64/gcc-arm-none-eabi-7-2017-q4-major/bin/../lib/gcc/arm-none-eabi/7.2.1/../../../../arm-none-eabi/lib/thumb/v7e-m/fpv4-sp/hard/libg.a(lib_a-mbtowc_r.o)
                0x0000000000008db0                __ascii_mbtowc
 .text.memmove  0x0000000000008ddc       0xc8 /Users/atrio/Documents/MATLAB/SupportPackages/R2020a_1/3P.instrset/gnuarm-armcortex.instrset/maci64/gcc-arm-none-eabi-7-2017-q4-major/bin/../lib/gcc/arm-none-eabi/7.2.1/../../../../arm-none-eabi/lib/thumb/v7e-m/fpv4-sp/hard/libg.a(lib_a-memmove.o)
                0x0000000000008ddc                memmove
 .text._realloc_r
                0x0000000000008ea4      0x35c /Users/atrio/Documents/MATLAB/SupportPackages/R2020a_1/3P.instrset/gnuarm-armcortex.instrset/maci64/gcc-arm-none-eabi-7-2017-q4-major/bin/../lib/gcc/arm-none-eabi/7.2.1/../../../../arm-none-eabi/lib/thumb/v7e-m/fpv4-sp/hard/libg.a(lib_a-reallocr.o)
                0x0000000000008ea4                _realloc_r
 .text.__sread  0x0000000000009200       0x24 /Users/atrio/Documents/MATLAB/SupportPackages/R2020a_1/3P.instrset/gnuarm-armcortex.instrset/maci64/gcc-arm-none-eabi-7-2017-q4-major/bin/../lib/gcc/arm-none-eabi/7.2.1/../../../../arm-none-eabi/lib/thumb/v7e-m/fpv4-sp/hard/libg.a(lib_a-stdio.o)
                0x0000000000009200                __sread
 .text.__swrite
                0x0000000000009224       0x3c /Users/atrio/Documents/MATLAB/SupportPackages/R2020a_1/3P.instrset/gnuarm-armcortex.instrset/maci64/gcc-arm-none-eabi-7-2017-q4-major/bin/../lib/gcc/arm-none-eabi/7.2.1/../../../../arm-none-eabi/lib/thumb/v7e-m/fpv4-sp/hard/libg.a(lib_a-stdio.o)
                0x0000000000009224                __swrite
 .text.__sseek  0x0000000000009260       0x20 /Users/atrio/Documents/MATLAB/SupportPackages/R2020a_1/3P.instrset/gnuarm-armcortex.instrset/maci64/gcc-arm-none-eabi-7-2017-q4-major/bin/../lib/gcc/arm-none-eabi/7.2.1/../../../../arm-none-eabi/lib/thumb/v7e-m/fpv4-sp/hard/libg.a(lib_a-stdio.o)
                0x0000000000009260                __sseek
 .text.__sclose
                0x0000000000009280        0x8 /Users/atrio/Documents/MATLAB/SupportPackages/R2020a_1/3P.instrset/gnuarm-armcortex.instrset/maci64/gcc-arm-none-eabi-7-2017-q4-major/bin/../lib/gcc/arm-none-eabi/7.2.1/../../../../arm-none-eabi/lib/thumb/v7e-m/fpv4-sp/hard/libg.a(lib_a-stdio.o)
                0x0000000000009280                __sclose
 .text.__swbuf_r
                0x0000000000009288       0xb0 /Users/atrio/Documents/MATLAB/SupportPackages/R2020a_1/3P.instrset/gnuarm-armcortex.instrset/maci64/gcc-arm-none-eabi-7-2017-q4-major/bin/../lib/gcc/arm-none-eabi/7.2.1/../../../../arm-none-eabi/lib/thumb/v7e-m/fpv4-sp/hard/libg.a(lib_a-wbuf.o)
                0x0000000000009288                __swbuf_r
 .text._wcrtomb_r
                0x0000000000009338       0x50 /Users/atrio/Documents/MATLAB/SupportPackages/R2020a_1/3P.instrset/gnuarm-armcortex.instrset/maci64/gcc-arm-none-eabi-7-2017-q4-major/bin/../lib/gcc/arm-none-eabi/7.2.1/../../../../arm-none-eabi/lib/thumb/v7e-m/fpv4-sp/hard/libg.a(lib_a-wcrtomb.o)
                0x0000000000009338                _wcrtomb_r
 .text.__ascii_wctomb
                0x0000000000009388       0x1c /Users/atrio/Documents/MATLAB/SupportPackages/R2020a_1/3P.instrset/gnuarm-armcortex.instrset/maci64/gcc-arm-none-eabi-7-2017-q4-major/bin/../lib/gcc/arm-none-eabi/7.2.1/../../../../arm-none-eabi/lib/thumb/v7e-m/fpv4-sp/hard/libg.a(lib_a-wctomb_r.o)
                0x0000000000009388                __ascii_wctomb
 .text._write_r
                0x00000000000093a4       0x2c /Users/atrio/Documents/MATLAB/SupportPackages/R2020a_1/3P.instrset/gnuarm-armcortex.instrset/maci64/gcc-arm-none-eabi-7-2017-q4-major/bin/../lib/gcc/arm-none-eabi/7.2.1/../../../../arm-none-eabi/lib/thumb/v7e-m/fpv4-sp/hard/libg.a(lib_a-writer.o)
                0x00000000000093a4                _write_r
 .text._close_r
                0x00000000000093d0       0x24 /Users/atrio/Documents/MATLAB/SupportPackages/R2020a_1/3P.instrset/gnuarm-armcortex.instrset/maci64/gcc-arm-none-eabi-7-2017-q4-major/bin/../lib/gcc/arm-none-eabi/7.2.1/../../../../arm-none-eabi/lib/thumb/v7e-m/fpv4-sp/hard/libg.a(lib_a-closer.o)
                0x00000000000093d0                _close_r
 .text._fclose_r
                0x00000000000093f4       0xd0 /Users/atrio/Documents/MATLAB/SupportPackages/R2020a_1/3P.instrset/gnuarm-armcortex.instrset/maci64/gcc-arm-none-eabi-7-2017-q4-major/bin/../lib/gcc/arm-none-eabi/7.2.1/../../../../arm-none-eabi/lib/thumb/v7e-m/fpv4-sp/hard/libg.a(lib_a-fclose.o)
                0x00000000000093f4                _fclose_r
 .text._fstat_r
                0x00000000000094c4       0x28 /Users/atrio/Documents/MATLAB/SupportPackages/R2020a_1/3P.instrset/gnuarm-armcortex.instrset/maci64/gcc-arm-none-eabi-7-2017-q4-major/bin/../lib/gcc/arm-none-eabi/7.2.1/../../../../arm-none-eabi/lib/thumb/v7e-m/fpv4-sp/hard/libg.a(lib_a-fstatr.o)
                0x00000000000094c4                _fstat_r
 .text._isatty_r
                0x00000000000094ec       0x24 /Users/atrio/Documents/MATLAB/SupportPackages/R2020a_1/3P.instrset/gnuarm-armcortex.instrset/maci64/gcc-arm-none-eabi-7-2017-q4-major/bin/../lib/gcc/arm-none-eabi/7.2.1/../../../../arm-none-eabi/lib/thumb/v7e-m/fpv4-sp/hard/libg.a(lib_a-isattyr.o)
                0x00000000000094ec                _isatty_r
 .text._lseek_r
                0x0000000000009510       0x2c /Users/atrio/Documents/MATLAB/SupportPackages/R2020a_1/3P.instrset/gnuarm-armcortex.instrset/maci64/gcc-arm-none-eabi-7-2017-q4-major/bin/../lib/gcc/arm-none-eabi/7.2.1/../../../../arm-none-eabi/lib/thumb/v7e-m/fpv4-sp/hard/libg.a(lib_a-lseekr.o)
                0x0000000000009510                _lseek_r
 .text._read_r  0x000000000000953c       0x2c /Users/atrio/Documents/MATLAB/SupportPackages/R2020a_1/3P.instrset/gnuarm-armcortex.instrset/maci64/gcc-arm-none-eabi-7-2017-q4-major/bin/../lib/gcc/arm-none-eabi/7.2.1/../../../../arm-none-eabi/lib/thumb/v7e-m/fpv4-sp/hard/libg.a(lib_a-readr.o)
                0x000000000000953c                _read_r