Archive member included to satisfy reference by file (symbol)

C:/ProgramData/MATLAB/SupportPackages/R2020a/3P.instrset/cmsis.instrset/CMSIS/RTOS/RTX/LIB/GCC/libRTX_CM4.a(rt_cmsis.o)
                              RTX_Conf_CM.o (osKernelInitialize)
C:/ProgramData/MATLAB/SupportPackages/R2020a/3P.instrset/cmsis.instrset/CMSIS/RTOS/RTX/LIB/GCC/libRTX_CM4.a(hal_cm.o)
                              C:/ProgramData/MATLAB/SupportPackages/R2020a/3P.instrset/cmsis.instrset/CMSIS/RTOS/RTX/LIB/GCC/libRTX_CM4.a(rt_cmsis.o) (rt_ret_val)
C:/ProgramData/MATLAB/SupportPackages/R2020a/3P.instrset/cmsis.instrset/CMSIS/RTOS/RTX/LIB/GCC/libRTX_CM4.a(rt_memory.o)
                              C:/ProgramData/MATLAB/SupportPackages/R2020a/3P.instrset/cmsis.instrset/CMSIS/RTOS/RTX/LIB/GCC/libRTX_CM4.a(rt_cmsis.o) (rt_init_mem)
C:/ProgramData/MATLAB/SupportPackages/R2020a/3P.instrset/cmsis.instrset/CMSIS/RTOS/RTX/LIB/GCC/libRTX_CM4.a(rt_membox.o)
                              C:/ProgramData/MATLAB/SupportPackages/R2020a/3P.instrset/cmsis.instrset/CMSIS/RTOS/RTX/LIB/GCC/libRTX_CM4.a(rt_cmsis.o) (_init_box)
C:/ProgramData/MATLAB/SupportPackages/R2020a/3P.instrset/cmsis.instrset/CMSIS/RTOS/RTX/LIB/GCC/libRTX_CM4.a(rt_mutex.o)
                              C:/ProgramData/MATLAB/SupportPackages/R2020a/3P.instrset/cmsis.instrset/CMSIS/RTOS/RTX/LIB/GCC/libRTX_CM4.a(rt_cmsis.o) (rt_mut_init)
C:/ProgramData/MATLAB/SupportPackages/R2020a/3P.instrset/cmsis.instrset/CMSIS/RTOS/RTX/LIB/GCC/libRTX_CM4.a(rt_time.o)
                              C:/ProgramData/MATLAB/SupportPackages/R2020a/3P.instrset/cmsis.instrset/CMSIS/RTOS/RTX/LIB/GCC/libRTX_CM4.a(rt_cmsis.o) (os_time)
C:/ProgramData/MATLAB/SupportPackages/R2020a/3P.instrset/cmsis.instrset/CMSIS/RTOS/RTX/LIB/GCC/libRTX_CM4.a(rt_semaphore.o)
                              C:/ProgramData/MATLAB/SupportPackages/R2020a/3P.instrset/cmsis.instrset/CMSIS/RTOS/RTX/LIB/GCC/libRTX_CM4.a(rt_cmsis.o) (rt_sem_init)
C:/ProgramData/MATLAB/SupportPackages/R2020a/3P.instrset/cmsis.instrset/CMSIS/RTOS/RTX/LIB/GCC/libRTX_CM4.a(rt_mailbox.o)
                              C:/ProgramData/MATLAB/SupportPackages/R2020a/3P.instrset/cmsis.instrset/CMSIS/RTOS/RTX/LIB/GCC/libRTX_CM4.a(rt_cmsis.o) (rt_mbx_init)
C:/ProgramData/MATLAB/SupportPackages/R2020a/3P.instrset/cmsis.instrset/CMSIS/RTOS/RTX/LIB/GCC/libRTX_CM4.a(rt_list.o)
                              C:/ProgramData/MATLAB/SupportPackages/R2020a/3P.instrset/cmsis.instrset/CMSIS/RTOS/RTX/LIB/GCC/libRTX_CM4.a(rt_cmsis.o) (rt_put_prio)
C:/ProgramData/MATLAB/SupportPackages/R2020a/3P.instrset/cmsis.instrset/CMSIS/RTOS/RTX/LIB/GCC/libRTX_CM4.a(rt_event.o)
                              C:/ProgramData/MATLAB/SupportPackages/R2020a/3P.instrset/cmsis.instrset/CMSIS/RTOS/RTX/LIB/GCC/libRTX_CM4.a(rt_cmsis.o) (rt_evt_wait)
C:/ProgramData/MATLAB/SupportPackages/R2020a/3P.instrset/cmsis.instrset/CMSIS/RTOS/RTX/LIB/GCC/libRTX_CM4.a(rt_system.o)
                              C:/ProgramData/MATLAB/SupportPackages/R2020a/3P.instrset/cmsis.instrset/CMSIS/RTOS/RTX/LIB/GCC/libRTX_CM4.a(rt_cmsis.o) (rt_suspend)
C:/ProgramData/MATLAB/SupportPackages/R2020a/3P.instrset/cmsis.instrset/CMSIS/RTOS/RTX/LIB/GCC/libRTX_CM4.a(rt_task.o)
                              C:/ProgramData/MATLAB/SupportPackages/R2020a/3P.instrset/cmsis.instrset/CMSIS/RTOS/RTX/LIB/GCC/libRTX_CM4.a(rt_system.o) (rt_switch_req)
C:/ProgramData/MATLAB/SupportPackages/R2020a/3P.instrset/cmsis.instrset/CMSIS/RTOS/RTX/LIB/GCC/libRTX_CM4.a(hal_cm4.o)
                              C:/ProgramData/MATLAB/SupportPackages/R2020a/3P.instrset/cmsis.instrset/CMSIS/RTOS/RTX/LIB/GCC/libRTX_CM4.a(rt_task.o) (rt_get_PSP)
C:/ProgramData/MATLAB/SupportPackages/R2020a/3P.instrset/cmsis.instrset/CMSIS/RTOS/RTX/LIB/GCC/libRTX_CM4.a(svc_table.o)
                              C:/ProgramData/MATLAB/SupportPackages/R2020a/3P.instrset/cmsis.instrset/CMSIS/RTOS/RTX/LIB/GCC/libRTX_CM4.a(hal_cm4.o) (SVC_Table)
C:/ProgramData/MATLAB/SupportPackages/R2020a/3P.instrset/cmsis.instrset/CMSIS/RTOS/RTX/LIB/GCC/libRTX_CM4.a(rt_robin.o)
                              C:/ProgramData/MATLAB/SupportPackages/R2020a/3P.instrset/cmsis.instrset/CMSIS/RTOS/RTX/LIB/GCC/libRTX_CM4.a(rt_system.o) (os_robin)
C:/ProgramData/MATLAB/SupportPackages/R2020a/toolbox/target/supportpackages/freedomk64f/src/ksdk_armgcc_lib/bm/libksdk_platform.a(fsl_os_abstraction_bm.o)
                              hardware_init.o (OSA_Init)
C:/ProgramData/MATLAB/SupportPackages/R2020a/toolbox/target/supportpackages/freedomk64f/src/ksdk_armgcc_lib/bm/libksdk_platform.a(fsl_clock_manager.o)
                              board.o (CLOCK_SYS_OscInit)
C:/ProgramData/MATLAB/SupportPackages/R2020a/toolbox/target/supportpackages/freedomk64f/src/ksdk_armgcc_lib/bm/libksdk_platform.a(fsl_clock_manager_common.o)
                              C:/ProgramData/MATLAB/SupportPackages/R2020a/toolbox/target/supportpackages/freedomk64f/src/ksdk_armgcc_lib/bm/libksdk_platform.a(fsl_clock_manager.o) (g_oscBase)
[...]
Memory Configuration

Name             Origin             Length             Attributes
m_interrupts     0x00000000         0x00000400         xr
m_flash_config   0x00000400         0x00000010         xr
m_text           0x00000410         0x000ffbf0         xr
m_data_2         0x1fff0000         0x00010000         rw
m_data           0x20000000         0x00030000         rw
*default*        0x00000000         0xffffffff

Linker script and memory map

LOAD c:/progra~3/matlab/suppor~1/r2020a/3p778c~1.ins/gnuarm~1.ins/win/bin/../lib/gcc/arm-none-eabi/7.2.1/thumb/v7e-m/fpv4-sp/hard/crti.o
LOAD c:/progra~3/matlab/suppor~1/r2020a/3p778c~1.ins/gnuarm~1.ins/win/bin/../lib/gcc/arm-none-eabi/7.2.1/thumb/v7e-m/fpv4-sp/hard/crtbegin.o
LOAD c:/progra~3/matlab/suppor~1/r2020a/3p778c~1.ins/gnuarm~1.ins/win/bin/../lib/gcc/arm-none-eabi/7.2.1/../../../../arm-none-eabi/lib/thumb/v7e-m/fpv4-sp/hard/crt0.o
LOAD MW_digitalIO.o
LOAD RTX_Conf_CM.o
LOAD board.o
LOAD cmsis_rtos_init.o
LOAD ert_main.o
LOAD fsl_edma_irq.o
LOAD fsl_misc_utilities.o
LOAD fsl_uart_irq.o
LOAD hardware_init.o
LOAD irq_stub.o
LOAD led_model.o
LOAD led_model_data.o
LOAD mw_sdk_interface.o
LOAD mw_semaphore.o
LOAD mw_signal.o
LOAD mw_thread.o
LOAD mw_timer.o
LOAD pin_mux.o
LOAD sbrk.o
LOAD startup.o
LOAD startup_MK64F12.o
LOAD system_MK64F12.o
LOAD C:/ProgramData/MATLAB/SupportPackages/R2020a/3P.instrset/cmsis.instrset/CMSIS/Lib/GCC/libarm_cortexM4lf_math.a
LOAD C:/ProgramData/MATLAB/SupportPackages/R2020a/3P.instrset/cmsis.instrset/CMSIS/RTOS/RTX/LIB/GCC/libRTX_CM4.a
LOAD C:/ProgramData/MATLAB/SupportPackages/R2020a/toolbox/target/supportpackages/freedomk64f/src/ksdk_armgcc_lib/bm/libksdk_platform.a
LOAD c:/progra~3/matlab/suppor~1/r2020a/3p778c~1.ins/gnuarm~1.ins/win/bin/../lib/gcc/arm-none-eabi/7.2.1/../../../../arm-none-eabi/lib/thumb/v7e-m/fpv4-sp/hard\libstdc++.a
LOAD c:/progra~3/matlab/suppor~1/r2020a/3p778c~1.ins/gnuarm~1.ins/win/bin/../lib/gcc/arm-none-eabi/7.2.1/../../../../arm-none-eabi/lib/thumb/v7e-m/fpv4-sp/hard\libm.a
START GROUP
LOAD c:/progra~3/matlab/suppor~1/r2020a/3p778c~1.ins/gnuarm~1.ins/win/bin/../lib/gcc/arm-none-eabi/7.2.1/thumb/v7e-m/fpv4-sp/hard\libgcc.a
LOAD c:/progra~3/matlab/suppor~1/r2020a/3p778c~1.ins/gnuarm~1.ins/win/bin/../lib/gcc/arm-none-eabi/7.2.1/../../../../arm-none-eabi/lib/thumb/v7e-m/fpv4-sp/hard\libg.a
LOAD c:/progra~3/matlab/suppor~1/r2020a/3p778c~1.ins/gnuarm~1.ins/win/bin/../lib/gcc/arm-none-eabi/7.2.1/../../../../arm-none-eabi/lib/thumb/v7e-m/fpv4-sp/hard\libc.a
END GROUP
START GROUP
LOAD c:/progra~3/matlab/suppor~1/r2020a/3p778c~1.ins/gnuarm~1.ins/win/bin/../lib/gcc/arm-none-eabi/7.2.1/thumb/v7e-m/fpv4-sp/hard\libgcc.a
LOAD c:/progra~3/matlab/suppor~1/r2020a/3p778c~1.ins/gnuarm~1.ins/win/bin/../lib/gcc/arm-none-eabi/7.2.1/../../../../arm-none-eabi/lib/thumb/v7e-m/fpv4-sp/hard\libc.a
LOAD c:/progra~3/matlab/suppor~1/r2020a/3p778c~1.ins/gnuarm~1.ins/win/bin/../lib/gcc/arm-none-eabi/7.2.1/../../../../arm-none-eabi/lib/thumb/v7e-m/fpv4-sp/hard\libnosys.a
END GROUP
LOAD c:/progra~3/matlab/suppor~1/r2020a/3p778c~1.ins/gnuarm~1.ins/win/bin/../lib/gcc/arm-none-eabi/7.2.1/thumb/v7e-m/fpv4-sp/hard/crtend.o
LOAD c:/progra~3/matlab/suppor~1/r2020a/3p778c~1.ins/gnuarm~1.ins/win/bin/../lib/gcc/arm-none-eabi/7.2.1/thumb/v7e-m/fpv4-sp/hard/crtn.o
                0x00000400                HEAP_SIZE = DEFINED (__heap_size__)?__heap_size__:0x400
                0x00000400                STACK_SIZE = DEFINED (__stack_size__)?__stack_size__:0x400
                0x00000000                M_VECTOR_RAM_SIZE = DEFINED (__ram_vector_table__)?0x400:0x0

.interrupts     0x00000000      0x400
                0x00000000                __VECTOR_TABLE = .
                0x00000000                . = ALIGN (0x4)
 *(.isr_vector)
 .isr_vector    0x00000000      0x400 startup_MK64F12.o
                0x00000000                __isr_vector
                0x00000400                . = ALIGN (0x4)

.flash_config   0x00000400       0x10
                0x00000400                . = ALIGN (0x4)
 *(.FlashConfig)
 .FlashConfig   0x00000400       0x10 startup_MK64F12.o
                0x00000410                . = ALIGN (0x4)

.text           0x00000440     0x8904
                0x00000440                . = ALIGN (0x4)
 *(.text)
 .text          0x00000440       0x40 c:/progra~3/matlab/suppor~1/r2020a/3p778c~1.ins/gnuarm~1.ins/win/bin/../lib/gcc/arm-none-eabi/7.2.1/thumb/v7e-m/fpv4-sp/hard/crtbegin.o
 .text          0x00000480       0x74 c:/progra~3/matlab/suppor~1/r2020a/3p778c~1.ins/gnuarm~1.ins/win/bin/../lib/gcc/arm-none-eabi/7.2.1/../../../../arm-none-eabi/lib/thumb/v7e-m/fpv4-sp/hard/crt0.o
                0x00000480                _start
                0x00000480                _mainCRTStartup
 .text          0x000004f4       0x14 startup_MK64F12.o
                0x000004f4                Reset_Handler
                0x00000504                ENET_Receive_IRQHandler
                0x00000504                ENET_1588_Timer_IRQHandler
                0x00000504                DefaultISR
                0x00000504                PIT2_IRQHandler
                0x00000504                PIT0_IRQHandler
                0x00000504                ENET_Error_IRQHandler
                0x00000504                PIT3_IRQHandler
                0x00000504                SDHC_IRQHandler
                0x00000504                ENET_Transmit_IRQHandler
                0x00000504                PIT1_IRQHandler
 .text          0x00000508      0x198 C:/ProgramData/MATLAB/SupportPackages/R2020a/3P.instrset/cmsis.instrset/CMSIS/RTOS/RTX/LIB/GCC/libRTX_CM4.a(hal_cm4.o)
                0x00000508                rt_set_PSP
                0x0000050e                rt_get_PSP
                0x00000514                os_set_env
                0x0000052c                _alloc_box
                0x00000548                _free_box
                0x00000564                SVC_Handler
                0x0000060a                PendSV_Handler
                0x00000610                Sys_Switch
                0x0000066a                SysTick_Handler
                0x00000674                OS_Tick_Handler
 .text          0x000006a0      0x378 c:/progra~3/matlab/suppor~1/r2020a/3p778c~1.ins/gnuarm~1.ins/win/bin/../lib/gcc/arm-none-eabi/7.2.1/thumb/v7e-m/fpv4-sp/hard\libgcc.a(_arm_addsubdf3.o)
                0x000006a0                __aeabi_drsub
                0x000006a8                __aeabi_dsub
                0x000006a8                __subdf3
                0x000006ac                __aeabi_dadd
                0x000006ac                __adddf3
                0x00000924                __floatunsidf
                0x00000924                __aeabi_ui2d
                0x00000944                __floatsidf
                0x00000944                __aeabi_i2d
                0x00000968                __aeabi_f2d
                0x00000968                __extendsfdf2
                0x000009ac                __floatundidf
                0x000009ac                __aeabi_ul2d
                0x000009bc                __floatdidf
                0x000009bc                __aeabi_l2d
 .text          0x00000a18      0x110 c:/progra~3/matlab/suppor~1/r2020a/3p778c~1.ins/gnuarm~1.ins/win/bin/../lib/gcc/arm-none-eabi/7.2.1/thumb/v7e-m/fpv4-sp/hard\libgcc.a(_arm_cmpdf2.o)
                0x00000a18                __gtdf2
                0x00000a18                __gedf2
                0x00000a20                __ltdf2
                0x00000a20                __ledf2
                0x00000a28                __nedf2
                0x00000a28                __eqdf2
                0x00000a28                __cmpdf2
                0x00000aa4                __aeabi_cdrcmple
                0x00000ab4                __aeabi_cdcmpeq
                0x00000ab4                __aeabi_cdcmple
                0x00000ac4                __aeabi_dcmpeq
                0x00000ad8                __aeabi_dcmplt
                0x00000aec                __aeabi_dcmple
                0x00000b00                __aeabi_dcmpge
                0x00000b14                __aeabi_dcmpgt
 .text          0x00000b28       0x40 c:/progra~3/matlab/suppor~1/r2020a/3p778c~1.ins/gnuarm~1.ins/win/bin/../lib/gcc/arm-none-eabi/7.2.1/thumb/v7e-m/fpv4-sp/hard\libgcc.a(_arm_fixunsdfsi.o)
                0x00000b28                __aeabi_d2uiz
                0x00000b28                __fixunsdfsi
 .text          0x00000b68       0x30 c:/progra~3/matlab/suppor~1/r2020a/3p778c~1.ins/gnuarm~1.ins/win/bin/../lib/gcc/arm-none-eabi/7.2.1/thumb/v7e-m/fpv4-sp/hard\libgcc.a(_aeabi_uldivmod.o)
                0x00000b68                __aeabi_uldivmod
 .text          0x00000b98      0x2cc c:/progra~3/matlab/suppor~1/r2020a/3p778c~1.ins/gnuarm~1.ins/win/bin/../lib/gcc/arm-none-eabi/7.2.1/thumb/v7e-m/fpv4-sp/hard\libgcc.a(_udivmoddi4.o)
                0x00000b98                __udivmoddi4
 .text          0x00000e64      0x9ec c:/progra~3/matlab/suppor~1/r2020a/3p778c~1.ins/gnuarm~1.ins/win/bin/../lib/gcc/arm-none-eabi/7.2.1/thumb/v7e-m/fpv4-sp/hard\libgcc.a(unwind-arm.o)
                0x00001118                _Unwind_GetCFA
                0x0000111c                __gnu_Unwind_RaiseException
                0x0000117c                __gnu_Unwind_ForcedUnwind
                0x00001190                __gnu_Unwind_Resume
                0x000011d4                __gnu_Unwind_Resume_or_Rethrow
                0x000011e4                _Unwind_Complete
                0x000011e8                _Unwind_DeleteException
                0x000011f4                _Unwind_VRS_Get
                0x00001238                _Unwind_VRS_Set
                0x00001280                __gnu_Unwind_Backtrace
                0x000015c4                __aeabi_unwind_cpp_pr0
                0x000015c8                __aeabi_unwind_cpp_pr1
                0x000015cc                __aeabi_unwind_cpp_pr2
                0x000015d0                _Unwind_VRS_Pop
 .text          0x00001850      0x1ac c:/progra~3/matlab/suppor~1/r2020a/3p778c~1.ins/gnuarm~1.ins/win/bin/../lib/gcc/arm-none-eabi/7.2.1/thumb/v7e-m/fpv4-sp/hard\libgcc.a(libunwind.o)
                0x00001850                __restore_core_regs
                0x00001850                restore_core_regs
                0x00001868                __gnu_Unwind_Restore_VFP
                0x00001870                __gnu_Unwind_Save_VFP
                0x00001878                __gnu_Unwind_Restore_VFP_D
                0x00001880                __gnu_Unwind_Save_VFP_D
                0x00001888                __gnu_Unwind_Restore_VFP_D_16_to_31
                0x00001890                __gnu_Unwind_Save_VFP_D_16_to_31
                0x00001898                __gnu_Unwind_Restore_WMMXD
                0x000018dc                __gnu_Unwind_Save_WMMXD
                0x00001920                __gnu_Unwind_Restore_WMMXC
                0x00001934                __gnu_Unwind_Save_WMMXC
                0x00001948                ___Unwind_RaiseException
                0x00001948                _Unwind_RaiseException
                0x0000196c                _Unwind_Resume
                0x0000196c                ___Unwind_Resume
                0x00001990                _Unwind_Resume_or_Rethrow
                0x00001990                ___Unwind_Resume_or_Rethrow
                0x000019b4                _Unwind_ForcedUnwind
                0x000019b4                ___Unwind_ForcedUnwind
                0x000019d8                ___Unwind_Backtrace
                0x000019d8                _Unwind_Backtrace
 .text          0x000019fc      0x374 c:/progra~3/matlab/suppor~1/r2020a/3p778c~1.ins/gnuarm~1.ins/win/bin/../lib/gcc/arm-none-eabi/7.2.1/thumb/v7e-m/fpv4-sp/hard\libgcc.a(pr-support.o)
                0x00001a54                __gnu_unwind_execute
                0x00001d18                __gnu_unwind_frame
                0x00001d40                _Unwind_GetRegionStart
                0x00001d4c                _Unwind_GetLanguageSpecificData
                0x00001d60                _Unwind_GetDataRelBase
                0x00001d68                _Unwind_GetTextRelBase
 .text          0x00001d70        0x4 c:/progra~3/matlab/suppor~1/r2020a/3p778c~1.ins/gnuarm~1.ins/win/bin/../lib/gcc/arm-none-eabi/7.2.1/thumb/v7e-m/fpv4-sp/hard\libgcc.a(_dvmd_tls.o)
                0x00001d70                __aeabi_idiv0
                0x00001d70                __aeabi_ldiv0
 .text          0x00001d74      0x134 c:/progra~3/matlab/suppor~1/r2020a/3p778c~1.ins/gnuarm~1.ins/win/bin/../lib/gcc/arm-none-eabi/7.2.1/../../../../arm-none-eabi/lib/thumb/v7e-m/fpv4-sp/hard\libg.a(lib_a-memcpy.o)
                0x00001d74                memcpy
 *fill*         0x00001ea8        0x8 
 .text          0x00001eb0       0xa0 c:/progra~3/matlab/suppor~1/r2020a/3p778c~1.ins/gnuarm~1.ins/win/bin/../lib/gcc/arm-none-eabi/7.2.1/../../../../arm-none-eabi/lib/thumb/v7e-m/fpv4-sp/hard\libg.a(lib_a-memchr.o)
                0x00001eb0                memchr
 *fill*         0x00001f50       0x30 
 .text          0x00001f80       0xdc c:/progra~3/matlab/suppor~1/r2020a/3p778c~1.ins/gnuarm~1.ins/win/bin/../lib/gcc/arm-none-eabi/7.2.1/../../../../arm-none-eabi/lib/thumb/v7e-m/fpv4-sp/hard\libg.a(lib_a-strlen.o)
                0x00001f80                strlen
 *(.text*)
 .text.MW_digitalIO_open
                0x0000205c       0xe0 MW_digitalIO.o
                0x0000205c                MW_digitalIO_open
 .text.MW_digitalIO_write
                0x0000213c       0x7e MW_digitalIO.o
                0x0000213c                MW_digitalIO_write
 .text.MW_digitalIO_close
                0x000021ba       0x3c MW_digitalIO.o
                0x000021ba                MW_digitalIO_close
 .text.os_idle_demon
                0x000021f6        0x6 RTX_Conf_CM.o
                0x000021f6                os_idle_demon
 .text.os_error
                0x000021fc       0x2c RTX_Conf_CM.o
                0x000021fc                os_error
 .text.rt_init_robin
                0x00002228        0x2 RTX_Conf_CM.o
                0x00002228                rt_init_robin
 .text.rt_chk_robin
                0x0000222a        0x2 RTX_Conf_CM.o
                0x0000222a                rt_chk_robin
 .text.software_init_hook
                0x0000222c       0x34 RTX_Conf_CM.o
                0x0000222c                software_init_hook
 .text.PORT_HAL_SetMuxMode
                0x00002260       0x58 board.o
 .text.SMC_HAL_SetProtection
                0x000022b8       0x1e board.o
 *fill*         0x000022d6        0x2 
 .text.BOARD_InitOsc0
                0x000022d8       0x30 board.o
                0x000022d8                BOARD_InitOsc0
 .text.BOARD_InitRtcOsc
                0x00002308       0x28 board.o
                0x00002308                BOARD_InitRtcOsc
 .text.BOARD_ClockInit
                0x00002330       0x34 board.o
                0x00002330                BOARD_ClockInit
 .text.schedulerTask
                0x00002364       0x1c cmsis_rtos_init.o
                0x00002364                schedulerTask
 .text.mw_initSignalEvents
                0x00002380       0x40 cmsis_rtos_init.o
                0x00002380                mw_initSignalEvents
 .text.mw_RTOSInit
                0x000023c0       0x8c cmsis_rtos_init.o
                0x000023c0                mw_RTOSInit
 .text.baseRateTask
                0x0000244c       0x7c ert_main.o
                0x0000244c                baseRateTask
 .text.terminateTask
                0x000024c8       0x34 ert_main.o
                0x000024c8                terminateTask
 .text.main     0x000024fc       0x48 ert_main.o
                0x000024fc                main
 .text.DMA0_IRQHandler
                0x00002544        0xe fsl_edma_irq.o
                0x00002544                DMA0_IRQHandler
 .text.DMA1_IRQHandler
                0x00002552        0xe fsl_edma_irq.o
                0x00002552                DMA1_IRQHandler
 .text.DMA2_IRQHandler
                0x00002560        0xe fsl_edma_irq.o
                0x00002560                DMA2_IRQHandler
 .text.DMA3_IRQHandler
                0x0000256e        0xe fsl_edma_irq.o
                0x0000256e                DMA3_IRQHandler
 .text.DMA4_IRQHandler
                0x0000257c        0xe fsl_edma_irq.o
                0x0000257c                DMA4_IRQHandler
 .text.DMA5_IRQHandler
                0x0000258a        0xe fsl_edma_irq.o
                0x0000258a                DMA5_IRQHandler
 .text.DMA6_IRQHandler
                0x00002598        0xe fsl_edma_irq.o
                0x00002598                DMA6_IRQHandler
 .text.DMA7_IRQHandler
                0x000025a6        0xe fsl_edma_irq.o
                0x000025a6                DMA7_IRQHandler
 .text.DMA8_IRQHandler
                0x000025b4        0xe fsl_edma_irq.o
                0x000025b4                DMA8_IRQHandler
 .text.DMA9_IRQHandler
                0x000025c2        0xe fsl_edma_irq.o
                0x000025c2                DMA9_IRQHandler
 .text.DMA10_IRQHandler
                0x000025d0        0xe fsl_edma_irq.o
                0x000025d0                DMA10_IRQHandler
 .text.DMA11_IRQHandler
                0x000025de        0xe fsl_edma_irq.o
                0x000025de                DMA11_IRQHandler
 .text.DMA12_IRQHandler
                0x000025ec        0xe fsl_edma_irq.o
                0x000025ec                DMA12_IRQHandler
 .text.DMA13_IRQHandler
                0x000025fa        0xe fsl_edma_irq.o
                0x000025fa                DMA13_IRQHandler
 .text.DMA14_IRQHandler
                0x00002608        0xe fsl_edma_irq.o
                0x00002608                DMA14_IRQHandler
 .text.DMA15_IRQHandler
                0x00002616        0xe fsl_edma_irq.o
                0x00002616                DMA15_IRQHandler
 .text.DMA_Error_IRQHandler
                0x00002624        0xe fsl_edma_irq.o
                0x00002624                DMA_Error_IRQHandler
 .text.UART0_RX_TX_IRQHandler
                0x00002632        0xe fsl_uart_irq.o
                0x00002632                UART0_RX_TX_IRQHandler
 .text.UART1_RX_TX_IRQHandler
                0x00002640        0xe fsl_uart_irq.o
                0x00002640                UART1_RX_TX_IRQHandler
 .text.UART2_RX_TX_IRQHandler
                0x0000264e        0xe fsl_uart_irq.o
                0x0000264e                UART2_RX_TX_IRQHandler
 .text.UART3_RX_TX_IRQHandler
                0x0000265c        0xe fsl_uart_irq.o
                0x0000265c                UART3_RX_TX_IRQHandler
 .text.UART4_RX_TX_IRQHandler
                0x0000266a        0xe fsl_uart_irq.o
                0x0000266a                UART4_RX_TX_IRQHandler
 .text.UART5_RX_TX_IRQHandler
                0x00002678        0xe fsl_uart_irq.o
                0x00002678                UART5_RX_TX_IRQHandler
 .text.hardware_init
                0x00002686       0x30 hardware_init.o
                0x00002686                hardware_init
 .text.NMI_Handler
                0x000026b6        0x6 irq_stub.o
                0x000026b6                NMI_Handler
 .text.HardFault_Handler
                0x000026bc        0x6 irq_stub.o
                0x000026bc                HardFault_Handler
 .text.MemManage_Handler
                0x000026c2        0x6 irq_stub.o
                0x000026c2                MemManage_Handler
 .text.BusFault_Handler
                0x000026c8        0x6 irq_stub.o
                0x000026c8                BusFault_Handler
 .text.UsageFault_Handler
                0x000026ce        0x6 irq_stub.o
                0x000026ce                UsageFault_Handler
 .text.DebugMon_Handler
                0x000026d4        0x6 irq_stub.o
                0x000026d4                DebugMon_Handler
 .text.MCM_IRQHandler
                0x000026da        0x6 irq_stub.o
                0x000026da                MCM_IRQHandler
 .text.FTFE_IRQHandler
                0x000026e0        0x6 irq_stub.o
                0x000026e0                FTFE_IRQHandler
 .text.Read_Collision_IRQHandler
                0x000026e6        0x6 irq_stub.o
                0x000026e6                Read_Collision_IRQHandler
 .text.LVD_LVW_IRQHandler
                0x000026ec        0x6 irq_stub.o
                0x000026ec                LVD_LVW_IRQHandler
 .text.LLWU_IRQHandler
                0x000026f2        0x6 irq_stub.o
                0x000026f2                LLWU_IRQHandler
 .text.WDOG_EWM_IRQHandler
                0x000026f8        0x6 irq_stub.o
                0x000026f8                WDOG_EWM_IRQHandler
 .text.RNG_IRQHandler
                0x000026fe        0x6 irq_stub.o
                0x000026fe                RNG_IRQHandler
 .text.I2C0_IRQHandler
                0x00002704        0x6 irq_stub.o
                0x00002704                I2C0_IRQHandler
 .text.I2C1_IRQHandler
                0x0000270a        0x6 irq_stub.o
                0x0000270a                I2C1_IRQHandler
 .text.SPI0_IRQHandler
                0x00002710        0x6 irq_stub.o
                0x00002710                SPI0_IRQHandler
 .text.SPI1_IRQHandler
                0x00002716        0x6 irq_stub.o
                0x00002716                SPI1_IRQHandler
 .text.I2S0_Tx_IRQHandler
                0x0000271c        0x6 irq_stub.o
                0x0000271c                I2S0_Tx_IRQHandler
 .text.I2S0_Rx_IRQHandler
                0x00002722        0x6 irq_stub.o
                0x00002722                I2S0_Rx_IRQHandler
 .text.UART0_LON_IRQHandler
                0x00002728        0x6 irq_stub.o
                0x00002728                UART0_LON_IRQHandler
 .text.UART0_ERR_IRQHandler
                0x0000272e        0x6 irq_stub.o
                0x0000272e                UART0_ERR_IRQHandler
 .text.UART1_ERR_IRQHandler
                0x00002734        0x6 irq_stub.o
                0x00002734                UART1_ERR_IRQHandler
 .text.UART2_ERR_IRQHandler
                0x0000273a        0x6 irq_stub.o
                0x0000273a                UART2_ERR_IRQHandler
 .text.UART3_ERR_IRQHandler
                0x00002740        0x6 irq_stub.o
                0x00002740                UART3_ERR_IRQHandler
 .text.ADC0_IRQHandler
                0x00002746        0x6 irq_stub.o
                0x00002746                ADC0_IRQHandler
 .text.CMP0_IRQHandler
                0x0000274c        0x6 irq_stub.o
                0x0000274c                CMP0_IRQHandler
 .text.CMP1_IRQHandler
                0x00002752        0x6 irq_stub.o
                0x00002752                CMP1_IRQHandler
 .text.FTM0_IRQHandler
                0x00002758        0x6 irq_stub.o
                0x00002758                FTM0_IRQHandler
 .text.FTM1_IRQHandler
                0x0000275e        0x6 irq_stub.o
                0x0000275e                FTM1_IRQHandler
 .text.FTM2_IRQHandler
                0x00002764        0x6 irq_stub.o
                0x00002764                FTM2_IRQHandler
 .text.CMT_IRQHandler
                0x0000276a        0x6 irq_stub.o
                0x0000276a                CMT_IRQHandler
 .text.RTC_IRQHandler
                0x00002770        0x6 irq_stub.o
                0x00002770                RTC_IRQHandler
 .text.RTC_Seconds_IRQHandler
                0x00002776        0x6 irq_stub.o
                0x00002776                RTC_Seconds_IRQHandler
 .text.PDB0_IRQHandler
                0x0000277c        0x6 irq_stub.o
                0x0000277c                PDB0_IRQHandler
 .text.USB0_IRQHandler
                0x00002782        0x6 irq_stub.o
                0x00002782                USB0_IRQHandler
 .text.USBDCD_IRQHandler
                0x00002788        0x6 irq_stub.o
                0x00002788                USBDCD_IRQHandler
 .text.Reserved71_IRQHandler
                0x0000278e        0x6 irq_stub.o
                0x0000278e                Reserved71_IRQHandler
 .text.DAC0_IRQHandler
                0x00002794        0x6 irq_stub.o
                0x00002794                DAC0_IRQHandler
 .text.MCG_IRQHandler
                0x0000279a        0x6 irq_stub.o
                0x0000279a                MCG_IRQHandler
 .text.LPTMR0_IRQHandler
                0x000027a0        0x6 irq_stub.o
                0x000027a0                LPTMR0_IRQHandler
 .text.PORTA_IRQHandler
                0x000027a6        0x6 irq_stub.o
                0x000027a6                PORTA_IRQHandler
 .text.PORTB_IRQHandler
                0x000027ac        0x6 irq_stub.o
                0x000027ac                PORTB_IRQHandler
 .text.PORTC_IRQHandler
                0x000027b2        0x6 irq_stub.o
                0x000027b2                PORTC_IRQHandler
 .text.PORTD_IRQHandler
                0x000027b8        0x6 irq_stub.o
                0x000027b8                PORTD_IRQHandler
 .text.PORTE_IRQHandler
                0x000027be        0x6 irq_stub.o
                0x000027be                PORTE_IRQHandler
 .text.SWI_IRQHandler
                0x000027c4        0x6 irq_stub.o
                0x000027c4                SWI_IRQHandler
 .text.SPI2_IRQHandler
                0x000027ca        0x6 irq_stub.o
                0x000027ca                SPI2_IRQHandler
 .text.UART4_ERR_IRQHandler
                0x000027d0        0x6 irq_stub.o
                0x000027d0                UART4_ERR_IRQHandler
 .text.UART5_ERR_IRQHandler
                0x000027d6        0x6 irq_stub.o
                0x000027d6                UART5_ERR_IRQHandler
 .text.CMP2_IRQHandler
                0x000027dc        0x6 irq_stub.o
                0x000027dc                CMP2_IRQHandler
 .text.FTM3_IRQHandler
                0x000027e2        0x6 irq_stub.o
                0x000027e2                FTM3_IRQHandler
 .text.DAC1_IRQHandler
                0x000027e8        0x6 irq_stub.o
                0x000027e8                DAC1_IRQHandler
 .text.ADC1_IRQHandler
                0x000027ee        0x6 irq_stub.o
                0x000027ee                ADC1_IRQHandler
 .text.I2C2_IRQHandler
                0x000027f4        0x6 irq_stub.o
                0x000027f4                I2C2_IRQHandler
 .text.CAN0_ORed_Message_buffer_IRQHandler
                0x000027fa        0x6 irq_stub.o
                0x000027fa                CAN0_ORed_Message_buffer_IRQHandler
 .text.CAN0_Bus_Off_IRQHandler
                0x00002800        0x6 irq_stub.o
                0x00002800                CAN0_Bus_Off_IRQHandler
 .text.CAN0_Error_IRQHandler
                0x00002806        0x6 irq_stub.o
                0x00002806                CAN0_Error_IRQHandler
 .text.CAN0_Tx_Warning_IRQHandler
                0x0000280c        0x6 irq_stub.o
                0x0000280c                CAN0_Tx_Warning_IRQHandler
 .text.CAN0_Rx_Warning_IRQHandler
                0x00002812        0x6 irq_stub.o
                0x00002812                CAN0_Rx_Warning_IRQHandler
 .text.CAN0_Wake_Up_IRQHandler
                0x00002818        0x6 irq_stub.o
                0x00002818                CAN0_Wake_Up_IRQHandler
 .text.led_model_SystemCore_release
                0x0000281e       0x2a led_model.o
 .text.led_model_SystemCore_delete
                0x00002848       0x16 led_model.o
 .text.matlabCodegenHandle_matlabCodeg
                0x0000285e       0x24 led_model.o
 *fill*         0x00002882        0x2 
 .text.led_model_step
                0x00002884       0xe4 led_model.o
                0x00002884                led_model_step
 .text.led_model_initialize
                0x00002968       0x48 led_model.o
                0x00002968                led_model_initialize
 .text.led_model_terminate
                0x000029b0       0x14 led_model.o
                0x000029b0                led_model_terminate
 .text.mw_osSignalSet
                0x000029c4       0x2e mw_signal.o
                0x000029c4                mw_osSignalSet
 .text.mw_osSignalClear
                0x000029f2       0x26 mw_signal.o
                0x000029f2                mw_osSignalClear
 .text.mw_osSignalWaitEver
                0x00002a18       0x20 mw_signal.o
                0x00002a18                mw_osSignalWaitEver
 .text.mw_osSignalEventCreate
                0x00002a38       0x20 mw_signal.o
                0x00002a38                mw_osSignalEventCreate
 .text.mw_osSignalEventRelease
                0x00002a58       0x26 mw_signal.o
                0x00002a58                mw_osSignalEventRelease
 .text.mw_osSignalEventWaitEver
                0x00002a7e       0x34 mw_signal.o
                0x00002a7e                mw_osSignalEventWaitEver
 .text.mw_osThreadCreate
                0x00002ab2       0x52 mw_thread.o
                0x00002ab2                mw_osThreadCreate
 .text.mw_osThreadGetId
                0x00002b04        0xe mw_thread.o
                0x00002b04                mw_osThreadGetId
 .text.mw_osThreadExit
                0x00002b12       0x22 mw_thread.o
                0x00002b12                mw_osThreadExit
 .text.mw_osTimerCreate
                0x00002b34       0x4e mw_timer.o
                0x00002b34                mw_osTimerCreate
 .text.mw_osTimerStart
                0x00002b82       0x24 mw_timer.o
                0x00002b82                mw_osTimerStart
 *fill*         0x00002ba6        0x2 
 .text._sbrk    0x00002ba8       0x5c sbrk.o
                0x00002ba8                _sbrk
 .text.init_data_bss
                0x00002c04       0xcc startup.o
                0x00002c04                init_data_bss
 .text.SystemInit
                0x00002cd0      0x1dc system_MK64F12.o
                0x00002cd0                SystemInit
 .text.SystemCoreClockUpdate
                0x00002eac      0x278 system_MK64F12.o
                0x00002eac                SystemCoreClockUpdate
 .text.osThreadExit
                0x00003124       0x18 C:/ProgramData/MATLAB/SupportPackages/R2020a/3P.instrset/cmsis.instrset/CMSIS/RTOS/RTX/LIB/GCC/libRTX_CM4.a(rt_cmsis.o)
                0x00003124                osThreadExit
 .text.svcKernelInitialize
                0x0000313c      0x100 C:/ProgramData/MATLAB/SupportPackages/R2020a/3P.instrset/cmsis.instrset/CMSIS/RTOS/RTX/LIB/GCC/libRTX_CM4.a(rt_cmsis.o)
                0x0000313c                svcKernelInitialize
 .text.svcKernelStart
                0x0000323c       0x4c C:/ProgramData/MATLAB/SupportPackages/R2020a/3P.instrset/cmsis.instrset/CMSIS/RTOS/RTX/LIB/GCC/libRTX_CM4.a(rt_cmsis.o)
                0x0000323c                svcKernelStart
 .text.osKernelInitialize
                0x00003288      0x120 C:/ProgramData/MATLAB/SupportPackages/R2020a/3P.instrset/cmsis.instrset/CMSIS/RTOS/RTX/LIB/GCC/libRTX_CM4.a(rt_cmsis.o)
                0x00003288                osKernelInitialize
 .text.osKernelStart
                0x000033a8       0x70 C:/ProgramData/MATLAB/SupportPackages/R2020a/3P.instrset/cmsis.instrset/CMSIS/RTOS/RTX/LIB/GCC/libRTX_CM4.a(rt_cmsis.o)
                0x000033a8                osKernelStart
 .text.svcThreadCreate
                0x00003418       0x7c C:/ProgramData/MATLAB/SupportPackages/R2020a/3P.instrset/cmsis.instrset/CMSIS/RTOS/RTX/LIB/GCC/libRTX_CM4.a(rt_cmsis.o)
                0x00003418                svcThreadCreate
 .text.svcThreadGetId
                0x00003494       0x18 C:/ProgramData/MATLAB/SupportPackages/R2020a/3P.instrset/cmsis.instrset/CMSIS/RTOS/RTX/LIB/GCC/libRTX_CM4.a(rt_cmsis.o)
                0x00003494                svcThreadGetId
 .text.svcThreadTerminate
                0x000034ac       0x44 C:/ProgramData/MATLAB/SupportPackages/R2020a/3P.instrset/cmsis.instrset/CMSIS/RTOS/RTX/LIB/GCC/libRTX_CM4.a(rt_cmsis.o)
                0x000034ac                svcThreadTerminate
 .text.osThreadCreate
                0x000034f0       0x9c C:/ProgramData/MATLAB/SupportPackages/R2020a/3P.instrset/cmsis.instrset/CMSIS/RTOS/RTX/LIB/GCC/libRTX_CM4.a(rt_cmsis.o)
                0x000034f0                osThreadCreate
 .text.osThreadGetId
                0x0000358c       0x18 C:/ProgramData/MATLAB/SupportPackages/R2020a/3P.instrset/cmsis.instrset/CMSIS/RTOS/RTX/LIB/GCC/libRTX_CM4.a(rt_cmsis.o)
                0x0000358c                osThreadGetId
 .text.osThreadTerminate
                0x000035a4       0x18 C:/ProgramData/MATLAB/SupportPackages/R2020a/3P.instrset/cmsis.instrset/CMSIS/RTOS/RTX/LIB/GCC/libRTX_CM4.a(rt_cmsis.o)
                0x000035a4                osThreadTerminate
 .text.svcTimerCreate
                0x000035bc       0x3c C:/ProgramData/MATLAB/SupportPackages/R2020a/3P.instrset/cmsis.instrset/CMSIS/RTOS/RTX/LIB/GCC/libRTX_CM4.a(rt_cmsis.o)
                0x000035bc                svcTimerCreate
 .text.svcTimerStart
                0x000035f8       0xc8 C:/ProgramData/MATLAB/SupportPackages/R2020a/3P.instrset/cmsis.instrset/CMSIS/RTOS/RTX/LIB/GCC/libRTX_CM4.a(rt_cmsis.o)
                0x000035f8                svcTimerStart
 .text.svcTimerCall
                0x000036c0       0x18 C:/ProgramData/MATLAB/SupportPackages/R2020a/3P.instrset/cmsis.instrset/CMSIS/RTOS/RTX/LIB/GCC/libRTX_CM4.a(rt_cmsis.o)
                0x000036c0                svcTimerCall
 .text.sysTimerTick
                0x000036d8       0xb4 C:/ProgramData/MATLAB/SupportPackages/R2020a/3P.instrset/cmsis.instrset/CMSIS/RTOS/RTX/LIB/GCC/libRTX_CM4.a(rt_cmsis.o)
                0x000036d8                sysTimerTick
 .text.osTimerCreate
                0x0000378c       0x64 C:/ProgramData/MATLAB/SupportPackages/R2020a/3P.instrset/cmsis.instrset/CMSIS/RTOS/RTX/LIB/GCC/libRTX_CM4.a(rt_cmsis.o)
                0x0000378c                osTimerCreate
 .text.osTimerStart
                0x000037f0       0x18 C:/ProgramData/MATLAB/SupportPackages/R2020a/3P.instrset/cmsis.instrset/CMSIS/RTOS/RTX/LIB/GCC/libRTX_CM4.a(rt_cmsis.o)
                0x000037f0                osTimerStart
 .text.osTimerThread
                0x00003808       0x40 C:/ProgramData/MATLAB/SupportPackages/R2020a/3P.instrset/cmsis.instrset/CMSIS/RTOS/RTX/LIB/GCC/libRTX_CM4.a(rt_cmsis.o)
                0x00003808                osTimerThread
 .text.svcSignalSet
                0x00003848       0x28 C:/ProgramData/MATLAB/SupportPackages/R2020a/3P.instrset/cmsis.instrset/CMSIS/RTOS/RTX/LIB/GCC/libRTX_CM4.a(rt_cmsis.o)
                0x00003848                svcSignalSet
 .text.svcSignalClear
                0x00003870       0x28 C:/ProgramData/MATLAB/SupportPackages/R2020a/3P.instrset/cmsis.instrset/CMSIS/RTOS/RTX/LIB/GCC/libRTX_CM4.a(rt_cmsis.o)
                0x00003870                svcSignalClear
 .text.svcSignalWait
                0x00003898       0xfc C:/ProgramData/MATLAB/SupportPackages/R2020a/3P.instrset/cmsis.instrset/CMSIS/RTOS/RTX/LIB/GCC/libRTX_CM4.a(rt_cmsis.o)
                0x00003898                svcSignalWait
 .text.osSignalSet
                0x00003994       0x40 C:/ProgramData/MATLAB/SupportPackages/R2020a/3P.instrset/cmsis.instrset/CMSIS/RTOS/RTX/LIB/GCC/libRTX_CM4.a(rt_cmsis.o)
                0x00003994                osSignalSet
 .text.osSignalClear
                0x000039d4       0x1c C:/ProgramData/MATLAB/SupportPackages/R2020a/3P.instrset/cmsis.instrset/CMSIS/RTOS/RTX/LIB/GCC/libRTX_CM4.a(rt_cmsis.o)
                0x000039d4                osSignalClear
 .text.osSignalWait
                0x000039f0       0x28 C:/ProgramData/MATLAB/SupportPackages/R2020a/3P.instrset/cmsis.instrset/CMSIS/RTOS/RTX/LIB/GCC/libRTX_CM4.a(rt_cmsis.o)
                0x000039f0                osSignalWait
 .text.svcMessageGet
                0x00003a18       0xa8 C:/ProgramData/MATLAB/SupportPackages/R2020a/3P.instrset/cmsis.instrset/CMSIS/RTOS/RTX/LIB/GCC/libRTX_CM4.a(rt_cmsis.o)
                0x00003a18                svcMessageGet
 .text.rt_init_stack
                0x00003ac0       0xa4 C:/ProgramData/MATLAB/SupportPackages/R2020a/3P.instrset/cmsis.instrset/CMSIS/RTOS/RTX/LIB/GCC/libRTX_CM4.a(hal_cm.o)
                0x00003ac0                rt_init_stack
 .text.rt_ret_val
                0x00003b64       0x14 C:/ProgramData/MATLAB/SupportPackages/R2020a/3P.instrset/cmsis.instrset/CMSIS/RTOS/RTX/LIB/GCC/libRTX_CM4.a(hal_cm.o)
                0x00003b64                rt_ret_val
 .text.rt_ret_val2
                0x00003b78       0x24 C:/ProgramData/MATLAB/SupportPackages/R2020a/3P.instrset/cmsis.instrset/CMSIS/RTOS/RTX/LIB/GCC/libRTX_CM4.a(hal_cm.o)
                0x00003b78                rt_ret_val2
 .text.dbg_init
                0x00003b9c       0x34 C:/ProgramData/MATLAB/SupportPackages/R2020a/3P.instrset/cmsis.instrset/CMSIS/RTOS/RTX/LIB/GCC/libRTX_CM4.a(hal_cm.o)
                0x00003b9c                dbg_init
 .text.dbg_task_notify
                0x00003bd0       0x2c C:/ProgramData/MATLAB/SupportPackages/R2020a/3P.instrset/cmsis.instrset/CMSIS/RTOS/RTX/LIB/GCC/libRTX_CM4.a(hal_cm.o)
                0x00003bd0                dbg_task_notify
 .text.dbg_task_switch
                0x00003bfc       0x14 C:/ProgramData/MATLAB/SupportPackages/R2020a/3P.instrset/cmsis.instrset/CMSIS/RTOS/RTX/LIB/GCC/libRTX_CM4.a(hal_cm.o)
                0x00003bfc                dbg_task_switch
 .text.rt_init_mem
                0x00003c10       0x1c C:/ProgramData/MATLAB/SupportPackages/R2020a/3P.instrset/cmsis.instrset/CMSIS/RTOS/RTX/LIB/GCC/libRTX_CM4.a(rt_memory.o)
                0x00003c10                rt_init_mem
 .text.rt_alloc_mem
                0x00003c2c       0x50 C:/ProgramData/MATLAB/SupportPackages/R2020a/3P.instrset/cmsis.instrset/CMSIS/RTOS/RTX/LIB/GCC/libRTX_CM4.a(rt_memory.o)
                0x00003c2c                rt_alloc_mem
 .text.rt_free_mem
                0x00003c7c       0x44 C:/ProgramData/MATLAB/SupportPackages/R2020a/3P.instrset/cmsis.instrset/CMSIS/RTOS/RTX/LIB/GCC/libRTX_CM4.a(rt_memory.o)
                0x00003c7c                rt_free_mem
 .text._init_box
                0x00003cc0       0x58 C:/ProgramData/MATLAB/SupportPackages/R2020a/3P.instrset/cmsis.instrset/CMSIS/RTOS/RTX/LIB/GCC/libRTX_CM4.a(rt_membox.o)
                0x00003cc0                _init_box
 .text.rt_alloc_box
                0x00003d18       0x1c C:/ProgramData/MATLAB/SupportPackages/R2020a/3P.instrset/cmsis.instrset/CMSIS/RTOS/RTX/LIB/GCC/libRTX_CM4.a(rt_membox.o)
                0x00003d18                rt_alloc_box
 .text.rt_free_box
                0x00003d34       0x28 C:/ProgramData/MATLAB/SupportPackages/R2020a/3P.instrset/cmsis.instrset/CMSIS/RTOS/RTX/LIB/GCC/libRTX_CM4.a(rt_membox.o)
                0x00003d34                rt_free_box
 .text.rt_sem_psh
                0x00003d5c       0x34 C:/ProgramData/MATLAB/SupportPackages/R2020a/3P.instrset/cmsis.instrset/CMSIS/RTOS/RTX/LIB/GCC/libRTX_CM4.a(rt_semaphore.o)
                0x00003d5c                rt_sem_psh
 .text.rt_mbx_init
                0x00003d90       0x1c C:/ProgramData/MATLAB/SupportPackages/R2020a/3P.instrset/cmsis.instrset/CMSIS/RTOS/RTX/LIB/GCC/libRTX_CM4.a(rt_mailbox.o)
                0x00003d90                rt_mbx_init
 .text.rt_mbx_wait
                0x00003dac       0xa8 C:/ProgramData/MATLAB/SupportPackages/R2020a/3P.instrset/cmsis.instrset/CMSIS/RTOS/RTX/LIB/GCC/libRTX_CM4.a(rt_mailbox.o)
                0x00003dac                rt_mbx_wait
 .text.rt_mbx_check
                0x00003e54        0x8 C:/ProgramData/MATLAB/SupportPackages/R2020a/3P.instrset/cmsis.instrset/CMSIS/RTOS/RTX/LIB/GCC/libRTX_CM4.a(rt_mailbox.o)
                0x00003e54                rt_mbx_check
 .text.isr_mbx_send
                0x00003e5c       0x10 C:/ProgramData/MATLAB/SupportPackages/R2020a/3P.instrset/cmsis.instrset/CMSIS/RTOS/RTX/LIB/GCC/libRTX_CM4.a(rt_mailbox.o)
                0x00003e5c                isr_mbx_send
 .text.rt_mbx_psh
                0x00003e6c       0xe4 C:/ProgramData/MATLAB/SupportPackages/R2020a/3P.instrset/cmsis.instrset/CMSIS/RTOS/RTX/LIB/GCC/libRTX_CM4.a(rt_mailbox.o)
                0x00003e6c                rt_mbx_psh
 .text.rt_put_prio
                0x00003f50       0x50 C:/ProgramData/MATLAB/SupportPackages/R2020a/3P.instrset/cmsis.instrset/CMSIS/RTOS/RTX/LIB/GCC/libRTX_CM4.a(rt_list.o)
                0x00003f50                rt_put_prio
 .text.rt_get_first
                0x00003fa0       0x28 C:/ProgramData/MATLAB/SupportPackages/R2020a/3P.instrset/cmsis.instrset/CMSIS/RTOS/RTX/LIB/GCC/libRTX_CM4.a(rt_list.o)
                0x00003fa0                rt_get_first
 .text.rt_put_rdy_first
                0x00003fc8       0x14 C:/ProgramData/MATLAB/SupportPackages/R2020a/3P.instrset/cmsis.instrset/CMSIS/RTOS/RTX/LIB/GCC/libRTX_CM4.a(rt_list.o)
                0x00003fc8                rt_put_rdy_first
 .text.rt_resort_prio
                0x00003fdc       0x94 C:/ProgramData/MATLAB/SupportPackages/R2020a/3P.instrset/cmsis.instrset/CMSIS/RTOS/RTX/LIB/GCC/libRTX_CM4.a(rt_list.o)
                0x00003fdc                rt_resort_prio
 .text.rt_put_dly
                0x00004070       0x60 C:/ProgramData/MATLAB/SupportPackages/R2020a/3P.instrset/cmsis.instrset/CMSIS/RTOS/RTX/LIB/GCC/libRTX_CM4.a(rt_list.o)
                0x00004070                rt_put_dly
 .text.rt_dec_dly
                0x000040d0       0xd8 C:/ProgramData/MATLAB/SupportPackages/R2020a/3P.instrset/cmsis.instrset/CMSIS/RTOS/RTX/LIB/GCC/libRTX_CM4.a(rt_list.o)
                0x000040d0                rt_dec_dly
 .text.rt_rmv_list
                0x000041a8       0x2c C:/ProgramData/MATLAB/SupportPackages/R2020a/3P.instrset/cmsis.instrset/CMSIS/RTOS/RTX/LIB/GCC/libRTX_CM4.a(rt_list.o)
                0x000041a8                rt_rmv_list
 .text.rt_rmv_dly
                0x000041d4       0x2c C:/ProgramData/MATLAB/SupportPackages/R2020a/3P.instrset/cmsis.instrset/CMSIS/RTOS/RTX/LIB/GCC/libRTX_CM4.a(rt_list.o)
                0x000041d4                rt_rmv_dly
 .text.rt_psq_enq
                0x00004200       0x44 C:/ProgramData/MATLAB/SupportPackages/R2020a/3P.instrset/cmsis.instrset/CMSIS/RTOS/RTX/LIB/GCC/libRTX_CM4.a(rt_list.o)
                0x00004200                rt_psq_enq
 .text.rt_evt_wait
                0x00004244       0x4c C:/ProgramData/MATLAB/SupportPackages/R2020a/3P.instrset/cmsis.instrset/CMSIS/RTOS/RTX/LIB/GCC/libRTX_CM4.a(rt_event.o)
                0x00004244                rt_evt_wait
 .text.rt_evt_set
                0x00004290       0x58 C:/ProgramData/MATLAB/SupportPackages/R2020a/3P.instrset/cmsis.instrset/CMSIS/RTOS/RTX/LIB/GCC/libRTX_CM4.a(rt_event.o)
                0x00004290                rt_evt_set
 .text.rt_evt_clr
                0x000042e8       0x18 C:/ProgramData/MATLAB/SupportPackages/R2020a/3P.instrset/cmsis.instrset/CMSIS/RTOS/RTX/LIB/GCC/libRTX_CM4.a(rt_event.o)
                0x000042e8                rt_evt_clr
 .text.isr_evt_set
                0x00004300       0x24 C:/ProgramData/MATLAB/SupportPackages/R2020a/3P.instrset/cmsis.instrset/CMSIS/RTOS/RTX/LIB/GCC/libRTX_CM4.a(rt_event.o)
                0x00004300                isr_evt_set
 .text.rt_evt_psh
                0x00004324       0x50 C:/ProgramData/MATLAB/SupportPackages/R2020a/3P.instrset/cmsis.instrset/CMSIS/RTOS/RTX/LIB/GCC/libRTX_CM4.a(rt_event.o)
                0x00004324                rt_evt_psh
 .text.rt_psh_req
                0x00004374       0x20 C:/ProgramData/MATLAB/SupportPackages/R2020a/3P.instrset/cmsis.instrset/CMSIS/RTOS/RTX/LIB/GCC/libRTX_CM4.a(rt_system.o)
                0x00004374                rt_psh_req
 .text.rt_pop_req
                0x00004394       0x78 C:/ProgramData/MATLAB/SupportPackages/R2020a/3P.instrset/cmsis.instrset/CMSIS/RTOS/RTX/LIB/GCC/libRTX_CM4.a(rt_system.o)
                0x00004394                rt_pop_req
 .text.os_tick_init
                0x0000440c       0x40 C:/ProgramData/MATLAB/SupportPackages/R2020a/3P.instrset/cmsis.instrset/CMSIS/RTOS/RTX/LIB/GCC/libRTX_CM4.a(rt_system.o)
                0x0000440c                os_tick_init
 .text.os_tick_irqack
                0x0000444c        0x4 C:/ProgramData/MATLAB/SupportPackages/R2020a/3P.instrset/cmsis.instrset/CMSIS/RTOS/RTX/LIB/GCC/libRTX_CM4.a(rt_system.o)
                0x0000444c                os_tick_irqack
 .text.rt_systick
                0x00004450       0x3c C:/ProgramData/MATLAB/SupportPackages/R2020a/3P.instrset/cmsis.instrset/CMSIS/RTOS/RTX/LIB/GCC/libRTX_CM4.a(rt_system.o)
                0x00004450                rt_systick
 .text.rt_stk_check
                0x0000448c       0x24 C:/ProgramData/MATLAB/SupportPackages/R2020a/3P.instrset/cmsis.instrset/CMSIS/RTOS/RTX/LIB/GCC/libRTX_CM4.a(rt_system.o)
                0x0000448c                rt_stk_check
 .text.rt_switch_req
                0x000044b0       0x24 C:/ProgramData/MATLAB/SupportPackages/R2020a/3P.instrset/cmsis.instrset/CMSIS/RTOS/RTX/LIB/GCC/libRTX_CM4.a(rt_task.o)
                0x000044b0                rt_switch_req
 .text.rt_dispatch
                0x000044d4       0x7c C:/ProgramData/MATLAB/SupportPackages/R2020a/3P.instrset/cmsis.instrset/CMSIS/RTOS/RTX/LIB/GCC/libRTX_CM4.a(rt_task.o)
                0x000044d4                rt_dispatch
 .text.rt_block
                0x00004550       0x50 C:/ProgramData/MATLAB/SupportPackages/R2020a/3P.instrset/cmsis.instrset/CMSIS/RTOS/RTX/LIB/GCC/libRTX_CM4.a(rt_task.o)
                0x00004550                rt_block
 .text.rt_tsk_self
                0x000045a0       0x10 C:/ProgramData/MATLAB/SupportPackages/R2020a/3P.instrset/cmsis.instrset/CMSIS/RTOS/RTX/LIB/GCC/libRTX_CM4.a(rt_task.o)
                0x000045a0                rt_tsk_self
 .text.rt_tsk_prio
                0x000045b0       0xf8 C:/ProgramData/MATLAB/SupportPackages/R2020a/3P.instrset/cmsis.instrset/CMSIS/RTOS/RTX/LIB/GCC/libRTX_CM4.a(rt_task.o)
                0x000045b0                rt_tsk_prio
 .text.rt_tsk_create
                0x000046a8      0x110 C:/ProgramData/MATLAB/SupportPackages/R2020a/3P.instrset/cmsis.instrset/CMSIS/RTOS/RTX/LIB/GCC/libRTX_CM4.a(rt_task.o)
                0x000046a8                rt_tsk_create
 .text.rt_tsk_delete
                0x000047b8      0x1c4 C:/ProgramData/MATLAB/SupportPackages/R2020a/3P.instrset/cmsis.instrset/CMSIS/RTOS/RTX/LIB/GCC/libRTX_CM4.a(rt_task.o)
                0x000047b8                rt_tsk_delete
 .text.rt_sys_init
                0x0000497c       0xec C:/ProgramData/MATLAB/SupportPackages/R2020a/3P.instrset/cmsis.instrset/CMSIS/RTOS/RTX/LIB/GCC/libRTX_CM4.a(rt_task.o)
                0x0000497c                rt_sys_init
 .text.rt_sys_start
                0x00004a68       0x8c C:/ProgramData/MATLAB/SupportPackages/R2020a/3P.instrset/cmsis.instrset/CMSIS/RTOS/RTX/LIB/GCC/libRTX_CM4.a(rt_task.o)
                0x00004a68                rt_sys_start
 .text.OSA_TimeInit
                0x00004af4       0x44 C:/ProgramData/MATLAB/SupportPackages/R2020a/toolbox/target/supportpackages/freedomk64f/src/ksdk_armgcc_lib/bm/libksdk_platform.a(fsl_os_abstraction_bm.o)
                0x00004af4                OSA_TimeInit
 .text.OSA_SemaPost
                0x00004b38       0x3c C:/ProgramData/MATLAB/SupportPackages/R2020a/toolbox/target/supportpackages/freedomk64f/src/ksdk_armgcc_lib/bm/libksdk_platform.a(fsl_os_abstraction_bm.o)
                0x00004b38                OSA_SemaPost
 .text.task_init
                0x00004b74       0x38 C:/ProgramData/MATLAB/SupportPackages/R2020a/toolbox/target/supportpackages/freedomk64f/src/ksdk_armgcc_lib/bm/libksdk_platform.a(fsl_os_abstraction_bm.o)
                0x00004b74                task_init
 .text.OSA_Init
                0x00004bac        0xe C:/ProgramData/MATLAB/SupportPackages/R2020a/toolbox/target/supportpackages/freedomk64f/src/ksdk_armgcc_lib/bm/libksdk_platform.a(fsl_os_abstraction_bm.o)
                0x00004bac                OSA_Init
 *fill*         0x00004bba        0x2 
 .text.CLOCK_SYS_SetMcgPeeToFbe
                0x00004bbc       0x34 C:/ProgramData/MATLAB/SupportPackages/R2020a/toolbox/target/supportpackages/freedomk64f/src/ksdk_armgcc_lib/bm/libksdk_platform.a(fsl_clock_manager.o)
 .text.CLOCK_SYS_SetMcgMode
                0x00004bf0      0x124 C:/ProgramData/MATLAB/SupportPackages/R2020a/toolbox/target/supportpackages/freedomk64f/src/ksdk_armgcc_lib/bm/libksdk_platform.a(fsl_clock_manager.o)
                0x00004bf0                CLOCK_SYS_SetMcgMode
 .text.CLOCK_SYS_SetOscerConfigration
                0x00004d14       0x1c C:/ProgramData/MATLAB/SupportPackages/R2020a/toolbox/target/supportpackages/freedomk64f/src/ksdk_armgcc_lib/bm/libksdk_platform.a(fsl_clock_manager.o)
                0x00004d14                CLOCK_SYS_SetOscerConfigration
 .text.CLOCK_SYS_OscInit
                0x00004d30       0x9c C:/ProgramData/MATLAB/SupportPackages/R2020a/toolbox/target/supportpackages/freedomk64f/src/ksdk_armgcc_lib/bm/libksdk_platform.a(fsl_clock_manager.o)
                0x00004d30                CLOCK_SYS_OscInit
 .text.CLOCK_SYS_RtcOscInit
                0x00004dcc       0x68 C:/ProgramData/MATLAB/SupportPackages/R2020a/toolbox/target/supportpackages/freedomk64f/src/ksdk_armgcc_lib/bm/libksdk_platform.a(fsl_clock_manager.o)
                0x00004dcc                CLOCK_SYS_RtcOscInit
 .text.SIM_HAL_EnableClock.constprop.10
                0x00004e34       0x1c C:/ProgramData/MATLAB/SupportPackages/R2020a/toolbox/target/supportpackages/freedomk64f/src/ksdk_armgcc_lib/bm/libksdk_platform.a(fsl_clock_MK64F12.o)
 .text.CLOCK_SYS_GetCoreClockFreq
                0x00004e50       0x24 C:/ProgramData/MATLAB/SupportPackages/R2020a/toolbox/target/supportpackages/freedomk64f/src/ksdk_armgcc_lib/bm/libksdk_platform.a(fsl_clock_MK64F12.o)
                0x00004e50                CLOCK_SYS_GetCoreClockFreq
 .text.CLOCK_SYS_SetConfiguration
                0x00004e74       0x94 C:/ProgramData/MATLAB/SupportPackages/R2020a/toolbox/target/supportpackages/freedomk64f/src/ksdk_armgcc_lib/bm/libksdk_platform.a(fsl_clock_MK64F12.o)
                0x00004e74                CLOCK_SYS_SetConfiguration
 .text.CLOCK_SYS_FllStableDelay
                0x00004f08       0x1a C:/ProgramData/MATLAB/SupportPackages/R2020a/toolbox/target/supportpackages/freedomk64f/src/ksdk_armgcc_lib/bm/libksdk_platform.a(fsl_clock_MK64F12.o)
 *fill*         0x00004f22        0x2 
 .text.CLOCK_SYS_EnablePortClock
                0x00004f24       0x30 C:/ProgramData/MATLAB/SupportPackages/R2020a/toolbox/target/supportpackages/freedomk64f/src/ksdk_armgcc_lib/bm/libksdk_platform.a(fsl_clock_MK64F12.o)
                0x00004f24                CLOCK_SYS_EnablePortClock
 .text.INT_SYS_EnableIRQGlobal
                0x00004f54       0x14 C:/ProgramData/MATLAB/SupportPackages/R2020a/toolbox/target/supportpackages/freedomk64f/src/ksdk_armgcc_lib/bm/libksdk_platform.a(fsl_interrupt_manager.o)
                0x00004f54                INT_SYS_EnableIRQGlobal
 .text.INT_SYS_DisableIRQGlobal
                0x00004f68       0x10 C:/ProgramData/MATLAB/SupportPackages/R2020a/toolbox/target/supportpackages/freedomk64f/src/ksdk_armgcc_lib/bm/libksdk_platform.a(fsl_interrupt_manager.o)
                0x00004f68                INT_SYS_DisableIRQGlobal
 .text.EDMA_DRV_IRQHandler
                0x00004f78       0x30 C:/ProgramData/MATLAB/SupportPackages/R2020a/toolbox/target/supportpackages/freedomk64f/src/ksdk_armgcc_lib/bm/libksdk_platform.a(fsl_edma_driver.o)
                0x00004f78                EDMA_DRV_IRQHandler
 .text.EDMA_DRV_ErrorIRQHandler
                0x00004fa8       0x88 C:/ProgramData/MATLAB/SupportPackages/R2020a/toolbox/target/supportpackages/freedomk64f/src/ksdk_armgcc_lib/bm/libksdk_platform.a(fsl_edma_driver.o)
                0x00004fa8                EDMA_DRV_ErrorIRQHandler
 .text.unlikely.PORT_HAL_SetMuxMode.part.0
                0x00005030       0x1c C:/ProgramData/MATLAB/SupportPackages/R2020a/toolbox/target/supportpackages/freedomk64f/src/ksdk_armgcc_lib/bm/libksdk_platform.a(fsl_gpio_driver.o)
 .text.GPIO_DRV_InputPinInit
                0x0000504c       0xe0 C:/ProgramData/MATLAB/SupportPackages/R2020a/toolbox/target/supportpackages/freedomk64f/src/ksdk_armgcc_lib/bm/libksdk_platform.a(fsl_gpio_driver.o)
                0x0000504c                GPIO_DRV_InputPinInit
 .text.GPIO_DRV_OutputPinInit
                0x0000512c       0x70 C:/ProgramData/MATLAB/SupportPackages/R2020a/toolbox/target/supportpackages/freedomk64f/src/ksdk_armgcc_lib/bm/libksdk_platform.a(fsl_gpio_driver.o)
                0x0000512c                GPIO_DRV_OutputPinInit
 .text.GPIO_DRV_WritePinOutput
                0x0000519c       0x1c C:/ProgramData/MATLAB/SupportPackages/R2020a/toolbox/target/supportpackages/freedomk64f/src/ksdk_armgcc_lib/bm/libksdk_platform.a(fsl_gpio_driver.o)
                0x0000519c                GPIO_DRV_WritePinOutput
 .text.LPTMR_HAL_SetTimerWorkingMode
                0x000051b8       0x3c C:/ProgramData/MATLAB/SupportPackages/R2020a/toolbox/target/supportpackages/freedomk64f/src/ksdk_armgcc_lib/bm/libksdk_platform.a(fsl_lptmr_hal.o)
                0x000051b8                LPTMR_HAL_SetTimerWorkingMode
 .text.LPTMR_HAL_SetPrescalerMode
                0x000051f4       0x1a C:/ProgramData/MATLAB/SupportPackages/R2020a/toolbox/target/supportpackages/freedomk64f/src/ksdk_armgcc_lib/bm/libksdk_platform.a(fsl_lptmr_hal.o)
                0x000051f4                LPTMR_HAL_SetPrescalerMode
 *fill*         0x0000520e        0x2 
 .text.CLOCK_HAL_TestOscFreq
                0x00005210       0x28 C:/ProgramData/MATLAB/SupportPackages/R2020a/toolbox/target/supportpackages/freedomk64f/src/ksdk_armgcc_lib/bm/libksdk_platform.a(fsl_mcg_hal.o)
                0x00005210                CLOCK_HAL_TestOscFreq
 .text.CLOCK_HAL_GetMcgExternalClkFreq
                0x00005238        0xa C:/ProgramData/MATLAB/SupportPackages/R2020a/toolbox/target/supportpackages/freedomk64f/src/ksdk_armgcc_lib/bm/libksdk_platform.a(fsl_mcg_hal.o)
 .text.CLOCK_HAL_TestFllExternalRefFreq
                0x00005242       0x32 C:/ProgramData/MATLAB/SupportPackages/R2020a/toolbox/target/supportpackages/freedomk64f/src/ksdk_armgcc_lib/bm/libksdk_platform.a(fsl_mcg_hal.o)
                0x00005242                CLOCK_HAL_TestFllExternalRefFreq
 .text.CLOCK_HAL_GetFllRefClk
                0x00005274       0x3c C:/ProgramData/MATLAB/SupportPackages/R2020a/toolbox/target/supportpackages/freedomk64f/src/ksdk_armgcc_lib/bm/libksdk_platform.a(fsl_mcg_hal.o)
                0x00005274                CLOCK_HAL_GetFllRefClk
 .text.CLOCK_HAL_TestFllFreq
                0x000052b0       0x34 C:/ProgramData/MATLAB/SupportPackages/R2020a/toolbox/target/supportpackages/freedomk64f/src/ksdk_armgcc_lib/bm/libksdk_platform.a(fsl_mcg_hal.o)
                0x000052b0                CLOCK_HAL_TestFllFreq
 .text.CLOCK_HAL_GetFllClk
                0x000052e4       0x36 C:/ProgramData/MATLAB/SupportPackages/R2020a/toolbox/target/supportpackages/freedomk64f/src/ksdk_armgcc_lib/bm/libksdk_platform.a(fsl_mcg_hal.o)
                0x000052e4                CLOCK_HAL_GetFllClk
 .text.CLOCK_HAL_UpdateFastClkInternalRefDiv
                0x0000531a       0x52 C:/ProgramData/MATLAB/SupportPackages/R2020a/toolbox/target/supportpackages/freedomk64f/src/ksdk_armgcc_lib/bm/libksdk_platform.a(fsl_mcg_hal.o)
                0x0000531a                CLOCK_HAL_UpdateFastClkInternalRefDiv
 .text.CLOCK_HAL_GetPll0Clk
                0x0000536c       0x3e C:/ProgramData/MATLAB/SupportPackages/R2020a/toolbox/target/supportpackages/freedomk64f/src/ksdk_armgcc_lib/bm/libksdk_platform.a(fsl_mcg_hal.o)
                0x0000536c                CLOCK_HAL_GetPll0Clk
 .text.CLOCK_HAL_EnablePll0InFllMode
                0x000053aa       0x38 C:/ProgramData/MATLAB/SupportPackages/R2020a/toolbox/target/supportpackages/freedomk64f/src/ksdk_armgcc_lib/bm/libksdk_platform.a(fsl_mcg_hal.o)
                0x000053aa                CLOCK_HAL_EnablePll0InFllMode
 *fill*         0x000053e2        0x2 
 .text.CLOCK_HAL_GetInternalRefClk
                0x000053e4       0x3c C:/ProgramData/MATLAB/SupportPackages/R2020a/toolbox/target/supportpackages/freedomk64f/src/ksdk_armgcc_lib/bm/libksdk_platform.a(fsl_mcg_hal.o)
                0x000053e4                CLOCK_HAL_GetInternalRefClk
 .text.CLOCK_HAL_GetOutClk
                0x00005420       0x22 C:/ProgramData/MATLAB/SupportPackages/R2020a/toolbox/target/supportpackages/freedomk64f/src/ksdk_armgcc_lib/bm/libksdk_platform.a(fsl_mcg_hal.o)
                0x00005420                CLOCK_HAL_GetOutClk
 .text.CLOCK_HAL_SetOsc0Mode
                0x00005442       0x24 C:/ProgramData/MATLAB/SupportPackages/R2020a/toolbox/target/supportpackages/freedomk64f/src/ksdk_armgcc_lib/bm/libksdk_platform.a(fsl_mcg_hal.o)
                0x00005442                CLOCK_HAL_SetOsc0Mode
 .text.CLOCK_HAL_PrepareOsc
                0x00005466       0x2c C:/ProgramData/MATLAB/SupportPackages/R2020a/toolbox/target/supportpackages/freedomk64f/src/ksdk_armgcc_lib/bm/libksdk_platform.a(fsl_mcg_hal_modes.o)
 .text.CLOCK_HAL_GetMcgMode
                0x00005492       0x72 C:/ProgramData/MATLAB/SupportPackages/R2020a/toolbox/target/supportpackages/freedomk64f/src/ksdk_armgcc_lib/bm/libksdk_platform.a(fsl_mcg_hal_modes.o)
                0x00005492                CLOCK_HAL_GetMcgMode
 .text.CLOCK_HAL_SetFbiMode
                0x00005504       0xb8 C:/ProgramData/MATLAB/SupportPackages/R2020a/toolbox/target/supportpackages/freedomk64f/src/ksdk_armgcc_lib/bm/libksdk_platform.a(fsl_mcg_hal_modes.o)
                0x00005504                CLOCK_HAL_SetFbiMode
 .text.CLOCK_HAL_SetFbeMode
                0x000055bc       0xea C:/ProgramData/MATLAB/SupportPackages/R2020a/toolbox/target/supportpackages/freedomk64f/src/ksdk_armgcc_lib/bm/libksdk_platform.a(fsl_mcg_hal_modes.o)
                0x000055bc                CLOCK_HAL_SetFbeMode
 *fill*         0x000056a6        0x2 
 .text.CLOCK_HAL_SetPbeMode
                0x000056a8       0xd0 C:/ProgramData/MATLAB/SupportPackages/R2020a/toolbox/target/supportpackages/freedomk64f/src/ksdk_armgcc_lib/bm/libksdk_platform.a(fsl_mcg_hal_modes.o)
                0x000056a8                CLOCK_HAL_SetPbeMode
 .text.OSC_HAL_SetCapacitor
                0x00005778        0xe C:/ProgramData/MATLAB/SupportPackages/R2020a/toolbox/target/supportpackages/freedomk64f/src/ksdk_armgcc_lib/bm/libksdk_platform.a(fsl_osc_hal.o)
                0x00005778                OSC_HAL_SetCapacitor
 .text.CLOCK_HAL_SetOutDiv
                0x00005786       0x28 C:/ProgramData/MATLAB/SupportPackages/R2020a/toolbox/target/supportpackages/freedomk64f/src/ksdk_armgcc_lib/bm/libksdk_platform.a(fsl_sim_hal_MK64F12.o)
                0x00005786                CLOCK_HAL_SetOutDiv
 *fill*         0x000057ae        0x2 
 .text.UART_DRV_CompleteSendData
                0x000057b0       0x54 C:/ProgramData/MATLAB/SupportPackages/R2020a/toolbox/target/supportpackages/freedomk64f/src/ksdk_armgcc_lib/bm/libksdk_platform.a(fsl_uart_driver.o)
 .text.UART_DRV_CompleteReceiveData
                0x00005804       0x5c C:/ProgramData/MATLAB/SupportPackages/R2020a/toolbox/target/supportpackages/freedomk64f/src/ksdk_armgcc_lib/bm/libksdk_platform.a(fsl_uart_driver.o)
 .text.UART_DRV_IRQHandler
                0x00005860       0xdc C:/ProgramData/MATLAB/SupportPackages/R2020a/toolbox/target/supportpackages/freedomk64f/src/ksdk_armgcc_lib/bm/libksdk_platform.a(fsl_uart_driver.o)
                0x00005860                UART_DRV_IRQHandler
 .text.EDMA_HAL_SetDmaRequestCmd
                0x0000593c        0xa C:/ProgramData/MATLAB/SupportPackages/R2020a/toolbox/target/supportpackages/freedomk64f/src/ksdk_armgcc_lib/bm/libksdk_platform.a(fsl_edma_hal.o)
                0x0000593c                EDMA_HAL_SetDmaRequestCmd
 *fill*         0x00005946        0x2 
 .text.GPIO_HAL_SetPinDir
                0x00005948       0x34 C:/ProgramData/MATLAB/SupportPackages/R2020a/toolbox/target/supportpackages/freedomk64f/src/ksdk_armgcc_lib/bm/libksdk_platform.a(fsl_gpio_hal.o)
                0x00005948                GPIO_HAL_SetPinDir
 .text.GPIO_HAL_WritePinOutput
                0x0000597c       0x30 C:/ProgramData/MATLAB/SupportPackages/R2020a/toolbox/target/supportpackages/freedomk64f/src/ksdk_armgcc_lib/bm/libksdk_platform.a(fsl_gpio_hal.o)
                0x0000597c                GPIO_HAL_WritePinOutput
 .text.UART_HAL_Putchar
                0x000059ac        0x6 C:/ProgramData/MATLAB/SupportPackages/R2020a/toolbox/target/supportpackages/freedomk64f/src/ksdk_armgcc_lib/bm/libksdk_platform.a(fsl_uart_hal.o)
                0x000059ac                UART_HAL_Putchar
 .text.UART_HAL_Getchar
                0x000059b2        0x8 C:/ProgramData/MATLAB/SupportPackages/R2020a/toolbox/target/supportpackages/freedomk64f/src/ksdk_armgcc_lib/bm/libksdk_platform.a(fsl_uart_hal.o)
                0x000059b2                UART_HAL_Getchar
 .text.UART_HAL_SetIntMode
                0x000059ba       0x66 C:/ProgramData/MATLAB/SupportPackages/R2020a/toolbox/target/supportpackages/freedomk64f/src/ksdk_armgcc_lib/bm/libksdk_platform.a(fsl_uart_hal.o)
                0x000059ba                UART_HAL_SetIntMode
 .text.UART_HAL_GetStatusFlag
                0x00005a20       0x2a C:/ProgramData/MATLAB/SupportPackages/R2020a/toolbox/target/supportpackages/freedomk64f/src/ksdk_armgcc_lib/bm/libksdk_platform.a(fsl_uart_hal.o)
                0x00005a20                UART_HAL_GetStatusFlag
 .text.UART_HAL_ClearStatusFlag
                0x00005a4a       0x64 C:/ProgramData/MATLAB/SupportPackages/R2020a/toolbox/target/supportpackages/freedomk64f/src/ksdk_armgcc_lib/bm/libksdk_platform.a(fsl_uart_hal.o)
                0x00005a4a                UART_HAL_ClearStatusFlag
 *fill*         0x00005aae        0x2 
 .text.ceil     0x00005ab0      0x110 c:/progra~3/matlab/suppor~1/r2020a/3p778c~1.ins/gnuarm~1.ins/win/bin/../lib/gcc/arm-none-eabi/7.2.1/../../../../arm-none-eabi/lib/thumb/v7e-m/fpv4-sp/hard\libm.a(lib_a-s_ceil.o)
                0x00005ab0                ceil
 .text.abort    0x00005bc0       0x10 c:/progra~3/matlab/suppor~1/r2020a/3p778c~1.ins/gnuarm~1.ins/win/bin/../lib/gcc/arm-none-eabi/7.2.1/../../../../arm-none-eabi/lib/thumb/v7e-m/fpv4-sp/hard\libg.a(lib_a-abort.o)
                0x00005bc0                abort
 .text.__assert_func
                0x00005bd0       0x3c c:/progra~3/matlab/suppor~1/r2020a/3p778c~1.ins/gnuarm~1.ins/win/bin/../lib/gcc/arm-none-eabi/7.2.1/../../../../arm-none-eabi/lib/thumb/v7e-m/fpv4-sp/hard\libg.a(lib_a-assert.o)
                0x00005bd0                __assert_func
 .text.atexit   0x00005c0c        0xc c:/progra~3/matlab/suppor~1/r2020a/3p778c~1.ins/gnuarm~1.ins/win/bin/../lib/gcc/arm-none-eabi/7.2.1/../../../../arm-none-eabi/lib/thumb/v7e-m/fpv4-sp/hard\libg.a(lib_a-atexit.o)
                0x00005c0c                atexit
 .text.__errno  0x00005c18        0xc c:/progra~3/matlab/suppor~1/r2020a/3p778c~1.ins/gnuarm~1.ins/win/bin/../lib/gcc/arm-none-eabi/7.2.1/../../../../arm-none-eabi/lib/thumb/v7e-m/fpv4-sp/hard\libg.a(lib_a-errno.o)
                0x00005c18                __errno
 .text.exit     0x00005c24       0x20 c:/progra~3/matlab/suppor~1/r2020a/3p778c~1.ins/gnuarm~1.ins/win/bin/../lib/gcc/arm-none-eabi/7.2.1/../../../../arm-none-eabi/lib/thumb/v7e-m/fpv4-sp/hard\libg.a(lib_a-exit.o)
                0x00005c24                exit
 .text.__libc_fini_array
                0x00005c44       0x34 c:/progra~3/matlab/suppor~1/r2020a/3p778c~1.ins/gnuarm~1.ins/win/bin/../lib/gcc/arm-none-eabi/7.2.1/../../../../arm-none-eabi/lib/thumb/v7e-m/fpv4-sp/hard\libg.a(lib_a-fini.o)
                0x00005c44                __libc_fini_array
 .text.fiprintf
                0x00005c78       0x28 c:/progra~3/matlab/suppor~1/r2020a/3p778c~1.ins/gnuarm~1.ins/win/bin/../lib/gcc/arm-none-eabi/7.2.1/../../../../arm-none-eabi/lib/thumb/v7e-m/fpv4-sp/hard\libg.a(lib_a-fiprintf.o)
                0x00005c78                fiprintf
 .text.__libc_init_array
                0x00005ca0       0x48 c:/progra~3/matlab/suppor~1/r2020a/3p778c~1.ins/gnuarm~1.ins/win/bin/../lib/gcc/arm-none-eabi/7.2.1/../../../../arm-none-eabi/lib/thumb/v7e-m/fpv4-sp/hard\libg.a(lib_a-init.o)
                0x00005ca0                __libc_init_array
 .text.malloc   0x00005ce8       0x10 c:/progra~3/matlab/suppor~1/r2020a/3p778c~1.ins/gnuarm~1.ins/win/bin/../lib/gcc/arm-none-eabi/7.2.1/../../../../arm-none-eabi/lib/thumb/v7e-m/fpv4-sp/hard\libg.a(lib_a-malloc.o)
                0x00005ce8                malloc
 .text.free     0x00005cf8       0x10 c:/progra~3/matlab/suppor~1/r2020a/3p778c~1.ins/gnuarm~1.ins/win/bin/../lib/gcc/arm-none-eabi/7.2.1/../../../../arm-none-eabi/lib/thumb/v7e-m/fpv4-sp/hard\libg.a(lib_a-malloc.o)
                0x00005cf8                free
 .text._malloc_r
                0x00005d08      0x548 c:/progra~3/matlab/suppor~1/r2020a/3p778c~1.ins/gnuarm~1.ins/win/bin/../lib/gcc/arm-none-eabi/7.2.1/../../../../arm-none-eabi/lib/thumb/v7e-m/fpv4-sp/hard\libg.a(lib_a-mallocr.o)
                0x00005d08                _malloc_r
 .text.memset   0x00006250       0x94 c:/progra~3/matlab/suppor~1/r2020a/3p778c~1.ins/gnuarm~1.ins/win/bin/../lib/gcc/arm-none-eabi/7.2.1/../../../../arm-none-eabi/lib/thumb/v7e-m/fpv4-sp/hard\libg.a(lib_a-memset.o)
                0x00006250                memset
 .text.__malloc_lock
                0x000062e4        0xc c:/progra~3/matlab/suppor~1/r2020a/3p778c~1.ins/gnuarm~1.ins/win/bin/../lib/gcc/arm-none-eabi/7.2.1/../../../../arm-none-eabi/lib/thumb/v7e-m/fpv4-sp/hard\libg.a(lib_a-mlock.o)
                0x000062e4                __malloc_lock
 .text.__malloc_unlock
                0x000062f0        0xc c:/progra~3/matlab/suppor~1/r2020a/3p778c~1.ins/gnuarm~1.ins/win/bin/../lib/gcc/arm-none-eabi/7.2.1/../../../../arm-none-eabi/lib/thumb/v7e-m/fpv4-sp/hard\libg.a(lib_a-mlock.o)
                0x000062f0                __malloc_unlock
 .text._sbrk_r  0x000062fc       0x24 c:/progra~3/matlab/suppor~1/r2020a/3p778c~1.ins/gnuarm~1.ins/win/bin/../lib/gcc/arm-none-eabi/7.2.1/../../../../arm-none-eabi/lib/thumb/v7e-m/fpv4-sp/hard\libg.a(lib_a-sbrkr.o)
                0x000062fc                _sbrk_r
 .text._raise_r
                0x00006320       0x58 c:/progra~3/matlab/suppor~1/r2020a/3p778c~1.ins/gnuarm~1.ins/win/bin/../lib/gcc/arm-none-eabi/7.2.1/../../../../arm-none-eabi/lib/thumb/v7e-m/fpv4-sp/hard\libg.a(lib_a-signal.o)
                0x00006320                _raise_r
 .text.raise    0x00006378       0x10 c:/progra~3/matlab/suppor~1/r2020a/3p778c~1.ins/gnuarm~1.ins/win/bin/../lib/gcc/arm-none-eabi/7.2.1/../../../../arm-none-eabi/lib/thumb/v7e-m/fpv4-sp/hard\libg.a(lib_a-signal.o)
                0x00006378                raise
 .text._kill_r  0x00006388       0x28 c:/progra~3/matlab/suppor~1/r2020a/3p778c~1.ins/gnuarm~1.ins/win/bin/../lib/gcc/arm-none-eabi/7.2.1/../../../../arm-none-eabi/lib/thumb/v7e-m/fpv4-sp/hard\libg.a(lib_a-signalr.o)
                0x00006388                _kill_r
 .text._getpid_r
                0x000063b0        0x4 c:/progra~3/matlab/suppor~1/r2020a/3p778c~1.ins/gnuarm~1.ins/win/bin/../lib/gcc/arm-none-eabi/7.2.1/../../../../arm-none-eabi/lib/thumb/v7e-m/fpv4-sp/hard\libg.a(lib_a-signalr.o)
                0x000063b0                _getpid_r
 .text.__sprint_r.part.0
                0x000063b4       0x78 c:/progra~3/matlab/suppor~1/r2020a/3p778c~1.ins/gnuarm~1.ins/win/bin/../lib/gcc/arm-none-eabi/7.2.1/../../../../arm-none-eabi/lib/thumb/v7e-m/fpv4-sp/hard\libg.a(lib_a-vfiprintf.o)
 .text._vfiprintf_r
                0x0000642c      0xc24 c:/progra~3/matlab/suppor~1/r2020a/3p778c~1.ins/gnuarm~1.ins/win/bin/../lib/gcc/arm-none-eabi/7.2.1/../../../../arm-none-eabi/lib/thumb/v7e-m/fpv4-sp/hard\libg.a(lib_a-vfiprintf.o)
                0x0000642c                _vfiprintf_r
 .text.__sbprintf
                0x00007050       0x84 c:/progra~3/matlab/suppor~1/r2020a/3p778c~1.ins/gnuarm~1.ins/win/bin/../lib/gcc/arm-none-eabi/7.2.1/../../../../arm-none-eabi/lib/thumb/v7e-m/fpv4-sp/hard\libg.a(lib_a-vfiprintf.o)
 .text.__swsetup_r
                0x000070d4       0xcc c:/progra~3/matlab/suppor~1/r2020a/3p778c~1.ins/gnuarm~1.ins/win/bin/../lib/gcc/arm-none-eabi/7.2.1/../../../../arm-none-eabi/lib/thumb/v7e-m/fpv4-sp/hard\libg.a(lib_a-wsetup.o)
                0x000070d4                __swsetup_r
 .text.__register_exitproc
                0x000071a0       0xc0 c:/progra~3/matlab/suppor~1/r2020a/3p778c~1.ins/gnuarm~1.ins/win/bin/../lib/gcc/arm-none-eabi/7.2.1/../../../../arm-none-eabi/lib/thumb/v7e-m/fpv4-sp/hard\libg.a(lib_a-__atexit.o)
                0x000071a0                __register_exitproc
 .text.startup.register_fini
                0x00007260       0x14 c:/progra~3/matlab/suppor~1/r2020a/3p778c~1.ins/gnuarm~1.ins/win/bin/../lib/gcc/arm-none-eabi/7.2.1/../../../../arm-none-eabi/lib/thumb/v7e-m/fpv4-sp/hard\libg.a(lib_a-__call_atexit.o)
 .text.__call_exitprocs
                0x00007274       0xe8 c:/progra~3/matlab/suppor~1/r2020a/3p778c~1.ins/gnuarm~1.ins/win/bin/../lib/gcc/arm-none-eabi/7.2.1/../../../../arm-none-eabi/lib/thumb/v7e-m/fpv4-sp/hard\libg.a(lib_a-__call_atexit.o)
                0x00007274                __call_exitprocs
 .text.__sflush_r
                0x0000735c      0x154 c:/progra~3/matlab/suppor~1/r2020a/3p778c~1.ins/gnuarm~1.ins/win/bin/../lib/gcc/arm-none-eabi/7.2.1/../../../../arm-none-eabi/lib/thumb/v7e-m/fpv4-sp/hard\libg.a(lib_a-fflush.o)
                0x0000735c                __sflush_r
 .text._fflush_r
                0x000074b0       0x5c c:/progra~3/matlab/suppor~1/r2020a/3p778c~1.ins/gnuarm~1.ins/win/bin/../lib/gcc/arm-none-eabi/7.2.1/../../../../arm-none-eabi/lib/thumb/v7e-m/fpv4-sp/hard\libg.a(lib_a-fflush.o)
                0x000074b0                _fflush_r
 .text.std      0x0000750c       0x50 c:/progra~3/matlab/suppor~1/r2020a/3p778c~1.ins/gnuarm~1.ins/win/bin/../lib/gcc/arm-none-eabi/7.2.1/../../../../arm-none-eabi/lib/thumb/v7e-m/fpv4-sp/hard\libg.a(lib_a-findfp.o)
 .text._cleanup_r
                0x0000755c        0xc c:/progra~3/matlab/suppor~1/r2020a/3p778c~1.ins/gnuarm~1.ins/win/bin/../lib/gcc/arm-none-eabi/7.2.1/../../../../arm-none-eabi/lib/thumb/v7e-m/fpv4-sp/hard\libg.a(lib_a-findfp.o)
                0x0000755c                _cleanup_r
 .text.__sinit  0x00007568       0x58 c:/progra~3/matlab/suppor~1/r2020a/3p778c~1.ins/gnuarm~1.ins/win/bin/../lib/gcc/arm-none-eabi/7.2.1/../../../../arm-none-eabi/lib/thumb/v7e-m/fpv4-sp/hard\libg.a(lib_a-findfp.o)
                0x00007568                __sinit
 .text.__sfp_lock_acquire
                0x000075c0        0xc c:/progra~3/matlab/suppor~1/r2020a/3p778c~1.ins/gnuarm~1.ins/win/bin/../lib/gcc/arm-none-eabi/7.2.1/../../../../arm-none-eabi/lib/thumb/v7e-m/fpv4-sp/hard\libg.a(lib_a-findfp.o)
                0x000075c0                __sfp_lock_acquire
 .text.__sfp_lock_release
                0x000075cc        0xc c:/progra~3/matlab/suppor~1/r2020a/3p778c~1.ins/gnuarm~1.ins/win/bin/../lib/gcc/arm-none-eabi/7.2.1/../../../../arm-none-eabi/lib/thumb/v7e-m/fpv4-sp/hard\libg.a(lib_a-findfp.o)
                0x000075cc                __sfp_lock_release
 .text.__fputwc
                0x000075d8       0xa0 c:/progra~3/matlab/suppor~1/r2020a/3p778c~1.ins/gnuarm~1.ins/win/bin/../lib/gcc/arm-none-eabi/7.2.1/../../../../arm-none-eabi/lib/thumb/v7e-m/fpv4-sp/hard\libg.a(lib_a-fputwc.o)
                0x000075d8                __fputwc
 .text._fputwc_r
                0x00007678       0x64 c:/progra~3/matlab/suppor~1/r2020a/3p778c~1.ins/gnuarm~1.ins/win/bin/../lib/gcc/arm-none-eabi/7.2.1/../../../../arm-none-eabi/lib/thumb/v7e-m/fpv4-sp/hard\libg.a(lib_a-fputwc.o)
                0x00007678                _fputwc_r
 .text._malloc_trim_r
                0x000076dc       0xa0 c:/progra~3/matlab/suppor~1/r2020a/3p778c~1.ins/gnuarm~1.ins/win/bin/../lib/gcc/arm-none-eabi/7.2.1/../../../../arm-none-eabi/lib/thumb/v7e-m/fpv4-sp/hard\libg.a(lib_a-freer.o)
                0x000076dc                _malloc_trim_r
 .text._free_r  0x0000777c      0x1e8 c:/progra~3/matlab/suppor~1/r2020a/3p778c~1.ins/gnuarm~1.ins/win/bin/../lib/gcc/arm-none-eabi/7.2.1/../../../../arm-none-eabi/lib/thumb/v7e-m/fpv4-sp/hard\libg.a(lib_a-freer.o)
                0x0000777c                _free_r
 .text.__sfvwrite_r
                0x00007964      0x2fc c:/progra~3/matlab/suppor~1/r2020a/3p778c~1.ins/gnuarm~1.ins/win/bin/../lib/gcc/arm-none-eabi/7.2.1/../../../../arm-none-eabi/lib/thumb/v7e-m/fpv4-sp/hard\libg.a(lib_a-fvwrite.o)
                0x00007964                __sfvwrite_r
 .text._fwalk_reent
                0x00007c60       0x54 c:/progra~3/matlab/suppor~1/r2020a/3p778c~1.ins/gnuarm~1.ins/win/bin/../lib/gcc/arm-none-eabi/7.2.1/../../../../arm-none-eabi/lib/thumb/v7e-m/fpv4-sp/hard\libg.a(lib_a-fwalk.o)
                0x00007c60                _fwalk_reent
 .text.__locale_mb_cur_max
                0x00007cb4       0x1c c:/progra~3/matlab/suppor~1/r2020a/3p778c~1.ins/gnuarm~1.ins/win/bin/../lib/gcc/arm-none-eabi/7.2.1/../../../../arm-none-eabi/lib/thumb/v7e-m/fpv4-sp/hard\libg.a(lib_a-locale.o)
                0x00007cb4                __locale_mb_cur_max
 .text.__retarget_lock_init_recursive
                0x00007cd0        0x4 c:/progra~3/matlab/suppor~1/r2020a/3p778c~1.ins/gnuarm~1.ins/win/bin/../lib/gcc/arm-none-eabi/7.2.1/../../../../arm-none-eabi/lib/thumb/v7e-m/fpv4-sp/hard\libg.a(lib_a-lock.o)
                0x00007cd0                __retarget_lock_init_recursive
 .text.__retarget_lock_close_recursive
                0x00007cd4        0x4 c:/progra~3/matlab/suppor~1/r2020a/3p778c~1.ins/gnuarm~1.ins/win/bin/../lib/gcc/arm-none-eabi/7.2.1/../../../../arm-none-eabi/lib/thumb/v7e-m/fpv4-sp/hard\libg.a(lib_a-lock.o)
                0x00007cd4                __retarget_lock_close_recursive
 .text.__retarget_lock_acquire_recursive
                0x00007cd8        0x4 c:/progra~3/matlab/suppor~1/r2020a/3p778c~1.ins/gnuarm~1.ins/win/bin/../lib/gcc/arm-none-eabi/7.2.1/../../../../arm-none-eabi/lib/thumb/v7e-m/fpv4-sp/hard\libg.a(lib_a-lock.o)
                0x00007cd8                __retarget_lock_acquire_recursive
 .text.__retarget_lock_release_recursive
                0x00007cdc        0x4 c:/progra~3/matlab/suppor~1/r2020a/3p778c~1.ins/gnuarm~1.ins/win/bin/../lib/gcc/arm-none-eabi/7.2.1/../../../../arm-none-eabi/lib/thumb/v7e-m/fpv4-sp/hard\libg.a(lib_a-lock.o)
                0x00007cdc                __retarget_lock_release_recursive
 .text.__swhatbuf_r
                0x00007ce0       0x5c c:/progra~3/matlab/suppor~1/r2020a/3p778c~1.ins/gnuarm~1.ins/win/bin/../lib/gcc/arm-none-eabi/7.2.1/../../../../arm-none-eabi/lib/thumb/v7e-m/fpv4-sp/hard\libg.a(lib_a-makebuf.o)
                0x00007ce0                __swhatbuf_r
 .text.__smakebuf_r
                0x00007d3c       0x94 c:/progra~3/matlab/suppor~1/r2020a/3p778c~1.ins/gnuarm~1.ins/win/bin/../lib/gcc/arm-none-eabi/7.2.1/../../../../arm-none-eabi/lib/thumb/v7e-m/fpv4-sp/hard\libg.a(lib_a-makebuf.o)
                0x00007d3c                __smakebuf_r
 .text.__ascii_mbtowc
                0x00007dd0       0x2c c:/progra~3/matlab/suppor~1/r2020a/3p778c~1.ins/gnuarm~1.ins/win/bin/../lib/gcc/arm-none-eabi/7.2.1/../../../../arm-none-eabi/lib/thumb/v7e-m/fpv4-sp/hard\libg.a(lib_a-mbtowc_r.o)
                0x00007dd0                __ascii_mbtowc
 .text.memmove  0x00007dfc       0xc8 c:/progra~3/matlab/suppor~1/r2020a/3p778c~1.ins/gnuarm~1.ins/win/bin/../lib/gcc/arm-none-eabi/7.2.1/../../../../arm-none-eabi/lib/thumb/v7e-m/fpv4-sp/hard\libg.a(lib_a-memmove.o)
                0x00007dfc                memmove
 .text._realloc_r
                0x00007ec4      0x35c c:/progra~3/matlab/suppor~1/r2020a/3p778c~1.ins/gnuarm~1.ins/win/bin/../lib/gcc/arm-none-eabi/7.2.1/../../../../arm-none-eabi/lib/thumb/v7e-m/fpv4-sp/hard\libg.a(lib_a-reallocr.o)
                0x00007ec4                _realloc_r
 .text.__sread  0x00008220       0x24 c:/progra~3/matlab/suppor~1/r2020a/3p778c~1.ins/gnuarm~1.ins/win/bin/../lib/gcc/arm-none-eabi/7.2.1/../../../../arm-none-eabi/lib/thumb/v7e-m/fpv4-sp/hard\libg.a(lib_a-stdio.o)
                0x00008220                __sread
 .text.__swrite
                0x00008244       0x3c c:/progra~3/matlab/suppor~1/r2020a/3p778c~1.ins/gnuarm~1.ins/win/bin/../lib/gcc/arm-none-eabi/7.2.1/../../../../arm-none-eabi/lib/thumb/v7e-m/fpv4-sp/hard\libg.a(lib_a-stdio.o)
                0x00008244                __swrite
 .text.__sseek  0x00008280       0x20 c:/progra~3/matlab/suppor~1/r2020a/3p778c~1.ins/gnuarm~1.ins/win/bin/../lib/gcc/arm-none-eabi/7.2.1/../../../../arm-none-eabi/lib/thumb/v7e-m/fpv4-sp/hard\libg.a(lib_a-stdio.o)
                0x00008280                __sseek
 .text.__sclose
                0x000082a0        0x8 c:/progra~3/matlab/suppor~1/r2020a/3p778c~1.ins/gnuarm~1.ins/win/bin/../lib/gcc/arm-none-eabi/7.2.1/../../../../arm-none-eabi/lib/thumb/v7e-m/fpv4-sp/hard\libg.a(lib_a-stdio.o)
                0x000082a0                __sclose
 .text.__swbuf_r
                0x000082a8       0xb0 c:/progra~3/matlab/suppor~1/r2020a/3p778c~1.ins/gnuarm~1.ins/win/bin/../lib/gcc/arm-none-eabi/7.2.1/../../../../arm-none-eabi/lib/thumb/v7e-m/fpv4-sp/hard\libg.a(lib_a-wbuf.o)
                0x000082a8                __swbuf_r
 .text._wcrtomb_r
                0x00008358       0x50 c:/progra~3/matlab/suppor~1/r2020a/3p778c~1.ins/gnuarm~1.ins/win/bin/../lib/gcc/arm-none-eabi/7.2.1/../../../../arm-none-eabi/lib/thumb/v7e-m/fpv4-sp/hard\libg.a(lib_a-wcrtomb.o)
                0x00008358                _wcrtomb_r
 .text.__ascii_wctomb
                0x000083a8       0x1c c:/progra~3/matlab/suppor~1/r2020a/3p778c~1.ins/gnuarm~1.ins/win/bin/../lib/gcc/arm-none-eabi/7.2.1/../../../../arm-none-eabi/lib/thumb/v7e-m/fpv4-sp/hard\libg.a(lib_a-wctomb_r.o)
                0x000083a8                __ascii_wctomb
 .text._write_r
                0x000083c4       0x2c c:/progra~3/matlab/suppor~1/r2020a/3p778c~1.ins/gnuarm~1.ins/win/bin/../lib/gcc/arm-none-eabi/7.2.1/../../../../arm-none-eabi/lib/thumb/v7e-m/fpv4-sp/hard\libg.a(lib_a-writer.o)
                0x000083c4                _write_r
 .text._close_r
                0x000083f0       0x24 c:/progra~3/matlab/suppor~1/r2020a/3p778c~1.ins/gnuarm~1.ins/win/bin/../lib/gcc/arm-none-eabi/7.2.1/../../../../arm-none-eabi/lib/thumb/v7e-m/fpv4-sp/hard\libg.a(lib_a-closer.o)
                0x000083f0                _close_r
 .text._fclose_r
                0x00008414       0xd0 c:/progra~3/matlab/suppor~1/r2020a/3p778c~1.ins/gnuarm~1.ins/win/bin/../lib/gcc/arm-none-eabi/7.2.1/../../../../arm-none-eabi/lib/thumb/v7e-m/fpv4-sp/hard\libg.a(lib_a-fclose.o)
                0x00008414                _fclose_r
 .text._fstat_r
                0x000084e4       0x28 c:/progra~3/matlab/suppor~1/r2020a/3p778c~1.ins/gnuarm~1.ins/win/bin/../lib/gcc/arm-none-eabi/7.2.1/../../../../arm-none-eabi/lib/thumb/v7e-m/fpv4-sp/hard\libg.a(lib_a-fstatr.o)
                0x000084e4                _fstat_r
 .text._isatty_r
                0x0000850c       0x24 c:/progra~3/matlab/suppor~1/r2020a/3p778c~1.ins/gnuarm~1.ins/win/bin/../lib/gcc/arm-none-eabi/7.2.1/../../../../arm-none-eabi/lib/thumb/v7e-m/fpv4-sp/hard\libg.a(lib_a-isattyr.o)
                0x0000850c                _isatty_r
 .text._lseek_r
                0x00008530       0x2c c:/progra~3/matlab/suppor~1/r2020a/3p778c~1.ins/gnuarm~1.ins/win/bin/../lib/gcc/arm-none-eabi/7.2.1/../../../../arm-none-eabi/lib/thumb/v7e-m/fpv4-sp/hard\libg.a(lib_a-lseekr.o)
                0x00008530                _lseek_r
 .text._read_r  0x0000855c       0x2c c:/progra~3/matlab/suppor~1/r2020a/3p778c~1.ins/gnuarm~1.ins/win/bin/../lib/gcc/arm-none-eabi/7.2.1/../../../../arm-none-eabi/lib/thumb/v7e-m/fpv4-sp/hard\libg.a(lib_a-readr.o)
                0x0000855c                _read_r
 .text._close   0x00008588       0x10 c:/progra~3/matlab/suppor~1/r2020a/3p778c~1.ins/gnuarm~1.ins/win/bin/../lib/gcc/arm-none-eabi/7.2.1/../../../../arm-none-eabi/lib/thumb/v7e-m/fpv4-sp/hard\libnosys.a(close.o)
                0x00008588                _close
 .text._fstat   0x00008598       0x10 c:/progra~3/matlab/suppor~1/r2020a/3p778c~1.ins/gnuarm~1.ins/win/bin/../lib/gcc/arm-none-eabi/7.2.1/../../../../arm-none-eabi/lib/thumb/v7e-m/fpv4-sp/hard\libnosys.a(fstat.o)
                0x00008598                _fstat
 .text._getpid  0x000085a8       0x10 c:/progra~3/matlab/suppor~1/r2020a/3p778c~1.ins/gnuarm~1.ins/win/bin/../lib/gcc/arm-none-eabi/7.2.1/../../../../arm-none-eabi/lib/thumb/v7e-m/fpv4-sp/hard\libnosys.a(getpid.o)
                0x000085a8                _getpid
 .text._isatty  0x000085b8       0x10 c:/progra~3/matlab/suppor~1/r2020a/3p778c~1.ins/gnuarm~1.ins/win/bin/../lib/gcc/arm-none-eabi/7.2.1/../../../../arm-none-eabi/lib/thumb/v7e-m/fpv4-sp/hard\libnosys.a(isatty.o)
                0x000085b8                _isatty
 .text._kill    0x000085c8       0x10 c:/progra~3/matlab/suppor~1/r2020a/3p778c~1.ins/gnuarm~1.ins/win/bin/../lib/gcc/arm-none-eabi/7.2.1/../../../../arm-none-eabi/lib/thumb/v7e-m/fpv4-sp/hard\libnosys.a(kill.o)
                0x000085c8                _kill
 .text._lseek   0x000085d8       0x10 c:/progra~3/matlab/suppor~1/r2020a/3p778c~1.ins/gnuarm~1.ins/win/bin/../lib/gcc/arm-none-eabi/7.2.1/../../../../arm-none-eabi/lib/thumb/v7e-m/fpv4-sp/hard\libnosys.a(lseek.o)
                0x000085d8                _lseek
 .text._read    0x000085e8       0x10 c:/progra~3/matlab/suppor~1/r2020a/3p778c~1.ins/gnuarm~1.ins/win/bin/../lib/gcc/arm-none-eabi/7.2.1/../../../../arm-none-eabi/lib/thumb/v7e-m/fpv4-sp/hard\libnosys.a(read.o)
                0x000085e8                _read
 .text._write   0x000085f8       0x10 c:/progra~3/matlab/suppor~1/r2020a/3p778c~1.ins/gnuarm~1.ins/win/bin/../lib/gcc/arm-none-eabi/7.2.1/../../../../arm-none-eabi/lib/thumb/v7e-m/fpv4-sp/hard\libnosys.a(write.o)
                0x000085f8                _write
 .text._exit    0x00008608        0x4 c:/progra~3/matlab/suppor~1/r2020a/3p778c~1.ins/gnuarm~1.ins/win/bin/../lib/gcc/arm-none-eabi/7.2.1/../../../../arm-none-eabi/lib/thumb/v7e-m/fpv4-sp/hard\libnosys.a(_exit.o)
                0x00008608                _exit
 *(.rodata)
 .rodata        0x0000860c       0x5c board.o
 *(.rodata*)
 .rodata.os_maxtaskrun
                0x00008668        0x2 RTX_Conf_CM.o
                0x00008668                os_maxtaskrun
 *fill*         0x0000866a        0x2 
 .rodata.os_stackinfo
                0x0000866c        0x4 RTX_Conf_CM.o
                0x0000866c                os_stackinfo
 .rodata.os_trv
                0x00008670        0x4 RTX_Conf_CM.o
                0x00008670                os_trv
 .rodata.os_flags
                0x00008674        0x1 RTX_Conf_CM.o
                0x00008674                os_flags
 *fill*         0x00008675        0x3 
 .rodata.os_clockrate
                0x00008678        0x4 RTX_Conf_CM.o
                0x00008678                os_clockrate
 .rodata.mp_tcb_size
                0x0000867c        0x2 RTX_Conf_CM.o
                0x0000867c                mp_tcb_size
 *fill*         0x0000867e        0x2 
 .rodata.mp_stk_size
                0x00008680        0x4 RTX_Conf_CM.o
                0x00008680                mp_stk_size
 .rodata.os_stack_sz
                0x00008684        0x4 RTX_Conf_CM.o
                0x00008684                os_stack_sz
 .rodata.os_fifo_size
                0x00008688        0x1 RTX_Conf_CM.o
                0x00008688                os_fifo_size
 *fill*         0x00008689        0x3 
 .rodata.os_thread_def_osTimerThread
                0x0000868c       0x10 RTX_Conf_CM.o
                0x0000868c                os_thread_def_osTimerThread
 .rodata.os_messageQ_def_osTimerMessageQ
                0x0000869c        0x8 RTX_Conf_CM.o
                0x0000869c                os_messageQ_def_osTimerMessageQ
 .rodata.mp_tmr_size
                0x000086a4        0x2 RTX_Conf_CM.o
                0x000086a4                mp_tmr_size
 *fill*         0x000086a6        0x2 
 .rodata.os_thread_def_main
                0x000086a8       0x10 RTX_Conf_CM.o
                0x000086a8                os_thread_def_main
 .rodata.g_defaultClockConfigRun
                0x000086b8       0x16 board.o
                0x000086b8                g_defaultClockConfigRun
 *fill*         0x000086ce        0x2 
 .rodata.__func__.7439
                0x000086d0       0x14 board.o
 .rodata.led_model_M
                0x000086e4        0x4 led_model.o
                0x000086e4                led_model_M
 .rodata.OSA_SemaCreate.str1.1
                0x000086e8       0x50 C:/ProgramData/MATLAB/SupportPackages/R2020a/toolbox/target/supportpackages/freedomk64f/src/ksdk_armgcc_lib/bm/libksdk_platform.a(fsl_os_abstraction_bm.o)
 .rodata.__func__.9217
                0x00008738        0xd C:/ProgramData/MATLAB/SupportPackages/R2020a/toolbox/target/supportpackages/freedomk64f/src/ksdk_armgcc_lib/bm/libksdk_platform.a(fsl_os_abstraction_bm.o)
 .rodata.CLOCK_SYS_Init.str1.1
                0x00008745       0x7d C:/ProgramData/MATLAB/SupportPackages/R2020a/toolbox/target/supportpackages/freedomk64f/src/ksdk_armgcc_lib/bm/libksdk_platform.a(fsl_clock_manager.o)
 .rodata.CLOCK_SYS_OscDeinit.str1.1
                0x000087c2       0x1e C:/ProgramData/MATLAB/SupportPackages/R2020a/toolbox/target/supportpackages/freedomk64f/src/ksdk_armgcc_lib/bm/libksdk_platform.a(fsl_clock_manager.o)
 .rodata.CLOCK_SYS_RtcOscInit.str1.1
                0x000087e0       0x1e C:/ProgramData/MATLAB/SupportPackages/R2020a/toolbox/target/supportpackages/freedomk64f/src/ksdk_armgcc_lib/bm/libksdk_platform.a(fsl_clock_manager.o)
 .rodata.__func__.9313
                0x000087fe       0x12 C:/ProgramData/MATLAB/SupportPackages/R2020a/toolbox/target/supportpackages/freedomk64f/src/ksdk_armgcc_lib/bm/libksdk_platform.a(fsl_clock_manager.o)
 .rodata.__func__.9330
                0x00008810       0x15 C:/ProgramData/MATLAB/SupportPackages/R2020a/toolbox/target/supportpackages/freedomk64f/src/ksdk_armgcc_lib/bm/libksdk_platform.a(fsl_clock_manager.o)
 *fill*         0x00008825        0x3 
 .rodata.g_oscBase
                0x00008828        0x4 C:/ProgramData/MATLAB/SupportPackages/R2020a/toolbox/target/supportpackages/freedomk64f/src/ksdk_armgcc_lib/bm/libksdk_platform.a(fsl_clock_manager_common.o)
                0x00008828                g_oscBase
 .rodata.CLOCK_SYS_EnablePortClock.str1.1
                0x0000882c       0x3a C:/ProgramData/MATLAB/SupportPackages/R2020a/toolbox/target/supportpackages/freedomk64f/src/ksdk_armgcc_lib/bm/libksdk_platform.a(fsl_clock_MK64F12.o)
 .rodata.CLOCK_SYS_SetConfiguration.str1.1
                0x00008866       0x67 C:/ProgramData/MATLAB/SupportPackages/R2020a/toolbox/target/supportpackages/freedomk64f/src/ksdk_armgcc_lib/bm/libksdk_platform.a(fsl_clock_MK64F12.o)
 .rodata.__func__.8927
                0x000088cd       0x1b C:/ProgramData/MATLAB/SupportPackages/R2020a/toolbox/target/supportpackages/freedomk64f/src/ksdk_armgcc_lib/bm/libksdk_platform.a(fsl_clock_MK64F12.o)
 .rodata.__func__.9082
                0x000088e8       0x1a C:/ProgramData/MATLAB/SupportPackages/R2020a/toolbox/target/supportpackages/freedomk64f/src/ksdk_armgcc_lib/bm/libksdk_platform.a(fsl_clock_MK64F12.o)
 .rodata.portGateTable
                0x00008902        0x5 C:/ProgramData/MATLAB/SupportPackages/R2020a/toolbox/target/supportpackages/freedomk64f/src/ksdk_armgcc_lib/bm/libksdk_platform.a(fsl_clock_MK64F12.o)
 *fill*         0x00008907        0x1 
 .rodata.g_edmaBase
                0x00008908        0x4 C:/ProgramData/MATLAB/SupportPackages/R2020a/toolbox/target/supportpackages/freedomk64f/src/ksdk_armgcc_lib/bm/libksdk_platform.a(fsl_edma_common.o)
                0x00008908                g_edmaBase
 .rodata.GPIO_DRV_InputPinInit.str1.1
                0x0000890c       0x88 C:/ProgramData/MATLAB/SupportPackages/R2020a/toolbox/target/supportpackages/freedomk64f/src/ksdk_armgcc_lib/bm/libksdk_platform.a(fsl_gpio_driver.o)
 .rodata.PORT_HAL_SetMuxMode.part.0.str1.1
                0x00008994       0x4c C:/ProgramData/MATLAB/SupportPackages/R2020a/toolbox/target/supportpackages/freedomk64f/src/ksdk_armgcc_lib/bm/libksdk_platform.a(fsl_gpio_driver.o)
 .rodata.__func__.7433
                0x000089e0       0x14 C:/ProgramData/MATLAB/SupportPackages/R2020a/toolbox/target/supportpackages/freedomk64f/src/ksdk_armgcc_lib/bm/libksdk_platform.a(fsl_gpio_driver.o)
 .rodata.__func__.9198
                0x000089f4       0x12 C:/ProgramData/MATLAB/SupportPackages/R2020a/toolbox/target/supportpackages/freedomk64f/src/ksdk_armgcc_lib/bm/libksdk_platform.a(fsl_gpio_driver.o)
 .rodata.fllFactorTable.7652
                0x00008a06       0x10 C:/ProgramData/MATLAB/SupportPackages/R2020a/toolbox/target/supportpackages/freedomk64f/src/ksdk_armgcc_lib/bm/libksdk_platform.a(fsl_mcg_hal.o)
 *fill*         0x00008a16        0x2 
 .rodata.g_rtcBase
                0x00008a18        0x4 C:/ProgramData/MATLAB/SupportPackages/R2020a/toolbox/target/supportpackages/freedomk64f/src/ksdk_armgcc_lib/bm/libksdk_platform.a(fsl_rtc_common.o)
                0x00008a18                g_rtcBase
 .rodata.UART_DRV_StartSendData.str1.1
                0x00008a1c       0x6d C:/ProgramData/MATLAB/SupportPackages/R2020a/toolbox/target/supportpackages/freedomk64f/src/ksdk_armgcc_lib/bm/libksdk_platform.a(fsl_uart_driver.o)
 .rodata.__func__.10002
                0x00008a89       0x1d C:/ProgramData/MATLAB/SupportPackages/R2020a/toolbox/target/supportpackages/freedomk64f/src/ksdk_armgcc_lib/bm/libksdk_platform.a(fsl_uart_driver.o)
 .rodata.__func__.9988
                0x00008aa6       0x1a C:/ProgramData/MATLAB/SupportPackages/R2020a/toolbox/target/supportpackages/freedomk64f/src/ksdk_armgcc_lib/bm/libksdk_platform.a(fsl_uart_driver.o)
 .rodata.GPIO_HAL_SetPinDir.str1.1
                0x00008ac0       0x50 C:/ProgramData/MATLAB/SupportPackages/R2020a/toolbox/target/supportpackages/freedomk64f/src/ksdk_armgcc_lib/bm/libksdk_platform.a(fsl_gpio_hal.o)
 .rodata.__func__.7431
                0x00008b10       0x13 C:/ProgramData/MATLAB/SupportPackages/R2020a/toolbox/target/supportpackages/freedomk64f/src/ksdk_armgcc_lib/bm/libksdk_platform.a(fsl_gpio_hal.o)
 .rodata.__func__.7437
                0x00008b23       0x18 C:/ProgramData/MATLAB/SupportPackages/R2020a/toolbox/target/supportpackages/freedomk64f/src/ksdk_armgcc_lib/bm/libksdk_platform.a(fsl_gpio_hal.o)
 *fill*         0x00008b3b        0x1 
 .rodata.g_gpioBase
                0x00008b3c       0x14 C:/ProgramData/MATLAB/SupportPackages/R2020a/toolbox/target/supportpackages/freedomk64f/src/ksdk_armgcc_lib/bm/libksdk_platform.a(fsl_gpio_common.o)
                0x00008b3c                g_gpioBase
 .rodata.g_portBase
                0x00008b50       0x14 C:/ProgramData/MATLAB/SupportPackages/R2020a/toolbox/target/supportpackages/freedomk64f/src/ksdk_armgcc_lib/bm/libksdk_platform.a(fsl_gpio_common.o)
                0x00008b50                g_portBase
 .rodata.g_portIrqId
                0x00008b64        0x5 C:/ProgramData/MATLAB/SupportPackages/R2020a/toolbox/target/supportpackages/freedomk64f/src/ksdk_armgcc_lib/bm/libksdk_platform.a(fsl_gpio_common.o)
                0x00008b64                g_portIrqId
 *fill*         0x00008b69        0x3 
 .rodata.g_uartBase
                0x00008b6c       0x18 C:/ProgramData/MATLAB/SupportPackages/R2020a/toolbox/target/supportpackages/freedomk64f/src/ksdk_armgcc_lib/bm/libksdk_platform.a(fsl_uart_common.o)
                0x00008b6c                g_uartBase
 .rodata.__assert_func.str1.4
                0x00008b84       0x3f c:/progra~3/matlab/suppor~1/r2020a/3p778c~1.ins/gnuarm~1.ins/win/bin/../lib/gcc/arm-none-eabi/7.2.1/../../../../arm-none-eabi/lib/thumb/v7e-m/fpv4-sp/hard\libg.a(lib_a-assert.o)
                                 0x43 (size before relaxing)
 *fill*         0x00008bc3        0x1 
 .rodata._global_impure_ptr
                0x00008bc4        0x4 c:/progra~3/matlab/suppor~1/r2020a/3p778c~1.ins/gnuarm~1.ins/win/bin/../lib/gcc/arm-none-eabi/7.2.1/../../../../arm-none-eabi/lib/thumb/v7e-m/fpv4-sp/hard\libg.a(lib_a-impure.o)
                0x00008bc4                _global_impure_ptr
 .rodata._vfiprintf_r.str1.4
                0x00008bc8       0x2f c:/progra~3/matlab/suppor~1/r2020a/3p778c~1.ins/gnuarm~1.ins/win/bin/../lib/gcc/arm-none-eabi/7.2.1/../../../../arm-none-eabi/lib/thumb/v7e-m/fpv4-sp/hard\libg.a(lib_a-vfiprintf.o)
 *fill*         0x00008bf7        0x1 
 .rodata.blanks.8545
                0x00008bf8       0x10 c:/progra~3/matlab/suppor~1/r2020a/3p778c~1.ins/gnuarm~1.ins/win/bin/../lib/gcc/arm-none-eabi/7.2.1/../../../../arm-none-eabi/lib/thumb/v7e-m/fpv4-sp/hard\libg.a(lib_a-vfiprintf.o)
 .rodata.zeroes.8546
                0x00008c08       0x10 c:/progra~3/matlab/suppor~1/r2020a/3p778c~1.ins/gnuarm~1.ins/win/bin/../lib/gcc/arm-none-eabi/7.2.1/../../../../arm-none-eabi/lib/thumb/v7e-m/fpv4-sp/hard\libg.a(lib_a-vfiprintf.o)
 .rodata._setlocale_r.str1.4
                0x00008c18        0xa c:/progra~3/matlab/suppor~1/r2020a/3p778c~1.ins/gnuarm~1.ins/win/bin/../lib/gcc/arm-none-eabi/7.2.1/../../../../arm-none-eabi/lib/thumb/v7e-m/fpv4-sp/hard\libg.a(lib_a-locale.o)
                                  0xd (size before relaxing)
 *fill*         0x00008c22        0x2 
 .rodata.str1.4
                0x00008c24        0x4 c:/progra~3/matlab/suppor~1/r2020a/3p778c~1.ins/gnuarm~1.ins/win/bin/../lib/gcc/arm-none-eabi/7.2.1/../../../../arm-none-eabi/lib/thumb/v7e-m/fpv4-sp/hard\libg.a(lib_a-locale.o)
                                  0x2 (size before relaxing)
 .rodata._ctype_
                0x00008c28      0x101 c:/progra~3/matlab/suppor~1/r2020a/3p778c~1.ins/gnuarm~1.ins/win/bin/../lib/gcc/arm-none-eabi/7.2.1/../../../../arm-none-eabi/lib/thumb/v7e-m/fpv4-sp/hard\libg.a(lib_a-ctype_.o)
                0x00008c28                _ctype_
 *(.glue_7)
 .glue_7        0x00008d29        0x0 linker stubs
 *(.glue_7t)
 .glue_7t       0x00008d29        0x0 linker stubs
 *(.eh_frame)
 *fill*         0x00008d29        0x3 
 .eh_frame      0x00008d2c        0x0 c:/progra~3/matlab/suppor~1/r2020a/3p778c~1.ins/gnuarm~1.ins/win/bin/../lib/gcc/arm-none-eabi/7.2.1/thumb/v7e-m/fpv4-sp/hard/crtbegin.o
 *(.init)
 .init          0x00008d2c        0x4 c:/progra~3/matlab/suppor~1/r2020a/3p778c~1.ins/gnuarm~1.ins/win/bin/../lib/gcc/arm-none-eabi/7.2.1/thumb/v7e-m/fpv4-sp/hard/crti.o
                0x00008d2c                _init
 .init          0x00008d30        0x8 c:/progra~3/matlab/suppor~1/r2020a/3p778c~1.ins/gnuarm~1.ins/win/bin/../lib/gcc/arm-none-eabi/7.2.1/thumb/v7e-m/fpv4-sp/hard/crtn.o
 *(.fini)
 .fini          0x00008d38        0x4 c:/progra~3/matlab/suppor~1/r2020a/3p778c~1.ins/gnuarm~1.ins/win/bin/../lib/gcc/arm-none-eabi/7.2.1/thumb/v7e-m/fpv4-sp/hard/crti.o
                0x00008d38                _fini